Archive member included to satisfy reference by file (symbol)

c:/st/stm32cubeide_1.9.0/stm32cubeide/plugins/com.st.stm32cube.ide.mcu.externaltools.gnu-tools-for-stm32.10.3-2021.10.win32_1.0.0.202111181127/tools/bin/../lib/gcc/arm-none-eabi/10.3.1/../../../../arm-none-eabi/lib/thumb/v7e-m+fp/hard\libc_nano.a(lib_a-errno.o)
                              ./Src/syscalls.o (__errno)
c:/st/stm32cubeide_1.9.0/stm32cubeide/plugins/com.st.stm32cube.ide.mcu.externaltools.gnu-tools-for-stm32.10.3-2021.10.win32_1.0.0.202111181127/tools/bin/../lib/gcc/arm-none-eabi/10.3.1/../../../../arm-none-eabi/lib/thumb/v7e-m+fp/hard\libc_nano.a(lib_a-exit.o)
                              c:/st/stm32cubeide_1.9.0/stm32cubeide/plugins/com.st.stm32cube.ide.mcu.externaltools.gnu-tools-for-stm32.10.3-2021.10.win32_1.0.0.202111181127/tools/bin/../lib/gcc/arm-none-eabi/10.3.1/../../../../arm-none-eabi/lib/thumb/v7e-m+fp/hard/crt0.o (exit)
c:/st/stm32cubeide_1.9.0/stm32cubeide/plugins/com.st.stm32cube.ide.mcu.externaltools.gnu-tools-for-stm32.10.3-2021.10.win32_1.0.0.202111181127/tools/bin/../lib/gcc/arm-none-eabi/10.3.1/../../../../arm-none-eabi/lib/thumb/v7e-m+fp/hard\libc_nano.a(lib_a-impure.o)
                              c:/st/stm32cubeide_1.9.0/stm32cubeide/plugins/com.st.stm32cube.ide.mcu.externaltools.gnu-tools-for-stm32.10.3-2021.10.win32_1.0.0.202111181127/tools/bin/../lib/gcc/arm-none-eabi/10.3.1/../../../../arm-none-eabi/lib/thumb/v7e-m+fp/hard\libc_nano.a(lib_a-exit.o) (_global_impure_ptr)
c:/st/stm32cubeide_1.9.0/stm32cubeide/plugins/com.st.stm32cube.ide.mcu.externaltools.gnu-tools-for-stm32.10.3-2021.10.win32_1.0.0.202111181127/tools/bin/../lib/gcc/arm-none-eabi/10.3.1/../../../../arm-none-eabi/lib/thumb/v7e-m+fp/hard\libc_nano.a(lib_a-init.o)
                              c:/st/stm32cubeide_1.9.0/stm32cubeide/plugins/com.st.stm32cube.ide.mcu.externaltools.gnu-tools-for-stm32.10.3-2021.10.win32_1.0.0.202111181127/tools/bin/../lib/gcc/arm-none-eabi/10.3.1/../../../../arm-none-eabi/lib/thumb/v7e-m+fp/hard/crt0.o (__libc_init_array)
c:/st/stm32cubeide_1.9.0/stm32cubeide/plugins/com.st.stm32cube.ide.mcu.externaltools.gnu-tools-for-stm32.10.3-2021.10.win32_1.0.0.202111181127/tools/bin/../lib/gcc/arm-none-eabi/10.3.1/../../../../arm-none-eabi/lib/thumb/v7e-m+fp/hard\libc_nano.a(lib_a-memset.o)
                              c:/st/stm32cubeide_1.9.0/stm32cubeide/plugins/com.st.stm32cube.ide.mcu.externaltools.gnu-tools-for-stm32.10.3-2021.10.win32_1.0.0.202111181127/tools/bin/../lib/gcc/arm-none-eabi/10.3.1/../../../../arm-none-eabi/lib/thumb/v7e-m+fp/hard/crt0.o (memset)
c:/st/stm32cubeide_1.9.0/stm32cubeide/plugins/com.st.stm32cube.ide.mcu.externaltools.gnu-tools-for-stm32.10.3-2021.10.win32_1.0.0.202111181127/tools/bin/../lib/gcc/arm-none-eabi/10.3.1/../../../../arm-none-eabi/lib/thumb/v7e-m+fp/hard\libc_nano.a(lib_a-printf.o)
                              ./Src/ansi.o (printf)
c:/st/stm32cubeide_1.9.0/stm32cubeide/plugins/com.st.stm32cube.ide.mcu.externaltools.gnu-tools-for-stm32.10.3-2021.10.win32_1.0.0.202111181127/tools/bin/../lib/gcc/arm-none-eabi/10.3.1/../../../../arm-none-eabi/lib/thumb/v7e-m+fp/hard\libc_nano.a(lib_a-putchar.o)
                              ./Src/Bullets.o (putchar)
c:/st/stm32cubeide_1.9.0/stm32cubeide/plugins/com.st.stm32cube.ide.mcu.externaltools.gnu-tools-for-stm32.10.3-2021.10.win32_1.0.0.202111181127/tools/bin/../lib/gcc/arm-none-eabi/10.3.1/../../../../arm-none-eabi/lib/thumb/v7e-m+fp/hard\libc_nano.a(lib_a-setbuf.o)
                              ./Src/30010_io.o (setbuf)
c:/st/stm32cubeide_1.9.0/stm32cubeide/plugins/com.st.stm32cube.ide.mcu.externaltools.gnu-tools-for-stm32.10.3-2021.10.win32_1.0.0.202111181127/tools/bin/../lib/gcc/arm-none-eabi/10.3.1/../../../../arm-none-eabi/lib/thumb/v7e-m+fp/hard\libc_nano.a(lib_a-setvbuf.o)
                              c:/st/stm32cubeide_1.9.0/stm32cubeide/plugins/com.st.stm32cube.ide.mcu.externaltools.gnu-tools-for-stm32.10.3-2021.10.win32_1.0.0.202111181127/tools/bin/../lib/gcc/arm-none-eabi/10.3.1/../../../../arm-none-eabi/lib/thumb/v7e-m+fp/hard\libc_nano.a(lib_a-setbuf.o) (setvbuf)
c:/st/stm32cubeide_1.9.0/stm32cubeide/plugins/com.st.stm32cube.ide.mcu.externaltools.gnu-tools-for-stm32.10.3-2021.10.win32_1.0.0.202111181127/tools/bin/../lib/gcc/arm-none-eabi/10.3.1/../../../../arm-none-eabi/lib/thumb/v7e-m+fp/hard\libc_nano.a(lib_a-sprintf.o)
                              ./Src/lcd.o (sprintf)
c:/st/stm32cubeide_1.9.0/stm32cubeide/plugins/com.st.stm32cube.ide.mcu.externaltools.gnu-tools-for-stm32.10.3-2021.10.win32_1.0.0.202111181127/tools/bin/../lib/gcc/arm-none-eabi/10.3.1/../../../../arm-none-eabi/lib/thumb/v7e-m+fp/hard\libc_nano.a(lib_a-strlen.o)
                              ./Src/lcd.o (strlen)
[...]
Memory Configuration

Name             Origin             Length             Attributes
RAM              0x0000000020000000 0x0000000000004000 xrw
ROM              0x0000000008000000 0x0000000000010000 xr
*default*        0x0000000000000000 0xffffffffffffffff

Linker script and memory map

LOAD c:/st/stm32cubeide_1.9.0/stm32cubeide/plugins/com.st.stm32cube.ide.mcu.externaltools.gnu-tools-for-stm32.10.3-2021.10.win32_1.0.0.202111181127/tools/bin/../lib/gcc/arm-none-eabi/10.3.1/thumb/v7e-m+fp/hard/crti.o
LOAD c:/st/stm32cubeide_1.9.0/stm32cubeide/plugins/com.st.stm32cube.ide.mcu.externaltools.gnu-tools-for-stm32.10.3-2021.10.win32_1.0.0.202111181127/tools/bin/../lib/gcc/arm-none-eabi/10.3.1/thumb/v7e-m+fp/hard/crtbegin.o
LOAD c:/st/stm32cubeide_1.9.0/stm32cubeide/plugins/com.st.stm32cube.ide.mcu.externaltools.gnu-tools-for-stm32.10.3-2021.10.win32_1.0.0.202111181127/tools/bin/../lib/gcc/arm-none-eabi/10.3.1/../../../../arm-none-eabi/lib/thumb/v7e-m+fp/hard/crt0.o
LOAD ./SPL/src/stm32f30x_adc.o
LOAD ./SPL/src/stm32f30x_can.o
LOAD ./SPL/src/stm32f30x_comp.o
LOAD ./SPL/src/stm32f30x_crc.o
LOAD ./SPL/src/stm32f30x_dac.o
LOAD ./SPL/src/stm32f30x_dbgmcu.o
LOAD ./SPL/src/stm32f30x_dma.o
LOAD ./SPL/src/stm32f30x_exti.o
LOAD ./SPL/src/stm32f30x_flash.o
LOAD ./SPL/src/stm32f30x_gpio.o
LOAD ./SPL/src/stm32f30x_i2c.o
LOAD ./SPL/src/stm32f30x_iwdg.o
LOAD ./SPL/src/stm32f30x_misc.o
LOAD ./SPL/src/stm32f30x_opamp.o
LOAD ./SPL/src/stm32f30x_pwr.o
LOAD ./SPL/src/stm32f30x_rcc.o
LOAD ./SPL/src/stm32f30x_rtc.o
LOAD ./SPL/src/stm32f30x_spi.o
LOAD ./SPL/src/stm32f30x_syscfg.o
LOAD ./SPL/src/stm32f30x_tim.o
LOAD ./SPL/src/stm32f30x_usart.o
LOAD ./SPL/src/stm32f30x_wwdg.o
LOAD ./Src/30010_io.o
LOAD ./Src/Bullets.o
LOAD ./Src/PCBJoystick.o
LOAD ./Src/analog.o
LOAD ./Src/ansi.o
LOAD ./Src/buzz.o
LOAD ./Src/config.o
LOAD ./Src/enemy.o
LOAD ./Src/gameBoard.o
LOAD ./Src/include.o
LOAD ./Src/lcd.o
LOAD ./Src/letters.o
LOAD ./Src/main.o
LOAD ./Src/math.o
LOAD ./Src/player.o
LOAD ./Src/sets.o
LOAD ./Src/sinlut.o
LOAD ./Src/sprite.o
LOAD ./Src/syscalls.o
LOAD ./Src/sysmem.o
LOAD ./Src/system_stm32f30x.o
LOAD ./Src/timer.o
LOAD ./Startup/startup_stm32f302r8tx.o
START GROUP
LOAD c:/st/stm32cubeide_1.9.0/stm32cubeide/plugins/com.st.stm32cube.ide.mcu.externaltools.gnu-tools-for-stm32.10.3-2021.10.win32_1.0.0.202111181127/tools/bin/../lib/gcc/arm-none-eabi/10.3.1/../../../../arm-none-eabi/lib/thumb/v7e-m+fp/hard\libc_nano.a
LOAD c:/st/stm32cubeide_1.9.0/stm32cubeide/plugins/com.st.stm32cube.ide.mcu.externaltools.gnu-tools-for-stm32.10.3-2021.10.win32_1.0.0.202111181127/tools/bin/../lib/gcc/arm-none-eabi/10.3.1/../../../../arm-none-eabi/lib/thumb/v7e-m+fp/hard\libm.a
END GROUP
START GROUP
LOAD c:/st/stm32cubeide_1.9.0/stm32cubeide/plugins/com.st.stm32cube.ide.mcu.externaltools.gnu-tools-for-stm32.10.3-2021.10.win32_1.0.0.202111181127/tools/bin/../lib/gcc/arm-none-eabi/10.3.1/thumb/v7e-m+fp/hard\libgcc.a
LOAD c:/st/stm32cubeide_1.9.0/stm32cubeide/plugins/com.st.stm32cube.ide.mcu.externaltools.gnu-tools-for-stm32.10.3-2021.10.win32_1.0.0.202111181127/tools/bin/../lib/gcc/arm-none-eabi/10.3.1/../../../../arm-none-eabi/lib/thumb/v7e-m+fp/hard\libc_nano.a
END GROUP
START GROUP
LOAD c:/st/stm32cubeide_1.9.0/stm32cubeide/plugins/com.st.stm32cube.ide.mcu.externaltools.gnu-tools-for-stm32.10.3-2021.10.win32_1.0.0.202111181127/tools/bin/../lib/gcc/arm-none-eabi/10.3.1/thumb/v7e-m+fp/hard\libgcc.a
LOAD c:/st/stm32cubeide_1.9.0/stm32cubeide/plugins/com.st.stm32cube.ide.mcu.externaltools.gnu-tools-for-stm32.10.3-2021.10.win32_1.0.0.202111181127/tools/bin/../lib/gcc/arm-none-eabi/10.3.1/../../../../arm-none-eabi/lib/thumb/v7e-m+fp/hard\libc_nano.a
LOAD c:/st/stm32cubeide_1.9.0/stm32cubeide/plugins/com.st.stm32cube.ide.mcu.externaltools.gnu-tools-for-stm32.10.3-2021.10.win32_1.0.0.202111181127/tools/bin/../lib/gcc/arm-none-eabi/10.3.1/../../../../arm-none-eabi/lib/thumb/v7e-m+fp/hard\libnosys.a
END GROUP
START GROUP
LOAD c:/st/stm32cubeide_1.9.0/stm32cubeide/plugins/com.st.stm32cube.ide.mcu.externaltools.gnu-tools-for-stm32.10.3-2021.10.win32_1.0.0.202111181127/tools/bin/../lib/gcc/arm-none-eabi/10.3.1/thumb/v7e-m+fp/hard\libgcc.a
LOAD c:/st/stm32cubeide_1.9.0/stm32cubeide/plugins/com.st.stm32cube.ide.mcu.externaltools.gnu-tools-for-stm32.10.3-2021.10.win32_1.0.0.202111181127/tools/bin/../lib/gcc/arm-none-eabi/10.3.1/../../../../arm-none-eabi/lib/thumb/v7e-m+fp/hard\libc_nano.a
LOAD c:/st/stm32cubeide_1.9.0/stm32cubeide/plugins/com.st.stm32cube.ide.mcu.externaltools.gnu-tools-for-stm32.10.3-2021.10.win32_1.0.0.202111181127/tools/bin/../lib/gcc/arm-none-eabi/10.3.1/../../../../arm-none-eabi/lib/thumb/v7e-m+fp/hard\libnosys.a
END GROUP
LOAD c:/st/stm32cubeide_1.9.0/stm32cubeide/plugins/com.st.stm32cube.ide.mcu.externaltools.gnu-tools-for-stm32.10.3-2021.10.win32_1.0.0.202111181127/tools/bin/../lib/gcc/arm-none-eabi/10.3.1/thumb/v7e-m+fp/hard/crtend.o
LOAD c:/st/stm32cubeide_1.9.0/stm32cubeide/plugins/com.st.stm32cube.ide.mcu.externaltools.gnu-tools-for-stm32.10.3-2021.10.win32_1.0.0.202111181127/tools/bin/../lib/gcc/arm-none-eabi/10.3.1/thumb/v7e-m+fp/hard/crtn.o
                0x0000000020004000                _estack = (ORIGIN (RAM) + LENGTH (RAM))
                0x0000000000000200                _Min_Heap_Size = 0x200
                0x0000000000000400                _Min_Stack_Size = 0x400

.isr_vector     0x0000000008000000      0x188
                0x0000000008000000                . = ALIGN (0x4)
 *(.isr_vector)
 .isr_vector    0x0000000008000000      0x188 ./Startup/startup_stm32f302r8tx.o
                0x0000000008000000                g_pfnVectors
                0x0000000008000188                . = ALIGN (0x4)

.text           0x0000000008000190     0x4a9c
                0x0000000008000190                . = ALIGN (0x4)
 *(.text)
 .text          0x0000000008000190       0x40 c:/st/stm32cubeide_1.9.0/stm32cubeide/plugins/com.st.stm32cube.ide.mcu.externaltools.gnu-tools-for-stm32.10.3-2021.10.win32_1.0.0.202111181127/tools/bin/../lib/gcc/arm-none-eabi/10.3.1/thumb/v7e-m+fp/hard/crtbegin.o
 .text          0x00000000080001d0       0x10 c:/st/stm32cubeide_1.9.0/stm32cubeide/plugins/com.st.stm32cube.ide.mcu.externaltools.gnu-tools-for-stm32.10.3-2021.10.win32_1.0.0.202111181127/tools/bin/../lib/gcc/arm-none-eabi/10.3.1/../../../../arm-none-eabi/lib/thumb/v7e-m+fp/hard\libc_nano.a(lib_a-strlen.o)
                0x00000000080001d0                strlen
 .text          0x00000000080001e0       0xa0 c:/st/stm32cubeide_1.9.0/stm32cubeide/plugins/com.st.stm32cube.ide.mcu.externaltools.gnu-tools-for-stm32.10.3-2021.10.win32_1.0.0.202111181127/tools/bin/../lib/gcc/arm-none-eabi/10.3.1/../../../../arm-none-eabi/lib/thumb/v7e-m+fp/hard\libc_nano.a(lib_a-memchr.o)
                0x00000000080001e0                memchr
 *(.text*)
 .text.ADC_RegularChannelConfig
                0x0000000008000280      0x1f0 ./SPL/src/stm32f30x_adc.o
                0x0000000008000280                ADC_RegularChannelConfig
 .text.ADC_StartConversion
                0x0000000008000470       0x20 ./SPL/src/stm32f30x_adc.o
                0x0000000008000470                ADC_StartConversion
 .text.ADC_GetConversionValue
                0x0000000008000490       0x1a ./SPL/src/stm32f30x_adc.o
                0x0000000008000490                ADC_GetConversionValue
 .text.ADC_GetFlagStatus
                0x00000000080004aa       0x32 ./SPL/src/stm32f30x_adc.o
                0x00000000080004aa                ADC_GetFlagStatus
 .text.RCC_GetClocksFreq
                0x00000000080004dc      0x428 ./SPL/src/stm32f30x_rcc.o
                0x00000000080004dc                RCC_GetClocksFreq
 .text.USART_SendData
                0x0000000008000904       0x24 ./SPL/src/stm32f30x_usart.o
                0x0000000008000904                USART_SendData
 .text.USART_ITConfig
                0x0000000008000928       0x84 ./SPL/src/stm32f30x_usart.o
                0x0000000008000928                USART_ITConfig
 .text.USART_GetFlagStatus
                0x00000000080009ac       0x32 ./SPL/src/stm32f30x_usart.o
                0x00000000080009ac                USART_GetFlagStatus
 *fill*         0x00000000080009de        0x2 
 .text.NVIC_EnableIRQ
                0x00000000080009e0       0x34 ./Src/30010_io.o
 .text.uart_put_char
                0x0000000008000a14       0x34 ./Src/30010_io.o
                0x0000000008000a14                uart_put_char
 .text._write_r
                0x0000000008000a48       0x4c ./Src/30010_io.o
                0x0000000008000a48                _write_r
 .text.uart_init
                0x0000000008000a94      0x234 ./Src/30010_io.o
                0x0000000008000a94                uart_init
 .text.initArrayBullets
                0x0000000008000cc8       0xbc ./Src/Bullets.o
                0x0000000008000cc8                initArrayBullets
 .text.bulletSpaceship
                0x0000000008000d84       0xe4 ./Src/Bullets.o
                0x0000000008000d84                bulletSpaceship
 .text.bulletEnemy
                0x0000000008000e68      0x14a ./Src/Bullets.o
                0x0000000008000e68                bulletEnemy
 .text.updateBulletFriendly
                0x0000000008000fb2      0x1d6 ./Src/Bullets.o
                0x0000000008000fb2                updateBulletFriendly
 .text.updateBulletEnemy
                0x0000000008001188      0x1ea ./Src/Bullets.o
                0x0000000008001188                updateBulletEnemy
 .text.bulletHitEnemy
                0x0000000008001372      0x29a ./Src/Bullets.o
                0x0000000008001372                bulletHitEnemy
 .text.adcRead  0x000000000800160c       0x5e ./Src/analog.o
                0x000000000800160c                adcRead
 *fill*         0x000000000800166a        0x2 
 .text.buttonRead
                0x000000000800166c       0x5c ./Src/analog.o
                0x000000000800166c                buttonRead
 .text.fgcolor  0x00000000080016c8       0x38 ./Src/ansi.o
                0x00000000080016c8                fgcolor
 .text.color    0x0000000008001700       0x48 ./Src/ansi.o
                0x0000000008001700                color
 .text.gotoxy   0x0000000008001748       0x24 ./Src/ansi.o
                0x0000000008001748                gotoxy
 .text.pinConfig
                0x000000000800176c      0x158 ./Src/config.o
                0x000000000800176c                pinConfig
 .text.adcConfig
                0x00000000080018c4       0xdc ./Src/config.o
                0x00000000080018c4                adcConfig
 .text.config   0x00000000080019a0       0x10 ./Src/config.o
                0x00000000080019a0                config
 .text.initArrayEnemy
                0x00000000080019b0       0x7a ./Src/enemy.o
                0x00000000080019b0                initArrayEnemy
 *fill*         0x0000000008001a2a        0x2 
 .text.createEnemy
                0x0000000008001a2c      0x1b4 ./Src/enemy.o
                0x0000000008001a2c                createEnemy
 .text.moveEnemy
                0x0000000008001be0       0xde ./Src/enemy.o
                0x0000000008001be0                moveEnemy
 .text.slideEnemy
                0x0000000008001cbe      0x2f0 ./Src/enemy.o
                0x0000000008001cbe                slideEnemy
 .text.makeBoard
                0x0000000008001fae       0xaa ./Src/gameBoard.o
                0x0000000008001fae                makeBoard
 .text.createScoreLCD
                0x0000000008002058       0x34 ./Src/lcd.o
                0x0000000008002058                createScoreLCD
 .text.lcd_write_string
                0x000000000800208c       0x84 ./Src/lcd.o
                0x000000000800208c                lcd_write_string
 .text.lcd_write_heart
                0x0000000008002110      0x100 ./Src/lcd.o
                0x0000000008002110                lcd_write_heart
 .text.TIM1_BRK_TIM15_IRQHandler
                0x0000000008002210       0x50 ./Src/main.o
                0x0000000008002210                TIM1_BRK_TIM15_IRQHandler
 .text.main     0x0000000008002260      0x1ec ./Src/main.o
                0x0000000008002260                main
 .text.createPlayer
                0x000000000800244c       0x2a ./Src/player.o
                0x000000000800244c                createPlayer
 .text.movePlayer
                0x0000000008002476       0x4e ./Src/player.o
                0x0000000008002476                movePlayer
 .text.shiftRight
                0x00000000080024c4      0x4a0 ./Src/player.o
                0x00000000080024c4                shiftRight
 .text.shiftLeft
                0x0000000008002964      0x4cc ./Src/player.o
                0x0000000008002964                shiftLeft
 .text.playerDraw
                0x0000000008002e30      0x184 ./Src/sprite.o
                0x0000000008002e30                playerDraw
 .text.enemyDraw
                0x0000000008002fb4      0x194 ./Src/sprite.o
                0x0000000008002fb4                enemyDraw
 .text.enemyRemove
                0x0000000008003148      0x104 ./Src/sprite.o
                0x0000000008003148                enemyRemove
 .text._read    0x000000000800324c       0x3a ./Src/syscalls.o
                0x000000000800324c                _read
 .text._close   0x0000000008003286       0x18 ./Src/syscalls.o
                0x0000000008003286                _close
 .text._fstat   0x000000000800329e       0x20 ./Src/syscalls.o
                0x000000000800329e                _fstat
 .text._isatty  0x00000000080032be       0x16 ./Src/syscalls.o
                0x00000000080032be                _isatty
 .text._lseek   0x00000000080032d4       0x1a ./Src/syscalls.o
                0x00000000080032d4                _lseek
 *fill*         0x00000000080032ee        0x2 
 .text._sbrk    0x00000000080032f0       0x58 ./Src/sysmem.o
                0x00000000080032f0                _sbrk
 .text.SystemInit
                0x0000000008003348       0x94 ./Src/system_stm32f30x.o
                0x0000000008003348                SystemInit
 .text.SetSysClock
                0x00000000080033dc       0x94 ./Src/system_stm32f30x.o
 .text.NVIC_EnableIRQ
                0x0000000008003470       0x34 ./Src/timer.o
 .text.NVIC_SetPriority
                0x00000000080034a4       0x54 ./Src/timer.o
 .text.clockInit
                0x00000000080034f8       0x5c ./Src/timer.o
                0x00000000080034f8                clockInit
 .text.clockCounter
                0x0000000008003554       0xf0 ./Src/timer.o
                0x0000000008003554                clockCounter
 .text.Reset_Handler
                0x0000000008003644       0x50 ./Startup/startup_stm32f302r8tx.o
                0x0000000008003644                Reset_Handler
 .text.Default_Handler
                0x0000000008003694        0x2 ./Startup/startup_stm32f302r8tx.o
                0x0000000008003694                TIM8_TRG_COM_IRQHandler
                0x0000000008003694                TIM8_CC_IRQHandler
                0x0000000008003694                DebugMon_Handler
                0x0000000008003694                DMA1_CH4_IRQHandler
                0x0000000008003694                TIM1_CC_IRQHandler
                0x0000000008003694                HardFault_Handler
                0x0000000008003694                USB_HP_IRQHandler
                0x0000000008003694                I2C2_EV_EXTI24_IRQHandler
                0x0000000008003694                SysTick_Handler
                0x0000000008003694                USB_WKUP_EXTI_IRQHandler
                0x0000000008003694                PVD_IRQHandler
                0x0000000008003694                UART4_EXTI34_IRQHandler
                0x0000000008003694                TAMP_STAMP_IRQHandler
                0x0000000008003694                PendSV_Handler
                0x0000000008003694                NMI_Handler
                0x0000000008003694                EXTI3_IRQHandler
                0x0000000008003694                TIM6_DACUNDER_IRQHandler
                0x0000000008003694                USB_HP_CAN_TX_IRQHandler
                0x0000000008003694                EXTI0_IRQHandler
                0x0000000008003694                DMA2_CH1_IRQHandler
                0x0000000008003694                FPU_IRQHandler
                0x0000000008003694                TIM1_UP_TIM16_IRQHandler
                0x0000000008003694                UsageFault_Handler
                0x0000000008003694                ADC1_2_IRQHandler
                0x0000000008003694                SPI1_IRQHandler
                0x0000000008003694                CAN_SCE_IRQHandler
                0x0000000008003694                DMA1_CH7_IRQHandler
                0x0000000008003694                TIM8_UP_IRQHandler
                0x0000000008003694                DMA1_CH6_IRQHandler
                0x0000000008003694                ADC3_IRQHandler
                0x0000000008003694                TIM4_IRQHandler
                0x0000000008003694                CAN_RX1_IRQHandler
                0x0000000008003694                USART1_EXTI25_IRQHandler
                0x0000000008003694                DMA2_CH5_IRQHandler
                0x0000000008003694                I2C1_EV_EXTI23_IRQHandler
                0x0000000008003694                DMA1_CH3_IRQHandler
                0x0000000008003694                TIM3_IRQHandler
                0x0000000008003694                RCC_IRQHandler
                0x0000000008003694                Default_Handler
                0x0000000008003694                EXTI15_10_IRQHandler
                0x0000000008003694                USART2_EXTI26_IRQHandler
                0x0000000008003694                USART3_EXTI28_IRQHandler
                0x0000000008003694                TIM7_IRQHandler
                0x0000000008003694                EXTI9_5_IRQHandler
                0x0000000008003694                DMA1_CH2_IRQHandler
                0x0000000008003694                RTC_WKUP_IRQHandler
                0x0000000008003694                SPI2_IRQHandler
                0x0000000008003694                DMA1_CH1_IRQHandler
                0x0000000008003694                USB_LP_CAN_RX0_IRQHandler
                0x0000000008003694                MemManage_Handler
                0x0000000008003694                SVC_Handler
                0x0000000008003694                USB_LP_IRQHandler
                0x0000000008003694                EXTI4_IRQHandler
                0x0000000008003694                TIM1_TRG_COM_TIM17_IRQHandler
                0x0000000008003694                ADC4_IRQHandler
                0x0000000008003694                WWDG_IRQHandler
                0x0000000008003694                TIM2_IRQHandler
                0x0000000008003694                EXTI1_IRQHandler
                0x0000000008003694                RTCAlarm_IRQHandler
                0x0000000008003694                UART5_EXTI35_IRQHandler
                0x0000000008003694                I2C2_ER_IRQHandler
                0x0000000008003694                TIM8_BRK_IRQHandler
                0x0000000008003694                FLASH_IRQHandler
                0x0000000008003694                BusFault_Handler
                0x0000000008003694                SPI3_IRQHandler
                0x0000000008003694                DMA2_CH3_IRQHandler
                0x0000000008003694                DMA2_CH2_IRQHandler
                0x0000000008003694                I2C1_ER_IRQHandler
                0x0000000008003694                FMC_IRQHandler
                0x0000000008003694                DMA1_CH5_IRQHandler
                0x0000000008003694                DMA2_CH4_IRQHandler
                0x0000000008003694                USB_WKUP_IRQHandler
                0x0000000008003694                EXTI2_TSC_IRQHandler
 *fill*         0x0000000008003696        0x2 
 .text.__errno  0x0000000008003698        0xc c:/st/stm32cubeide_1.9.0/stm32cubeide/plugins/com.st.stm32cube.ide.mcu.externaltools.gnu-tools-for-stm32.10.3-2021.10.win32_1.0.0.202111181127/tools/bin/../lib/gcc/arm-none-eabi/10.3.1/../../../../arm-none-eabi/lib/thumb/v7e-m+fp/hard\libc_nano.a(lib_a-errno.o)
                0x0000000008003698                __errno
 .text.__libc_init_array
                0x00000000080036a4       0x48 c:/st/stm32cubeide_1.9.0/stm32cubeide/plugins/com.st.stm32cube.ide.mcu.externaltools.gnu-tools-for-stm32.10.3-2021.10.win32_1.0.0.202111181127/tools/bin/../lib/gcc/arm-none-eabi/10.3.1/../../../../arm-none-eabi/lib/thumb/v7e-m+fp/hard\libc_nano.a(lib_a-init.o)
                0x00000000080036a4                __libc_init_array
 .text.memset   0x00000000080036ec       0x10 c:/st/stm32cubeide_1.9.0/stm32cubeide/plugins/com.st.stm32cube.ide.mcu.externaltools.gnu-tools-for-stm32.10.3-2021.10.win32_1.0.0.202111181127/tools/bin/../lib/gcc/arm-none-eabi/10.3.1/../../../../arm-none-eabi/lib/thumb/v7e-m+fp/hard\libc_nano.a(lib_a-memset.o)
                0x00000000080036ec                memset
 .text.printf   0x00000000080036fc       0x30 c:/st/stm32cubeide_1.9.0/stm32cubeide/plugins/com.st.stm32cube.ide.mcu.externaltools.gnu-tools-for-stm32.10.3-2021.10.win32_1.0.0.202111181127/tools/bin/../lib/gcc/arm-none-eabi/10.3.1/../../../../arm-none-eabi/lib/thumb/v7e-m+fp/hard\libc_nano.a(lib_a-printf.o)
                0x00000000080036fc                iprintf
                0x00000000080036fc                printf
 .text.putchar  0x000000000800372c       0x2c c:/st/stm32cubeide_1.9.0/stm32cubeide/plugins/com.st.stm32cube.ide.mcu.externaltools.gnu-tools-for-stm32.10.3-2021.10.win32_1.0.0.202111181127/tools/bin/../lib/gcc/arm-none-eabi/10.3.1/../../../../arm-none-eabi/lib/thumb/v7e-m+fp/hard\libc_nano.a(lib_a-putchar.o)
                0x000000000800372c                putchar
 .text.setbuf   0x0000000008003758       0x10 c:/st/stm32cubeide_1.9.0/stm32cubeide/plugins/com.st.stm32cube.ide.mcu.externaltools.gnu-tools-for-stm32.10.3-2021.10.win32_1.0.0.202111181127/tools/bin/../lib/gcc/arm-none-eabi/10.3.1/../../../../arm-none-eabi/lib/thumb/v7e-m+fp/hard\libc_nano.a(lib_a-setbuf.o)
                0x0000000008003758                setbuf
 .text.setvbuf  0x0000000008003768      0x18c c:/st/stm32cubeide_1.9.0/stm32cubeide/plugins/com.st.stm32cube.ide.mcu.externaltools.gnu-tools-for-stm32.10.3-2021.10.win32_1.0.0.202111181127/tools/bin/../lib/gcc/arm-none-eabi/10.3.1/../../../../arm-none-eabi/lib/thumb/v7e-m+fp/hard\libc_nano.a(lib_a-setvbuf.o)
                0x0000000008003768                setvbuf
 .text.sprintf  0x00000000080038f4       0x40 c:/st/stm32cubeide_1.9.0/stm32cubeide/plugins/com.st.stm32cube.ide.mcu.externaltools.gnu-tools-for-stm32.10.3-2021.10.win32_1.0.0.202111181127/tools/bin/../lib/gcc/arm-none-eabi/10.3.1/../../../../arm-none-eabi/lib/thumb/v7e-m+fp/hard\libc_nano.a(lib_a-sprintf.o)
                0x00000000080038f4                siprintf
                0x00000000080038f4                sprintf
 .text.__sflush_r
                0x0000000008003934      0x10c c:/st/stm32cubeide_1.9.0/stm32cubeide/plugins/com.st.stm32cube.ide.mcu.externaltools.gnu-tools-for-stm32.10.3-2021.10.win32_1.0.0.202111181127/tools/bin/../lib/gcc/arm-none-eabi/10.3.1/../../../../arm-none-eabi/lib/thumb/v7e-m+fp/hard\libc_nano.a(lib_a-fflush.o)
                0x0000000008003934                __sflush_r
 .text._fflush_r
                0x0000000008003a40       0x78 c:/st/stm32cubeide_1.9.0/stm32cubeide/plugins/com.st.stm32cube.ide.mcu.externaltools.gnu-tools-for-stm32.10.3-2021.10.win32_1.0.0.202111181127/tools/bin/../lib/gcc/arm-none-eabi/10.3.1/../../../../arm-none-eabi/lib/thumb/v7e-m+fp/hard\libc_nano.a(lib_a-fflush.o)
                0x0000000008003a40                _fflush_r
 .text.std      0x0000000008003ab8       0x48 c:/st/stm32cubeide_1.9.0/stm32cubeide/plugins/com.st.stm32cube.ide.mcu.externaltools.gnu-tools-for-stm32.10.3-2021.10.win32_1.0.0.202111181127/tools/bin/../lib/gcc/arm-none-eabi/10.3.1/../../../../arm-none-eabi/lib/thumb/v7e-m+fp/hard\libc_nano.a(lib_a-findfp.o)
 .text._cleanup_r
                0x0000000008003b00        0xc c:/st/stm32cubeide_1.9.0/stm32cubeide/plugins/com.st.stm32cube.ide.mcu.externaltools.gnu-tools-for-stm32.10.3-2021.10.win32_1.0.0.202111181127/tools/bin/../lib/gcc/arm-none-eabi/10.3.1/../../../../arm-none-eabi/lib/thumb/v7e-m+fp/hard\libc_nano.a(lib_a-findfp.o)
                0x0000000008003b00                _cleanup_r
 .text.__sfmoreglue
                0x0000000008003b0c       0x2c c:/st/stm32cubeide_1.9.0/stm32cubeide/plugins/com.st.stm32cube.ide.mcu.externaltools.gnu-tools-for-stm32.10.3-2021.10.win32_1.0.0.202111181127/tools/bin/../lib/gcc/arm-none-eabi/10.3.1/../../../../arm-none-eabi/lib/thumb/v7e-m+fp/hard\libc_nano.a(lib_a-findfp.o)
                0x0000000008003b0c                __sfmoreglue
 .text.__sfp_lock_acquire
                0x0000000008003b38        0xc c:/st/stm32cubeide_1.9.0/stm32cubeide/plugins/com.st.stm32cube.ide.mcu.externaltools.gnu-tools-for-stm32.10.3-2021.10.win32_1.0.0.202111181127/tools/bin/../lib/gcc/arm-none-eabi/10.3.1/../../../../arm-none-eabi/lib/thumb/v7e-m+fp/hard\libc_nano.a(lib_a-findfp.o)
                0x0000000008003b38                __sfp_lock_acquire
 .text.__sfp_lock_release
                0x0000000008003b44        0xc c:/st/stm32cubeide_1.9.0/stm32cubeide/plugins/com.st.stm32cube.ide.mcu.externaltools.gnu-tools-for-stm32.10.3-2021.10.win32_1.0.0.202111181127/tools/bin/../lib/gcc/arm-none-eabi/10.3.1/../../../../arm-none-eabi/lib/thumb/v7e-m+fp/hard\libc_nano.a(lib_a-findfp.o)
                0x0000000008003b44                __sfp_lock_release
 .text.__sinit_lock_acquire
                0x0000000008003b50        0xc c:/st/stm32cubeide_1.9.0/stm32cubeide/plugins/com.st.stm32cube.ide.mcu.externaltools.gnu-tools-for-stm32.10.3-2021.10.win32_1.0.0.202111181127/tools/bin/../lib/gcc/arm-none-eabi/10.3.1/../../../../arm-none-eabi/lib/thumb/v7e-m+fp/hard\libc_nano.a(lib_a-findfp.o)
                0x0000000008003b50                __sinit_lock_acquire
 .text.__sinit_lock_release
                0x0000000008003b5c        0xc c:/st/stm32cubeide_1.9.0/stm32cubeide/plugins/com.st.stm32cube.ide.mcu.externaltools.gnu-tools-for-stm32.10.3-2021.10.win32_1.0.0.202111181127/tools/bin/../lib/gcc/arm-none-eabi/10.3.1/../../../../arm-none-eabi/lib/thumb/v7e-m+fp/hard\libc_nano.a(lib_a-findfp.o)
                0x0000000008003b5c                __sinit_lock_release
 .text.__sinit  0x0000000008003b68       0x70 c:/st/stm32cubeide_1.9.0/stm32cubeide/plugins/com.st.stm32cube.ide.mcu.externaltools.gnu-tools-for-stm32.10.3-2021.10.win32_1.0.0.202111181127/tools/bin/../lib/gcc/arm-none-eabi/10.3.1/../../../../arm-none-eabi/lib/thumb/v7e-m+fp/hard\libc_nano.a(lib_a-findfp.o)
                0x0000000008003b68                __sinit
 .text.__sfp    0x0000000008003bd8       0x8c c:/st/stm32cubeide_1.9.0/stm32cubeide/plugins/com.st.stm32cube.ide.mcu.externaltools.gnu-tools-for-stm32.10.3-2021.10.win32_1.0.0.202111181127/tools/bin/../lib/gcc/arm-none-eabi/10.3.1/../../../../arm-none-eabi/lib/thumb/v7e-m+fp/hard\libc_nano.a(lib_a-findfp.o)
                0x0000000008003bd8                __sfp
 .text._fwalk_reent
                0x0000000008003c64       0x3e c:/st/stm32cubeide_1.9.0/stm32cubeide/plugins/com.st.stm32cube.ide.mcu.externaltools.gnu-tools-for-stm32.10.3-2021.10.win32_1.0.0.202111181127/tools/bin/../lib/gcc/arm-none-eabi/10.3.1/../../../../arm-none-eabi/lib/thumb/v7e-m+fp/hard\libc_nano.a(lib_a-fwalk.o)
                0x0000000008003c64                _fwalk_reent
 .text.__retarget_lock_init_recursive
                0x0000000008003ca2        0x2 c:/st/stm32cubeide_1.9.0/stm32cubeide/plugins/com.st.stm32cube.ide.mcu.externaltools.gnu-tools-for-stm32.10.3-2021.10.win32_1.0.0.202111181127/tools/bin/../lib/gcc/arm-none-eabi/10.3.1/../../../../arm-none-eabi/lib/thumb/v7e-m+fp/hard\libc_nano.a(lib_a-lock.o)
                0x0000000008003ca2                __retarget_lock_init_recursive
 .text.__retarget_lock_acquire_recursive
                0x0000000008003ca4        0x2 c:/st/stm32cubeide_1.9.0/stm32cubeide/plugins/com.st.stm32cube.ide.mcu.externaltools.gnu-tools-for-stm32.10.3-2021.10.win32_1.0.0.202111181127/tools/bin/../lib/gcc/arm-none-eabi/10.3.1/../../../../arm-none-eabi/lib/thumb/v7e-m+fp/hard\libc_nano.a(lib_a-lock.o)
                0x0000000008003ca4                __retarget_lock_acquire_recursive
 .text.__retarget_lock_release_recursive
                0x0000000008003ca6        0x2 c:/st/stm32cubeide_1.9.0/stm32cubeide/plugins/com.st.stm32cube.ide.mcu.externaltools.gnu-tools-for-stm32.10.3-2021.10.win32_1.0.0.202111181127/tools/bin/../lib/gcc/arm-none-eabi/10.3.1/../../../../arm-none-eabi/lib/thumb/v7e-m+fp/hard\libc_nano.a(lib_a-lock.o)
                0x0000000008003ca6                __retarget_lock_release_recursive
 .text.__swhatbuf_r
                0x0000000008003ca8       0x4a c:/st/stm32cubeide_1.9.0/stm32cubeide/plugins/com.st.stm32cube.ide.mcu.externaltools.gnu-tools-for-stm32.10.3-2021.10.win32_1.0.0.202111181127/tools/bin/../lib/gcc/arm-none-eabi/10.3.1/../../../../arm-none-eabi/lib/thumb/v7e-m+fp/hard\libc_nano.a(lib_a-makebuf.o)
                0x0000000008003ca8                __swhatbuf_r
 *fill*         0x0000000008003cf2        0x2 
 .text.__smakebuf_r
                0x0000000008003cf4       0x80 c:/st/stm32cubeide_1.9.0/stm32cubeide/plugins/com.st.stm32cube.ide.mcu.externaltools.gnu-tools-for-stm32.10.3-2021.10.win32_1.0.0.202111181127/tools/bin/../lib/gcc/arm-none-eabi/10.3.1/../../../../arm-none-eabi/lib/thumb/v7e-m+fp/hard\libc_nano.a(lib_a-makebuf.o)
                0x0000000008003cf4                __smakebuf_r
 .text.malloc   0x0000000008003d74       0x10 c:/st/stm32cubeide_1.9.0/stm32cubeide/plugins/com.st.stm32cube.ide.mcu.externaltools.gnu-tools-for-stm32.10.3-2021.10.win32_1.0.0.202111181127/tools/bin/../lib/gcc/arm-none-eabi/10.3.1/../../../../arm-none-eabi/lib/thumb/v7e-m+fp/hard\libc_nano.a(lib_a-malloc.o)
                0x0000000008003d74                malloc
 .text._free_r  0x0000000008003d84       0x98 c:/st/stm32cubeide_1.9.0/stm32cubeide/plugins/com.st.stm32cube.ide.mcu.externaltools.gnu-tools-for-stm32.10.3-2021.10.win32_1.0.0.202111181127/tools/bin/../lib/gcc/arm-none-eabi/10.3.1/../../../../arm-none-eabi/lib/thumb/v7e-m+fp/hard\libc_nano.a(lib_a-nano-freer.o)
                0x0000000008003d84                _free_r
 .text.sbrk_aligned
                0x0000000008003e1c       0x40 c:/st/stm32cubeide_1.9.0/stm32cubeide/plugins/com.st.stm32cube.ide.mcu.externaltools.gnu-tools-for-stm32.10.3-2021.10.win32_1.0.0.202111181127/tools/bin/../lib/gcc/arm-none-eabi/10.3.1/../../../../arm-none-eabi/lib/thumb/v7e-m+fp/hard\libc_nano.a(lib_a-nano-mallocr.o)
 .text._malloc_r
                0x0000000008003e5c       0xe8 c:/st/stm32cubeide_1.9.0/stm32cubeide/plugins/com.st.stm32cube.ide.mcu.externaltools.gnu-tools-for-stm32.10.3-2021.10.win32_1.0.0.202111181127/tools/bin/../lib/gcc/arm-none-eabi/10.3.1/../../../../arm-none-eabi/lib/thumb/v7e-m+fp/hard\libc_nano.a(lib_a-nano-mallocr.o)
                0x0000000008003e5c                _malloc_r
 .text.__ssputs_r
                0x0000000008003f44       0xb6 c:/st/stm32cubeide_1.9.0/stm32cubeide/plugins/com.st.stm32cube.ide.mcu.externaltools.gnu-tools-for-stm32.10.3-2021.10.win32_1.0.0.202111181127/tools/bin/../lib/gcc/arm-none-eabi/10.3.1/../../../../arm-none-eabi/lib/thumb/v7e-m+fp/hard\libc_nano.a(lib_a-nano-svfprintf.o)
                0x0000000008003f44                __ssputs_r
 *fill*         0x0000000008003ffa        0x2 
 .text._svfprintf_r
                0x0000000008003ffc      0x200 c:/st/stm32cubeide_1.9.0/stm32cubeide/plugins/com.st.stm32cube.ide.mcu.externaltools.gnu-tools-for-stm32.10.3-2021.10.win32_1.0.0.202111181127/tools/bin/../lib/gcc/arm-none-eabi/10.3.1/../../../../arm-none-eabi/lib/thumb/v7e-m+fp/hard\libc_nano.a(lib_a-nano-svfprintf.o)
                0x0000000008003ffc                _svfiprintf_r
                0x0000000008003ffc                _svfprintf_r
 .text.__sfputc_r
                0x00000000080041fc       0x2e c:/st/stm32cubeide_1.9.0/stm32cubeide/plugins/com.st.stm32cube.ide.mcu.externaltools.gnu-tools-for-stm32.10.3-2021.10.win32_1.0.0.202111181127/tools/bin/../lib/gcc/arm-none-eabi/10.3.1/../../../../arm-none-eabi/lib/thumb/v7e-m+fp/hard\libc_nano.a(lib_a-nano-vfprintf.o)
 .text.__sfputs_r
                0x000000000800422a       0x24 c:/st/stm32cubeide_1.9.0/stm32cubeide/plugins/com.st.stm32cube.ide.mcu.externaltools.gnu-tools-for-stm32.10.3-2021.10.win32_1.0.0.202111181127/tools/bin/../lib/gcc/arm-none-eabi/10.3.1/../../../../arm-none-eabi/lib/thumb/v7e-m+fp/hard\libc_nano.a(lib_a-nano-vfprintf.o)
                0x000000000800422a                __sfputs_r
 *fill*         0x000000000800424e        0x2 
 .text._vfprintf_r
                0x0000000008004250      0x260 c:/st/stm32cubeide_1.9.0/stm32cubeide/plugins/com.st.stm32cube.ide.mcu.externaltools.gnu-tools-for-stm32.10.3-2021.10.win32_1.0.0.202111181127/tools/bin/../lib/gcc/arm-none-eabi/10.3.1/../../../../arm-none-eabi/lib/thumb/v7e-m+fp/hard\libc_nano.a(lib_a-nano-vfprintf.o)
                0x0000000008004250                _vfprintf_r
                0x0000000008004250                _vfiprintf_r
 .text._printf_common
                0x00000000080044b0       0xda c:/st/stm32cubeide_1.9.0/stm32cubeide/plugins/com.st.stm32cube.ide.mcu.externaltools.gnu-tools-for-stm32.10.3-2021.10.win32_1.0.0.202111181127/tools/bin/../lib/gcc/arm-none-eabi/10.3.1/../../../../arm-none-eabi/lib/thumb/v7e-m+fp/hard\libc_nano.a(lib_a-nano-vfprintf_i.o)
                0x00000000080044b0                _printf_common
 *fill*         0x000000000800458a        0x2 
 .text._printf_i
                0x000000000800458c      0x24c c:/st/stm32cubeide_1.9.0/stm32cubeide/plugins/com.st.stm32cube.ide.mcu.externaltools.gnu-tools-for-stm32.10.3-2021.10.win32_1.0.0.202111181127/tools/bin/../lib/gcc/arm-none-eabi/10.3.1/../../../../arm-none-eabi/lib/thumb/v7e-m+fp/hard\libc_nano.a(lib_a-nano-vfprintf_i.o)
                0x000000000800458c                _printf_i
 .text._putc_r  0x00000000080047d8       0x90 c:/st/stm32cubeide_1.9.0/stm32cubeide/plugins/com.st.stm32cube.ide.mcu.externaltools.gnu-tools-for-stm32.10.3-2021.10.win32_1.0.0.202111181127/tools/bin/../lib/gcc/arm-none-eabi/10.3.1/../../../../arm-none-eabi/lib/thumb/v7e-m+fp/hard\libc_nano.a(lib_a-putc.o)
                0x00000000080047d8                _putc_r
 .text._sbrk_r  0x0000000008004868       0x20 c:/st/stm32cubeide_1.9.0/stm32cubeide/plugins/com.st.stm32cube.ide.mcu.externaltools.gnu-tools-for-stm32.10.3-2021.10.win32_1.0.0.202111181127/tools/bin/../lib/gcc/arm-none-eabi/10.3.1/../../../../arm-none-eabi/lib/thumb/v7e-m+fp/hard\libc_nano.a(lib_a-sbrkr.o)
                0x0000000008004868                _sbrk_r
 .text.__sread  0x0000000008004888       0x22 c:/st/stm32cubeide_1.9.0/stm32cubeide/plugins/com.st.stm32cube.ide.mcu.externaltools.gnu-tools-for-stm32.10.3-2021.10.win32_1.0.0.202111181127/tools/bin/../lib/gcc/arm-none-eabi/10.3.1/../../../../arm-none-eabi/lib/thumb/v7e-m+fp/hard\libc_nano.a(lib_a-stdio.o)
                0x0000000008004888                __sread
 .text.__swrite
                0x00000000080048aa       0x38 c:/st/stm32cubeide_1.9.0/stm32cubeide/plugins/com.st.stm32cube.ide.mcu.externaltools.gnu-tools-for-stm32.10.3-2021.10.win32_1.0.0.202111181127/tools/bin/../lib/gcc/arm-none-eabi/10.3.1/../../../../arm-none-eabi/lib/thumb/v7e-m+fp/hard\libc_nano.a(lib_a-stdio.o)
                0x00000000080048aa                __swrite
 .text.__sseek  0x00000000080048e2       0x24 c:/st/stm32cubeide_1.9.0/stm32cubeide/plugins/com.st.stm32cube.ide.mcu.externaltools.gnu-tools-for-stm32.10.3-2021.10.win32_1.0.0.202111181127/tools/bin/../lib/gcc/arm-none-eabi/10.3.1/../../../../arm-none-eabi/lib/thumb/v7e-m+fp/hard\libc_nano.a(lib_a-stdio.o)
                0x00000000080048e2                __sseek
 .text.__sclose
                0x0000000008004906        0x8 c:/st/stm32cubeide_1.9.0/stm32cubeide/plugins/com.st.stm32cube.ide.mcu.externaltools.gnu-tools-for-stm32.10.3-2021.10.win32_1.0.0.202111181127/tools/bin/../lib/gcc/arm-none-eabi/10.3.1/../../../../arm-none-eabi/lib/thumb/v7e-m+fp/hard\libc_nano.a(lib_a-stdio.o)
                0x0000000008004906                __sclose
 *fill*         0x000000000800490e        0x2 
 .text.__swbuf_r
                0x0000000008004910       0xa4 c:/st/stm32cubeide_1.9.0/stm32cubeide/plugins/com.st.stm32cube.ide.mcu.externaltools.gnu-tools-for-stm32.10.3-2021.10.win32_1.0.0.202111181127/tools/bin/../lib/gcc/arm-none-eabi/10.3.1/../../../../arm-none-eabi/lib/thumb/v7e-m+fp/hard\libc_nano.a(lib_a-wbuf.o)
                0x0000000008004910                __swbuf_r
 .text.__swsetup_r
                0x00000000080049b4       0xdc c:/st/stm32cubeide_1.9.0/stm32cubeide/plugins/com.st.stm32cube.ide.mcu.externaltools.gnu-tools-for-stm32.10.3-2021.10.win32_1.0.0.202111181127/tools/bin/../lib/gcc/arm-none-eabi/10.3.1/../../../../arm-none-eabi/lib/thumb/v7e-m+fp/hard\libc_nano.a(lib_a-wsetup.o)
                0x00000000080049b4                __swsetup_r
 .text._close_r
                0x0000000008004a90       0x20 c:/st/stm32cubeide_1.9.0/stm32cubeide/plugins/com.st.stm32cube.ide.mcu.externaltools.gnu-tools-for-stm32.10.3-2021.10.win32_1.0.0.202111181127/tools/bin/../lib/gcc/arm-none-eabi/10.3.1/../../../../arm-none-eabi/lib/thumb/v7e-m+fp/hard\libc_nano.a(lib_a-closer.o)
                0x0000000008004a90                _close_r
 .text._fstat_r
                0x0000000008004ab0       0x24 c:/st/stm32cubeide_1.9.0/stm32cubeide/plugins/com.st.stm32cube.ide.mcu.externaltools.gnu-tools-for-stm32.10.3-2021.10.win32_1.0.0.202111181127/tools/bin/../lib/gcc/arm-none-eabi/10.3.1/../../../../arm-none-eabi/lib/thumb/v7e-m+fp/hard\libc_nano.a(lib_a-fstatr.o)
                0x0000000008004ab0                _fstat_r
 .text._isatty_r
                0x0000000008004ad4       0x20 c:/st/stm32cubeide_1.9.0/stm32cubeide/plugins/com.st.stm32cube.ide.mcu.externaltools.gnu-tools-for-stm32.10.3-2021.10.win32_1.0.0.202111181127/tools/bin/../lib/gcc/arm-none-eabi/10.3.1/../../../../arm-none-eabi/lib/thumb/v7e-m+fp/hard\libc_nano.a(lib_a-isattyr.o)
                0x0000000008004ad4                _isatty_r
 .text._lseek_r
                0x0000000008004af4       0x24 c:/st/stm32cubeide_1.9.0/stm32cubeide/plugins/com.st.stm32cube.ide.mcu.externaltools.gnu-tools-for-stm32.10.3-2021.10.win32_1.0.0.202111181127/tools/bin/../lib/gcc/arm-none-eabi/10.3.1/../../../../arm-none-eabi/lib/thumb/v7e-m+fp/hard\libc_nano.a(lib_a-lseekr.o)
                0x0000000008004af4                _lseek_r
 .text.memcpy   0x0000000008004b18       0x1c c:/st/stm32cubeide_1.9.0/stm32cubeide/plugins/com.st.stm32cube.ide.mcu.externaltools.gnu-tools-for-stm32.10.3-2021.10.win32_1.0.0.202111181127/tools/bin/../lib/gcc/arm-none-eabi/10.3.1/../../../../arm-none-eabi/lib/thumb/v7e-m+fp/hard\libc_nano.a(lib_a-memcpy-stub.o)
                0x0000000008004b18                memcpy
 .text.memmove  0x0000000008004b34       0x34 c:/st/stm32cubeide_1.9.0/stm32cubeide/plugins/com.st.stm32cube.ide.mcu.externaltools.gnu-tools-for-stm32.10.3-2021.10.win32_1.0.0.202111181127/tools/bin/../lib/gcc/arm-none-eabi/10.3.1/../../../../arm-none-eabi/lib/thumb/v7e-m+fp/hard\libc_nano.a(lib_a-memmove.o)
                0x0000000008004b34                memmove
 .text.__malloc_lock
                0x0000000008004b68        0xc c:/st/stm32cubeide_1.9.0/stm32cubeide/plugins/com.st.stm32cube.ide.mcu.externaltools.gnu-tools-for-stm32.10.3-2021.10.win32_1.0.0.202111181127/tools/bin/../lib/gcc/arm-none-eabi/10.3.1/../../../../arm-none-eabi/lib/thumb/v7e-m+fp/hard\libc_nano.a(lib_a-mlock.o)
                0x0000000008004b68                __malloc_lock
 .text.__malloc_unlock
                0x0000000008004b74        0xc c:/st/stm32cubeide_1.9.0/stm32cubeide/plugins/com.st.stm32cube.ide.mcu.externaltools.gnu-tools-for-stm32.10.3-2021.10.win32_1.0.0.202111181127/tools/bin/../lib/gcc/arm-none-eabi/10.3.1/../../../../arm-none-eabi/lib/thumb/v7e-m+fp/hard\libc_nano.a(lib_a-mlock.o)
                0x0000000008004b74                __malloc_unlock
 .text._realloc_r
                0x0000000008004b80       0x5e c:/st/stm32cubeide_1.9.0/stm32cubeide/plugins/com.st.stm32cube.ide.mcu.externaltools.gnu-tools-for-stm32.10.3-2021.10.win32_1.0.0.202111181127/tools/bin/../lib/gcc/arm-none-eabi/10.3.1/../../../../arm-none-eabi/lib/thumb/v7e-m+fp/hard\libc_nano.a(lib_a-nano-reallocr.o)
                0x0000000008004b80                _realloc_r
 *fill*         0x0000000008004bde        0x2 
 .text._read_r  0x0000000008004be0       0x24 c:/st/stm32cubeide_1.9.0/stm32cubeide/plugins/com.st.stm32cube.ide.mcu.externaltools.gnu-tools-for-stm32.10.3-2021.10.win32_1.0.0.202111181127/tools/bin/../lib/gcc/arm-none-eabi/10.3.1/../../../../arm-none-eabi/lib/thumb/v7e-m+fp/hard\libc_nano.a(lib_a-readr.o)
                0x0000000008004be0                _read_r
 .text._malloc_usable_size_r
                0x0000000008004c04       0x10 c:/st/stm32cubeide_1.9.0/stm32cubeide/plugins/com.st.stm32cube.ide.mcu.externaltools.gnu-tools-for-stm32.10.3-2021.10.win32_1.0.0.202111181127/tools/bin/../lib/gcc/arm-none-eabi/10.3.1/../../../../arm-none-eabi/lib/thumb/v7e-m+fp/hard\libc_nano.a(lib_a-nano-msizer.o)
                0x0000000008004c04                _malloc_usable_size_r
 *(.glue_7)
 .glue_7        0x0000000008004c14        0x0 linker stubs
 *(.glue_7t)
 .glue_7t       0x0000000008004c14        0x0 linker stubs
 *(.eh_frame)
 .eh_frame      0x0000000008004c14        0x0 c:/st/stm32cubeide_1.9.0/stm32cubeide/plugins/com.st.stm32cube.ide.mcu.externaltools.gnu-tools-for-stm32.10.3-2021.10.win32_1.0.0.202111181127/tools/bin/../lib/gcc/arm-none-eabi/10.3.1/thumb/v7e-m+fp/hard/crtbegin.o
 *(.init)
 .init          0x0000000008004c14        0x4 c:/st/stm32cubeide_1.9.0/stm32cubeide/plugins/com.st.stm32cube.ide.mcu.externaltools.gnu-tools-for-stm32.10.3-2021.10.win32_1.0.0.202111181127/tools/bin/../lib/gcc/arm-none-eabi/10.3.1/thumb/v7e-m+fp/hard/crti.o
                0x0000000008004c14                _init
 .init          0x0000000008004c18        0x8 c:/st/stm32cubeide_1.9.0/stm32cubeide/plugins/com.st.stm32cube.ide.mcu.externaltools.gnu-tools-for-stm32.10.3-2021.10.win32_1.0.0.202111181127/tools/bin/../lib/gcc/arm-none-eabi/10.3.1/thumb/v7e-m+fp/hard/crtn.o
 *(.fini)
 .fini          0x0000000008004c20        0x4 c:/st/stm32cubeide_1.9.0/stm32cubeide/plugins/com.st.stm32cube.ide.mcu.externaltools.gnu-tools-for-stm32.10.3-2021.10.win32_1.0.0.202111181127/tools/bin/../lib/gcc/arm-none-eabi/10.3.1/thumb/v7e-m+fp/hard/crti.o
                0x0000000008004c20                _fini
 .fini          0x0000000008004c24        0x8 c:/st/stm32cubeide_1.9.0/stm32cubeide/plugins/com.st.stm32cube.ide.mcu.externaltools.gnu-tools-for-stm32.10.3-2021.10.win32_1.0.0.202111181127/tools/bin/../lib/gcc/arm-none-eabi/10.3.1/thumb/v7e-m+fp/hard/crtn.o
                0x0000000008004c2c                . = ALIGN (0x4)
                0x0000000008004c2c                _etext = .

.vfp11_veneer   0x0000000008004c2c        0x0
 .vfp11_veneer  0x0000000008004c2c        0x0 linker stubs

.v4_bx          0x0000000008004c2c        0x0
 .v4_bx         0x0000000008004c2c        0x0 linker stubs

.iplt           0x0000000008004c2c        0x0
 .iplt          0x0000000008004c2c        0x0 c:/st/stm32cubeide_1.9.0/stm32cubeide/plugins/com.st.stm32cube.ide.mcu.externaltools.gnu-tools-for-stm32.10.3-2021.10.win32_1.0.0.202111181127/tools/bin/../lib/gcc/arm-none-eabi/10.3.1/thumb/v7e-m+fp/hard/crtbegin.o

.rodata         0x0000000008004c2c      0x430
                0x0000000008004c2c                . = ALIGN (0x4)
 *(.rodata)
 .rodata        0x0000000008004c2c       0x94 ./Src/ansi.o
 .rodata        0x0000000008004cc0        0xc ./Src/lcd.o
 .rodata        0x0000000008004ccc        0x7 ./Src/main.o
 *fill*         0x0000000008004cd3        0x1 
 .rodata        0x0000000008004cd4       0xe1 ./Src/sprite.o
 *(.rodata*)
 *fill*         0x0000000008004db5        0x3 
 .rodata.character_data
                0x0000000008004db8      0x1db ./Src/sets.o
                0x0000000008004db8                character_data
 *fill*         0x0000000008004f93        0x1 
 .rodata.customset
                0x0000000008004f94       0x2d ./Src/sets.o
                0x0000000008004f94                customset
 *fill*         0x0000000008004fc1        0x3 
 .rodata._global_impure_ptr
                0x0000000008004fc4        0x4 c:/st/stm32cubeide_1.9.0/stm32cubeide/plugins/com.st.stm32cube.ide.mcu.externaltools.gnu-tools-for-stm32.10.3-2021.10.win32_1.0.0.202111181127/tools/bin/../lib/gcc/arm-none-eabi/10.3.1/../../../../arm-none-eabi/lib/thumb/v7e-m+fp/hard\libc_nano.a(lib_a-impure.o)
                0x0000000008004fc4                _global_impure_ptr
 .rodata.__sf_fake_stderr
                0x0000000008004fc8       0x20 c:/st/stm32cubeide_1.9.0/stm32cubeide/plugins/com.st.stm32cube.ide.mcu.externaltools.gnu-tools-for-stm32.10.3-2021.10.win32_1.0.0.202111181127/tools/bin/../lib/gcc/arm-none-eabi/10.3.1/../../../../arm-none-eabi/lib/thumb/v7e-m+fp/hard\libc_nano.a(lib_a-findfp.o)
                0x0000000008004fc8                __sf_fake_stderr
 .rodata.__sf_fake_stdin
                0x0000000008004fe8       0x20 c:/st/stm32cubeide_1.9.0/stm32cubeide/plugins/com.st.stm32cube.ide.mcu.externaltools.gnu-tools-for-stm32.10.3-2021.10.win32_1.0.0.202111181127/tools/bin/../lib/gcc/arm-none-eabi/10.3.1/../../../../arm-none-eabi/lib/thumb/v7e-m+fp/hard\libc_nano.a(lib_a-findfp.o)
                0x0000000008004fe8                __sf_fake_stdin
 .rodata.__sf_fake_stdout
                0x0000000008005008       0x20 c:/st/stm32cubeide_1.9.0/stm32cubeide/plugins/com.st.stm32cube.ide.mcu.externaltools.gnu-tools-for-stm32.10.3-2021.10.win32_1.0.0.202111181127/tools/bin/../lib/gcc/arm-none-eabi/10.3.1/../../../../arm-none-eabi/lib/thumb/v7e-m+fp/hard\libc_nano.a(lib_a-findfp.o)
                0x0000000008005008                __sf_fake_stdout
 .rodata._svfprintf_r.str1.1
                0x0000000008005028       0x11 c:/st/stm32cubeide_1.9.0/stm32cubeide/plugins/com.st.stm32cube.ide.mcu.externaltools.gnu-tools-for-stm32.10.3-2021.10.win32_1.0.0.202111181127/tools/bin/../lib/gcc/arm-none-eabi/10.3.1/../../../../arm-none-eabi/lib/thumb/v7e-m+fp/hard\libc_nano.a(lib_a-nano-svfprintf.o)
 .rodata._vfprintf_r.str1.1
                0x0000000008005039       0x11 c:/st/stm32cubeide_1.9.0/stm32cubeide/plugins/com.st.stm32cube.ide.mcu.externaltools.gnu-tools-for-stm32.10.3-2021.10.win32_1.0.0.202111181127/tools/bin/../lib/gcc/arm-none-eabi/10.3.1/../../../../arm-none-eabi/lib/thumb/v7e-m+fp/hard\libc_nano.a(lib_a-nano-vfprintf.o)
 .rodata._printf_i.str1.1
                0x0000000008005039       0x22 c:/st/stm32cubeide_1.9.0/stm32cubeide/plugins/com.st.stm32cube.ide.mcu.externaltools.gnu-tools-for-stm32.10.3-2021.10.win32_1.0.0.202111181127/tools/bin/../lib/gcc/arm-none-eabi/10.3.1/../../../../arm-none-eabi/lib/thumb/v7e-m+fp/hard\libc_nano.a(lib_a-nano-vfprintf_i.o)
                0x000000000800505c                . = ALIGN (0x4)
 *fill*         0x000000000800505b        0x1 

.rel.dyn        0x000000000800505c        0x0
 .rel.iplt      0x000000000800505c        0x0 c:/st/stm32cubeide_1.9.0/stm32cubeide/plugins/com.st.stm32cube.ide.mcu.externaltools.gnu-tools-for-stm32.10.3-2021.10.win32_1.0.0.202111181127/tools/bin/../lib/gcc/arm-none-eabi/10.3.1/thumb/v7e-m+fp/hard/crtbegin.o

.ARM.extab      0x000000000800505c        0x0
                0x000000000800505c                . = ALIGN (0x4)
 *(.ARM.extab* .gnu.linkonce.armextab.*)
                0x000000000800505c                . = ALIGN (0x4)

.ARM            0x000000000800505c        0x0
                0x000000000800505c                . = ALIGN (0x4)
                0x000000000800505c                __exidx_start = .
 *(.ARM.exidx*)
                0x000000000800505c                __exidx_end = .
                0x000000000800505c                . = ALIGN (0x4)

.preinit_array  0x000000000800505c        0x0
                0x000000000800505c                . = ALIGN (0x4)
                0x000000000800505c                PROVIDE (__preinit_array_start = .)
 *(.preinit_array*)
                0x000000000800505c                PROVIDE (__preinit_array_end = .)
                0x000000000800505c                . = ALIGN (0x4)

.init_array     0x000000000800505c        0x4
                0x000000000800505c                . = ALIGN (0x4)
                0x000000000800505c                PROVIDE (__init_array_start = .)
 *(SORT_BY_NAME(.init_array.*))
 *(.init_array*)
 .init_array    0x000000000800505c        0x4 c:/st/stm32cubeide_1.9.0/stm32cubeide/plugins/com.st.stm32cube.ide.mcu.externaltools.gnu-tools-for-stm32.10.3-2021.10.win32_1.0.0.202111181127/tools/bin/../lib/gcc/arm-none-eabi/10.3.1/thumb/v7e-m+fp/hard/crtbegin.o
                0x0000000008005060                PROVIDE (__init_array_end = .)
                0x0000000008005060                . = ALIGN (0x4)

.fini_array     0x0000000008005060        0x4
                0x0000000008005060                . = ALIGN (0x4)
                [!provide]                        PROVIDE (__fini_array_start = .)
 *(SORT_BY_NAME(.fini_array.*))
 *(.fini_array*)
 .fini_array    0x0000000008005060        0x4 c:/st/stm32cubeide_1.9.0/stm32cubeide/plugins/com.st.stm32cube.ide.mcu.externaltools.gnu-tools-for-stm32.10.3-2021.10.win32_1.0.0.202111181127/tools/bin/../lib/gcc/arm-none-eabi/10.3.1/thumb/v7e-m+fp/hard/crtbegin.o
                [!provide]                        PROVIDE (__fini_array_end = .)
                0x0000000008005064                . = ALIGN (0x4)
                0x0000000008005064                _sidata = LOADADDR (.data)

.data           0x0000000020000000       0x98 load address 0x0000000008005064
                0x0000000020000000                . = ALIGN (0x4)
                0x0000000020000000                _sdata = .
 *(.data)
 *(.data*)
 .data.APBAHBPrescTable
                0x0000000020000000       0x10 ./SPL/src/stm32f30x_rcc.o
 .data.ADCPrescTable
                0x0000000020000010       0x1a ./SPL/src/stm32f30x_rcc.o
 *fill*         0x000000002000002a        0x2 
 .data.nextInterval.1
                0x000000002000002c        0x4 ./Src/timer.o
 .data.time.0   0x0000000020000030        0x4 ./Src/timer.o
 .data._impure_ptr
                0x0000000020000034        0x4 c:/st/stm32cubeide_1.9.0/stm32cubeide/plugins/com.st.stm32cube.ide.mcu.externaltools.gnu-tools-for-stm32.10.3-2021.10.win32_1.0.0.202111181127/tools/bin/../lib/gcc/arm-none-eabi/10.3.1/../../../../arm-none-eabi/lib/thumb/v7e-m+fp/hard\libc_nano.a(lib_a-impure.o)
                0x0000000020000034                _impure_ptr
 .data.impure_data
                0x0000000020000038       0x60 c:/st/stm32cubeide_1.9.0/stm32cubeide/plugins/com.st.stm32cube.ide.mcu.externaltools.gnu-tools-for-stm32.10.3-2021.10.win32_1.0.0.202111181127/tools/bin/../lib/gcc/arm-none-eabi/10.3.1/../../../../arm-none-eabi/lib/thumb/v7e-m+fp/hard\libc_nano.a(lib_a-impure.o)
                0x0000000020000098                . = ALIGN (0x4)
                0x0000000020000098                _edata = .

.igot.plt       0x0000000020000098        0x0 load address 0x00000000080050fc
 .igot.plt      0x0000000020000098        0x0 c:/st/stm32cubeide_1.9.0/stm32cubeide/plugins/com.st.stm32cube.ide.mcu.externaltools.gnu-tools-for-stm32.10.3-2021.10.win32_1.0.0.202111181127/tools/bin/../lib/gcc/arm-none-eabi/10.3.1/thumb/v7e-m+fp/hard/crtbegin.o
                0x0000000020000098                . = ALIGN (0x4)

.bss            0x0000000020000098       0x48 load address 0x00000000080050fc
                0x0000000020000098                _sbss = .
                0x0000000020000098                __bss_start__ = _sbss
 *(.bss)
 .bss           0x0000000020000098       0x1c c:/st/stm32cubeide_1.9.0/stm32cubeide/plugins/com.st.stm32cube.ide.mcu.externaltools.gnu-tools-for-stm32.10.3-2021.10.win32_1.0.0.202111181127/tools/bin/../lib/gcc/arm-none-eabi/10.3.1/thumb/v7e-m+fp/hard/crtbegin.o
 *(.bss*)
 .bss.flagF     0x00000000200000b4        0x2 ./Src/main.o
 .bss.flagE     0x00000000200000b6        0x2 ./Src/main.o
 .bss.flagR     0x00000000200000b8        0x2 ./Src/main.o
 *fill*         0x00000000200000ba        0x2 
 .bss.c1        0x00000000200000bc        0x4 ./Src/main.o
 .bss.c2        0x00000000200000c0        0x4 ./Src/main.o
 .bss.c3        0x00000000200000c4        0x4 ./Src/main.o
 .bss.score     0x00000000200000c8        0x4 ./Src/main.o
 .bss.heap_end.0
                0x00000000200000cc        0x4 ./Src/sysmem.o
 .bss.__lock___malloc_recursive_mutex
                0x00000000200000d0        0x1 c:/st/stm32cubeide_1.9.0/stm32cubeide/plugins/com.st.stm32cube.ide.mcu.externaltools.gnu-tools-for-stm32.10.3-2021.10.win32_1.0.0.202111181127/tools/bin/../lib/gcc/arm-none-eabi/10.3.1/../../../../arm-none-eabi/lib/thumb/v7e-m+fp/hard\libc_nano.a(lib_a-lock.o)
                0x00000000200000d0                __lock___malloc_recursive_mutex
 .bss.__lock___sfp_recursive_mutex
                0x00000000200000d1        0x1 c:/st/stm32cubeide_1.9.0/stm32cubeide/plugins/com.st.stm32cube.ide.mcu.externaltools.gnu-tools-for-stm32.10.3-2021.10.win32_1.0.0.202111181127/tools/bin/../lib/gcc/arm-none-eabi/10.3.1/../../../../arm-none-eabi/lib/thumb/v7e-m+fp/hard\libc_nano.a(lib_a-lock.o)
                0x00000000200000d1                __lock___sfp_recursive_mutex
 .bss.__lock___sinit_recursive_mutex
                0x00000000200000d2        0x1 c:/st/stm32cubeide_1.9.0/stm32cubeide/plugins/com.st.stm32cube.ide.mcu.externaltools.gnu-tools-for-stm32.10.3-2021.10.win32_1.0.0.202111181127/tools/bin/../lib/gcc/arm-none-eabi/10.3.1/../../../../arm-none-eabi/lib/thumb/v7e-m+fp/hard\libc_nano.a(lib_a-lock.o)
                0x00000000200000d2                __lock___sinit_recursive_mutex
 *fill*         0x00000000200000d3        0x1 
 .bss.__malloc_free_list
                0x00000000200000d4        0x4 c:/st/stm32cubeide_1.9.0/stm32cubeide/plugins/com.st.stm32cube.ide.mcu.externaltools.gnu-tools-for-stm32.10.3-2021.10.win32_1.0.0.202111181127/tools/bin/../lib/gcc/arm-none-eabi/10.3.1/../../../../arm-none-eabi/lib/thumb/v7e-m+fp/hard\libc_nano.a(lib_a-nano-mallocr.o)
                0x00000000200000d4                __malloc_free_list
 .bss.__malloc_sbrk_start
                0x00000000200000d8        0x4 c:/st/stm32cubeide_1.9.0/stm32cubeide/plugins/com.st.stm32cube.ide.mcu.externaltools.gnu-tools-for-stm32.10.3-2021.10.win32_1.0.0.202111181127/tools/bin/../lib/gcc/arm-none-eabi/10.3.1/../../../../arm-none-eabi/lib/thumb/v7e-m+fp/hard\libc_nano.a(lib_a-nano-mallocr.o)
                0x00000000200000d8                __malloc_sbrk_start
 .bss.errno     0x00000000200000dc        0x4 c:/st/stm32cubeide_1.9.0/stm32cubeide/plugins/com.st.stm32cube.ide.mcu.externaltools.gnu-tools-for-stm32.10.3-2021.10.win32_1.0.0.202111181127/tools/bin/../lib/gcc/arm-none-eabi/10.3.1/../../../../arm-none-eabi/lib/thumb/v7e-m+fp/hard\libc_nano.a(lib_a-reent.o)
                0x00000000200000dc                errno
 *(COMMON)
                0x00000000200000e0                . = ALIGN (0x4)
                0x00000000200000e0                _ebss = .
                0x00000000200000e0                __bss_end__ = _ebss

._user_heap_stack
                0x00000000200000e0      0x600 load address 0x00000000080050fc
                0x00000000200000e0                . = ALIGN (0x8)
                0x00000000200000e0                PROVIDE (end = .)
                [!provide]                        PROVIDE (_end = .)
                0x00000000200002e0                . = (. + _Min_Heap_Size)
 *fill*         0x00000000200000e0      0x200 
                0x00000000200006e0                . = (. + _Min_Stack_Size)
 *fill*         0x00000000200002e0      0x400 
                0x00000000200006e0                . = ALIGN (0x8)

/DISCARD/
 libc.a(*)
 libm.a(*)
 libgcc.a(*)

.ARM.attributes
                0x0000000000000000       0x30
 *(.ARM.attributes)
 .ARM.attributes
                0x0000000000000000       0x1e c:/st/stm32cubeide_1.9.0/stm32cubeide/plugins/com.st.stm32cube.ide.mcu.externaltools.gnu-tools-for-stm32.10.3-2021.10.win32_1.0.0.202111181127/tools/bin/../lib/gcc/arm-none-eabi/10.3.1/thumb/v7e-m+fp/hard/crti.o
 .ARM.attributes
                0x000000000000001e       0x34 c:/st/stm32cubeide_1.9.0/stm32cubeide/plugins/com.st.stm32cube.ide.mcu.externaltools.gnu-tools-for-stm32.10.3-2021.10.win32_1.0.0.202111181127/tools/bin/../lib/gcc/arm-none-eabi/10.3.1/thumb/v7e-m+fp/hard/crtbegin.o
 .ARM.attributes
                0x0000000000000052       0x34 ./SPL/src/stm32f30x_adc.o
 .ARM.attributes
                0x0000000000000086       0x34 ./SPL/src/stm32f30x_rcc.o
 .ARM.attributes
                0x00000000000000ba       0x34 ./SPL/src/stm32f30x_usart.o
 .ARM.attributes
                0x00000000000000ee       0x34 ./Src/30010_io.o
 .ARM.attributes
                0x0000000000000122       0x34 ./Src/Bullets.o
 .ARM.attributes
                0x0000000000000156       0x34 ./Src/analog.o
 .ARM.attributes
                0x000000000000018a       0x34 ./Src/ansi.o
 .ARM.attributes
                0x00000000000001be       0x34 ./Src/config.o
 .ARM.attributes
                0x00000000000001f2       0x34 ./Src/enemy.o
 .ARM.attributes
                0x0000000000000226       0x34 ./Src/gameBoard.o
 .ARM.attributes
                0x000000000000025a       0x34 ./Src/lcd.o
 .ARM.attributes
                0x000000000000028e       0x34 ./Src/main.o
 .ARM.attributes
                0x00000000000002c2       0x34 ./Src/player.o
 .ARM.attributes
                0x00000000000002f6       0x34 ./Src/sets.o
 .ARM.attributes
                0x000000000000032a       0x34 ./Src/sprite.o
 .ARM.attributes
                0x000000000000035e       0x34 ./Src/syscalls.o
 .ARM.attributes
                0x0000000000000392       0x34 ./Src/sysmem.o
 .ARM.attributes
                0x00000000000003c6       0x34 ./Src/system_stm32f30x.o
 .ARM.attributes
                0x00000000000003fa       0x34 ./Src/timer.o
 .ARM.attributes
                0x000000000000042e       0x21 ./Startup/startup_stm32f302r8tx.o
 .ARM.attributes
                0x000000000000044f       0x34 c:/st/stm32cubeide_1.9.0/stm32cubeide/plugins/com.st.stm32cube.ide.mcu.externaltools.gnu-tools-for-stm32.10.3-2021.10.win32_1.0.0.202111181127/tools/bin/../lib/gcc/arm-none-eabi/10.3.1/../../../../arm-none-eabi/lib/thumb/v7e-m+fp/hard\libc_nano.a(lib_a-errno.o)
 .ARM.attributes
                0x0000000000000483       0x34 c:/st/stm32cubeide_1.9.0/stm32cubeide/plugins/com.st.stm32cube.ide.mcu.externaltools.gnu-tools-for-stm32.10.3-2021.10.win32_1.0.0.202111181127/tools/bin/../lib/gcc/arm-none-eabi/10.3.1/../../../../arm-none-eabi/lib/thumb/v7e-m+fp/hard\libc_nano.a(lib_a-impure.o)
 .ARM.attributes
                0x00000000000004b7       0x34 c:/st/stm32cubeide_1.9.0/stm32cubeide/plugins/com.st.stm32cube.ide.mcu.externaltools.gnu-tools-for-stm32.10.3-2021.10.win32_1.0.0.202111181127/tools/bin/../lib/gcc/arm-none-eabi/10.3.1/../../../../arm-none-eabi/lib/thumb/v7e-m+fp/hard\libc_nano.a(lib_a-init.o)
 .ARM.attributes
                0x00000000000004eb       0x34 c:/st/stm32cubeide_1.9.0/stm32cubeide/plugins/com.st.stm32cube.ide.mcu.externaltools.gnu-tools-for-stm32.10.3-2021.10.win32_1.0.0.202111181127/tools/bin/../lib/gcc/arm-none-eabi/10.3.1/../../../../arm-none-eabi/lib/thumb/v7e-m+fp/hard\libc_nano.a(lib_a-memset.o)
 .ARM.attributes
                0x000000000000051f       0x34 c:/st/stm32cubeide_1.9.0/stm32cubeide/plugins/com.st.stm32cube.ide.mcu.externaltools.gnu-tools-for-stm32.10.3-2021.10.win32_1.0.0.202111181127/tools/bin/../lib/gcc/arm-none-eabi/10.3.1/../../../../arm-none-eabi/lib/thumb/v7e-m+fp/hard\libc_nano.a(lib_a-printf.o)
 .ARM.attributes
                0x0000000000000553       0x34 c:/st/stm32cubeide_1.9.0/stm32cubeide/plugins/com.st.stm32cube.ide.mcu.externaltools.gnu-tools-for-stm32.10.3-2021.10.win32_1.0.0.202111181127/tools/bin/../lib/gcc/arm-none-eabi/10.3.1/../../../../arm-none-eabi/lib/thumb/v7e-m+fp/hard\libc_nano.a(lib_a-putchar.o)
 .ARM.attributes
                0x0000000000000587       0x34 c:/st/stm32cubeide_1.9.0/stm32cubeide/plugins/com.st.stm32cube.ide.mcu.externaltools.gnu-tools-for-stm32.10.3-2021.10.win32_1.0.0.202111181127/tools/bin/../lib/gcc/arm-none-eabi/10.3.1/../../../../arm-none-eabi/lib/thumb/v7e-m+fp/hard\libc_nano.a(lib_a-setbuf.o)
 .ARM.attributes
                0x00000000000005bb       0x34 c:/st/stm32cubeide_1.9.0/stm32cubeide/plugins/com.st.stm32cube.ide.mcu.externaltools.gnu-tools-for-stm32.10.3-2021.10.win32_1.0.0.202111181127/tools/bin/../lib/gcc/arm-none-eabi/10.3.1/../../../../arm-none-eabi/lib/thumb/v7e-m+fp/hard\libc_nano.a(lib_a-setvbuf.o)
 .ARM.attributes
                0x00000000000005ef       0x34 c:/st/stm32cubeide_1.9.0/stm32cubeide/plugins/com.st.stm32cube.ide.mcu.externaltools.gnu-tools-for-stm32.10.3-2021.10.win32_1.0.0.202111181127/tools/bin/../lib/gcc/arm-none-eabi/10.3.1/../../../../arm-none-eabi/lib/thumb/v7e-m+fp/hard\libc_nano.a(lib_a-sprintf.o)
 .ARM.attributes
                0x0000000000000623       0x17 c:/st/stm32cubeide_1.9.0/stm32cubeide/plugins/com.st.stm32cube.ide.mcu.externaltools.gnu-tools-for-stm32.10.3-2021.10.win32_1.0.0.202111181127/tools/bin/../lib/gcc/arm-none-eabi/10.3.1/../../../../arm-none-eabi/lib/thumb/v7e-m+fp/hard\libc_nano.a(lib_a-strlen.o)
 .ARM.attributes
                0x000000000000063a       0x34 c:/st/stm32cubeide_1.9.0/stm32cubeide/plugins/com.st.stm32cube.ide.mcu.externaltools.gnu-tools-for-stm32.10.3-2021.10.win32_1.0.0.202111181127/tools/bin/../lib/gcc/arm-none-eabi/10.3.1/../../../../arm-none-eabi/lib/thumb/v7e-m+fp/hard\libc_nano.a(lib_a-fflush.o)
 .ARM.attributes
                0x000000000000066e       0x34 c:/st/stm32cubeide_1.9.0/stm32cubeide/plugins/com.st.stm32cube.ide.mcu.externaltools.gnu-tools-for-stm32.10.3-2021.10.win32_1.0.0.202111181127/tools/bin/../lib/gcc/arm-none-eabi/10.3.1/../../../../arm-none-eabi/lib/thumb/v7e-m+fp/hard\libc_nano.a(lib_a-findfp.o)
 .ARM.attributes
                0x00000000000006a2       0x34 c:/st/stm32cubeide_1.9.0/stm32cubeide/plugins/com.st.stm32cube.ide.mcu.externaltools.gnu-tools-for-stm32.10.3-2021.10.win32_1.0.0.202111181127/tools/bin/../lib/gcc/arm-none-eabi/10.3.1/../../../../arm-none-eabi/lib/thumb/v7e-m+fp/hard\libc_nano.a(lib_a-fwalk.o)
 .ARM.attributes
                0x00000000000006d6       0x34 c:/st/stm32cubeide_1.9.0/stm32cubeide/plugins/com.st.stm32cube.ide.mcu.externaltools.gnu-tools-for-stm32.10.3-2021.10.win32_1.0.0.202111181127/tools/bin/../lib/gcc/arm-none-eabi/10.3.1/../../../../arm-none-eabi/lib/thumb/v7e-m+fp/hard\libc_nano.a(lib_a-lock.o)
 .ARM.attributes
                0x000000000000070a       0x34 c:/st/stm32cubeide_1.9.0/stm32cubeide/plugins/com.st.stm32cube.ide.mcu.externaltools.gnu-tools-for-stm32.10.3-2021.10.win32_1.0.0.202111181127/tools/bin/../lib/gcc/arm-none-eabi/10.3.1/../../../../arm-none-eabi/lib/thumb/v7e-m+fp/hard\libc_nano.a(lib_a-makebuf.o)
 .ARM.attributes
                0x000000000000073e       0x34 c:/st/stm32cubeide_1.9.0/stm32cubeide/plugins/com.st.stm32cube.ide.mcu.externaltools.gnu-tools-for-stm32.10.3-2021.10.win32_1.0.0.202111181127/tools/bin/../lib/gcc/arm-none-eabi/10.3.1/../../../../arm-none-eabi/lib/thumb/v7e-m+fp/hard\libc_nano.a(lib_a-malloc.o)
 .ARM.attributes
                0x0000000000000772       0x34 c:/st/stm32cubeide_1.9.0/stm32cubeide/plugins/com.st.stm32cube.ide.mcu.externaltools.gnu-tools-for-stm32.10.3-2021.10.win32_1.0.0.202111181127/tools/bin/../lib/gcc/arm-none-eabi/10.3.1/../../../../arm-none-eabi/lib/thumb/v7e-m+fp/hard\libc_nano.a(lib_a-nano-freer.o)
 .ARM.attributes
                0x00000000000007a6       0x34 c:/st/stm32cubeide_1.9.0/stm32cubeide/plugins/com.st.stm32cube.ide.mcu.externaltools.gnu-tools-for-stm32.10.3-2021.10.win32_1.0.0.202111181127/tools/bin/../lib/gcc/arm-none-eabi/10.3.1/../../../../arm-none-eabi/lib/thumb/v7e-m+fp/hard\libc_nano.a(lib_a-nano-mallocr.o)
 .ARM.attributes
                0x00000000000007da       0x34 c:/st/stm32cubeide_1.9.0/stm32cubeide/plugins/com.st.stm32cube.ide.mcu.externaltools.gnu-tools-for-stm32.10.3-2021.10.win32_1.0.0.202111181127/tools/bin/../lib/gcc/arm-none-eabi/10.3.1/../../../../arm-none-eabi/lib/thumb/v7e-m+fp/hard\libc_nano.a(lib_a-nano-svfprintf.o)
 .ARM.attributes
                0x000000000000080e       0x34 c:/st/stm32cubeide_1.9.0/stm32cubeide/plugins/com.st.stm32cube.ide.mcu.externaltools.gnu-tools-for-stm32.10.3-2021.10.win32_1.0.0.202111181127/tools/bin/../lib/gcc/arm-none-eabi/10.3.1/../../../../arm-none-eabi/lib/thumb/v7e-m+fp/hard\libc_nano.a(lib_a-nano-vfprintf.o)
 .ARM.attributes
                0x0000000000000842       0x34 c:/st/stm32cubeide_1.9.0/stm32cubeide/plugins/com.st.stm32cube.ide.mcu.externaltools.gnu-tools-for-stm32.10.3-2021.10.win32_1.0.0.202111181127/tools/bin/../lib/gcc/arm-none-eabi/10.3.1/../../../../arm-none-eabi/lib/thumb/v7e-m+fp/hard\libc_nano.a(lib_a-nano-vfprintf_i.o)
 .ARM.attributes
                0x0000000000000876       0x34 c:/st/stm32cubeide_1.9.0/stm32cubeide/plugins/com.st.stm32cube.ide.mcu.externaltools.gnu-tools-for-stm32.10.3-2021.10.win32_1.0.0.202111181127/tools/bin/../lib/gcc/arm-none-eabi/10.3.1/../../../../arm-none-eabi/lib/thumb/v7e-m+fp/hard\libc_nano.a(lib_a-putc.o)
 .ARM.attributes
                0x00000000000008aa       0x34 c:/st/stm32cubeide_1.9.0/stm32cubeide/plugins/com.st.stm32cube.ide.mcu.externaltools.gnu-tools-for-stm32.10.3-2021.10.win32_1.0.0.202111181127/tools/bin/../lib/gcc/arm-none-eabi/10.3.1/../../../../arm-none-eabi/lib/thumb/v7e-m+fp/hard\libc_nano.a(lib_a-sbrkr.o)
 .ARM.attributes
                0x00000000000008de       0x34 c:/st/stm32cubeide_1.9.0/stm32cubeide/plugins/com.st.stm32cube.ide.mcu.externaltools.gnu-tools-for-stm32.10.3-2021.10.win32_1.0.0.202111181127/tools/bin/../lib/gcc/arm-none-eabi/10.3.1/../../../../arm-none-eabi/lib/thumb/v7e-m+fp/hard\libc_nano.a(lib_a-stdio.o)
 .ARM.attributes
                0x0000000000000912       0x34 c:/st/stm32cubeide_1.9.0/stm32cubeide/plugins/com.st.stm32cube.ide.mcu.externaltools.gnu-tools-for-stm32.10.3-2021.10.win32_1.0.0.202111181127/tools/bin/../lib/gcc/arm-none-eabi/10.3.1/../../../../arm-none-eabi/lib/thumb/v7e-m+fp/hard\libc_nano.a(lib_a-wbuf.o)
 .ARM.attributes
                0x0000000000000946       0x34 c:/st/stm32cubeide_1.9.0/stm32cubeide/plugins/com.st.stm32cube.ide.mcu.externaltools.gnu-tools-for-stm32.10.3-2021.10.win32_1.0.0.202111181127/tools/bin/../lib/gcc/arm-none-eabi/10.3.1/../../../../arm-none-eabi/lib/thumb/v7e-m+fp/hard\libc_nano.a(lib_a-wsetup.o)
 .ARM.attributes
                0x000000000000097a       0x34 c:/st/stm32cubeide_1.9.0/stm32cubeide/plugins/com.st.stm32cube.ide.mcu.externaltools.gnu-tools-for-stm32.10.3-2021.10.win32_1.0.0.202111181127/tools/bin/../lib/gcc/arm-none-eabi/10.3.1/../../../../arm-none-eabi/lib/thumb/v7e-m+fp/hard\libc_nano.a(lib_a-closer.o)
 .ARM.attributes
                0x00000000000009ae       0x34 c:/st/stm32cubeide_1.9.0/stm32cubeide/plugins/com.st.stm32cube.ide.mcu.externaltools.gnu-tools-for-stm32.10.3-2021.10.win32_1.0.0.202111181127/tools/bin/../lib/gcc/arm-none-eabi/10.3.1/../../../../arm-none-eabi/lib/thumb/v7e-m+fp/hard\libc_nano.a(lib_a-fstatr.o)
 .ARM.attributes
                0x00000000000009e2       0x34 c:/st/stm32cubeide_1.9.0/stm32cubeide/plugins/com.st.stm32cube.ide.mcu.externaltools.gnu-tools-for-stm32.10.3-2021.10.win32_1.0.0.202111181127/tools/bin/../lib/gcc/arm-none-eabi/10.3.1/../../../../arm-none-eabi/lib/thumb/v7e-m+fp/hard\libc_nano.a(lib_a-isattyr.o)
 .ARM.attributes
                0x0000000000000a16       0x34 c:/st/stm32cubeide_1.9.0/stm32cubeide/plugins/com.st.stm32cube.ide.mcu.externaltools.gnu-tools-for-stm32.10.3-2021.10.win32_1.0.0.202111181127/tools/bin/../lib/gcc/arm-none-eabi/10.3.1/../../../../arm-none-eabi/lib/thumb/v7e-m+fp/hard\libc_nano.a(lib_a-lseekr.o)
 .ARM.attributes
                0x0000000000000a4a       0x1c c:/st/stm32cubeide_1.9.0/stm32cubeide/plugins/com.st.stm32cube.ide.mcu.externaltools.gnu-tools-for-stm32.10.3-2021.10.win32_1.0.0.202111181127/tools/bin/../lib/gcc/arm-none-eabi/10.3.1/../../../../arm-none-eabi/lib/thumb/v7e-m+fp/hard\libc_nano.a(lib_a-memchr.o)
 .ARM.attributes
                0x0000000000000a66       0x34 c:/st/stm32cubeide_1.9.0/stm32cubeide/plugins/com.st.stm32cube.ide.mcu.externaltools.gnu-tools-for-stm32.10.3-2021.10.win32_1.0.0.202111181127/tools/bin/../lib/gcc/arm-none-eabi/10.3.1/../../../../arm-none-eabi/lib/thumb/v7e-m+fp/hard\libc_nano.a(lib_a-memcpy-stub.o)
 .ARM.attributes
                0x0000000000000a9a       0x34 c:/st/stm32cubeide_1.9.0/stm32cubeide/plugins/com.st.stm32cube.ide.mcu.externaltools.gnu-tools-for-stm32.10.3-2021.10.win32_1.0.0.202111181127/tools/bin/../lib/gcc/arm-none-eabi/10.3.1/../../../../arm-none-eabi/lib/thumb/v7e-m+fp/hard\libc_nano.a(lib_a-memmove.o)
 .ARM.attributes
                0x0000000000000ace       0x34 c:/st/stm32cubeide_1.9.0/stm32cubeide/plugins/com.st.stm32cube.ide.mcu.externaltools.gnu-tools-for-stm32.10.3-2021.10.win32_1.0.0.202111181127/tools/bin/../lib/gcc/arm-none-eabi/10.3.1/../../../../arm-none-eabi/lib/thumb/v7e-m+fp/hard\libc_nano.a(lib_a-mlock.o)
 .ARM.attributes
                0x0000000000000b02       0x34 c:/st/stm32cubeide_1.9.0/stm32cubeide/plugins/com.st.stm32cube.ide.mcu.externaltools.gnu-tools-for-stm32.10.3-2021.10.win32_1.0.0.202111181127/tools/bin/../lib/gcc/arm-none-eabi/10.3.1/../../../../arm-none-eabi/lib/thumb/v7e-m+fp/hard\libc_nano.a(lib_a-nano-reallocr.o)
 .ARM.attributes
                0x0000000000000b36       0x34 c:/st/stm32cubeide_1.9.0/stm32cubeide/plugins/com.st.stm32cube.ide.mcu.externaltools.gnu-tools-for-stm32.10.3-2021.10.win32_1.0.0.202111181127/tools/bin/../lib/gcc/arm-none-eabi/10.3.1/../../../../arm-none-eabi/lib/thumb/v7e-m+fp/hard\libc_nano.a(lib_a-readr.o)
 .ARM.attributes
                0x0000000000000b6a       0x34 c:/st/stm32cubeide_1.9.0/stm32cubeide/plugins/com.st.stm32cube.ide.mcu.externaltools.gnu-tools-for-stm32.10.3-2021.10.win32_1.0.0.202111181127/tools/bin/../lib/gcc/arm-none-eabi/10.3.1/../../../../arm-none-eabi/lib/thumb/v7e-m+fp/hard\libc_nano.a(lib_a-reent.o)
 .ARM.attributes
                0x0000000000000b9e       0x34 c:/st/stm32cubeide_1.9.0/stm32cubeide/plugins/com.st.stm32cube.ide.mcu.externaltools.gnu-tools-for-stm32.10.3-2021.10.win32_1.0.0.202111181127/tools/bin/../lib/gcc/arm-none-eabi/10.3.1/../../../../arm-none-eabi/lib/thumb/v7e-m+fp/hard\libc_nano.a(lib_a-nano-msizer.o)
 .ARM.attributes
                0x0000000000000bd2       0x1e c:/st/stm32cubeide_1.9.0/stm32cubeide/plugins/com.st.stm32cube.ide.mcu.externaltools.gnu-tools-for-stm32.10.3-2021.10.win32_1.0.0.202111181127/tools/bin/../lib/gcc/arm-none-eabi/10.3.1/thumb/v7e-m+fp/hard/crtn.o
OUTPUT(ArcadeGame.elf elf32-littlearm)
LOAD linker stubs
LOAD c:/st/stm32cubeide_1.9.0/stm32cubeide/plugins/com.st.stm32cube.ide.mcu.externaltools.gnu-tools-for-stm32.10.3-2021.10.win32_1.0.0.202111181127/tools/bin/../lib/gcc/arm-none-eabi/10.3.1/../../../../arm-none-eabi/lib/thumb/v7e-m+fp/hard\libc.a
LOAD c:/st/stm32cubeide_1.9.0/stm32cubeide/plugins/com.st.stm32cube.ide.mcu.externaltools.gnu-tools-for-stm32.10.3-2021.10.win32_1.0.0.202111181127/tools/bin/../lib/gcc/arm-none-eabi/10.3.1/../../../../arm-none-eabi/lib/thumb/v7e-m+fp/hard\libm.a
LOAD c:/st/stm32cubeide_1.9.0/stm32cubeide/plugins/com.st.stm32cube.ide.mcu.externaltools.gnu-tools-for-stm32.10.3-2021.10.win32_1.0.0.202111181127/tools/bin/../lib/gcc/arm-none-eabi/10.3.1/thumb/v7e-m+fp/hard\libgcc.a

.debug_info     0x0000000000000000     0x80e6
 .debug_info    0x0000000000000000     0x1432 ./SPL/src/stm32f30x_adc.o
 .debug_info    0x0000000000001432      0xb43 ./SPL/src/stm32f30x_rcc.o
 .debug_info    0x0000000000001f75      0xfc5 ./SPL/src/stm32f30x_usart.o
 .debug_info    0x0000000000002f3a     0x139f ./Src/30010_io.o
 .debug_info    0x00000000000042d9      0x410 ./Src/Bullets.o
 .debug_info    0x00000000000046e9      0x51e ./Src/analog.o
 .debug_info    0x0000000000004c07      0x3a2 ./Src/ansi.o
 .debug_info    0x0000000000004fa9      0x50f ./Src/config.o
 .debug_info    0x00000000000054b8      0x565 ./Src/enemy.o
 .debug_info    0x0000000000005a1d      0x128 ./Src/gameBoard.o
 .debug_info    0x0000000000005b45      0x2fd ./Src/lcd.o
 .debug_info    0x0000000000005e42      0x72e ./Src/main.o
 .debug_info    0x0000000000006570      0x284 ./Src/player.o
 .debug_info    0x00000000000067f4       0xe5 ./Src/sets.o
 .debug_info    0x00000000000068d9      0x21b ./Src/sprite.o
 .debug_info    0x0000000000006af4      0x6ec ./Src/syscalls.o
 .debug_info    0x00000000000071e0      0x105 ./Src/sysmem.o
 .debug_info    0x00000000000072e5      0x483 ./Src/system_stm32f30x.o
 .debug_info    0x0000000000007768      0x95c ./Src/timer.o
 .debug_info    0x00000000000080c4       0x22 ./Startup/startup_stm32f302r8tx.o

.debug_abbrev   0x0000000000000000     0x1aa5
 .debug_abbrev  0x0000000000000000      0x1c4 ./SPL/src/stm32f30x_adc.o
 .debug_abbrev  0x00000000000001c4      0x203 ./SPL/src/stm32f30x_rcc.o
 .debug_abbrev  0x00000000000003c7      0x1a1 ./SPL/src/stm32f30x_usart.o
 .debug_abbrev  0x0000000000000568      0x381 ./Src/30010_io.o
 .debug_abbrev  0x00000000000008e9      0x133 ./Src/Bullets.o
 .debug_abbrev  0x0000000000000a1c      0x152 ./Src/analog.o
 .debug_abbrev  0x0000000000000b6e      0x136 ./Src/ansi.o
 .debug_abbrev  0x0000000000000ca4      0x10a ./Src/config.o
 .debug_abbrev  0x0000000000000dae      0x1dd ./Src/enemy.o
 .debug_abbrev  0x0000000000000f8b       0x9f ./Src/gameBoard.o
 .debug_abbrev  0x000000000000102a      0x113 ./Src/lcd.o
 .debug_abbrev  0x000000000000113d      0x1ae ./Src/main.o
 .debug_abbrev  0x00000000000012eb      0x106 ./Src/player.o
 .debug_abbrev  0x00000000000013f1       0x64 ./Src/sets.o
 .debug_abbrev  0x0000000000001455       0xcb ./Src/sprite.o
 .debug_abbrev  0x0000000000001520      0x1c4 ./Src/syscalls.o
 .debug_abbrev  0x00000000000016e4       0xbe ./Src/sysmem.o
 .debug_abbrev  0x00000000000017a2      0x141 ./Src/system_stm32f30x.o
 .debug_abbrev  0x00000000000018e3      0x1b0 ./Src/timer.o
 .debug_abbrev  0x0000000000001a93       0x12 ./Startup/startup_stm32f302r8tx.o

.debug_aranges  0x0000000000000000      0x950
 .debug_aranges
                0x0000000000000000      0x210 ./SPL/src/stm32f30x_adc.o
 .debug_aranges
                0x0000000000000210      0x150 ./SPL/src/stm32f30x_rcc.o
 .debug_aranges
                0x0000000000000360      0x1a0 ./SPL/src/stm32f30x_usart.o
 .debug_aranges
                0x0000000000000500       0x78 ./Src/30010_io.o
 .debug_aranges
                0x0000000000000578       0x48 ./Src/Bullets.o
 .debug_aranges
                0x00000000000005c0       0x28 ./Src/analog.o
 .debug_aranges
                0x00000000000005e8       0x70 ./Src/ansi.o
 .debug_aranges
                0x0000000000000658       0x30 ./Src/config.o
 .debug_aranges
                0x0000000000000688       0x38 ./Src/enemy.o
 .debug_aranges
                0x00000000000006c0       0x28 ./Src/gameBoard.o
 .debug_aranges
                0x00000000000006e8       0x30 ./Src/lcd.o
 .debug_aranges
                0x0000000000000718       0x28 ./Src/main.o
 .debug_aranges
                0x0000000000000740       0x58 ./Src/player.o
 .debug_aranges
                0x0000000000000798       0x18 ./Src/sets.o
 .debug_aranges
                0x00000000000007b0       0x48 ./Src/sprite.o
 .debug_aranges
                0x00000000000007f8       0xa8 ./Src/syscalls.o
 .debug_aranges
                0x00000000000008a0       0x20 ./Src/sysmem.o
 .debug_aranges
                0x00000000000008c0       0x30 ./Src/system_stm32f30x.o
 .debug_aranges
                0x00000000000008f0       0x38 ./Src/timer.o
 .debug_aranges
                0x0000000000000928       0x28 ./Startup/startup_stm32f302r8tx.o

.debug_ranges   0x0000000000000000      0x810
 .debug_ranges  0x0000000000000000      0x200 ./SPL/src/stm32f30x_adc.o
 .debug_ranges  0x0000000000000200      0x140 ./SPL/src/stm32f30x_rcc.o
 .debug_ranges  0x0000000000000340      0x190 ./SPL/src/stm32f30x_usart.o
 .debug_ranges  0x00000000000004d0       0x68 ./Src/30010_io.o
 .debug_ranges  0x0000000000000538       0x38 ./Src/Bullets.o
 .debug_ranges  0x0000000000000570       0x18 ./Src/analog.o
 .debug_ranges  0x0000000000000588       0x60 ./Src/ansi.o
 .debug_ranges  0x00000000000005e8       0x20 ./Src/config.o
 .debug_ranges  0x0000000000000608       0x28 ./Src/enemy.o
 .debug_ranges  0x0000000000000630       0x18 ./Src/gameBoard.o
 .debug_ranges  0x0000000000000648       0x20 ./Src/lcd.o
 .debug_ranges  0x0000000000000668       0x18 ./Src/main.o
 .debug_ranges  0x0000000000000680       0x48 ./Src/player.o
 .debug_ranges  0x00000000000006c8       0x38 ./Src/sprite.o
 .debug_ranges  0x0000000000000700       0x98 ./Src/syscalls.o
 .debug_ranges  0x0000000000000798       0x10 ./Src/sysmem.o
 .debug_ranges  0x00000000000007a8       0x20 ./Src/system_stm32f30x.o
 .debug_ranges  0x00000000000007c8       0x28 ./Src/timer.o
 .debug_ranges  0x00000000000007f0       0x20 ./Startup/startup_stm32f302r8tx.o

.debug_macro    0x0000000000000000    0x12391
 .debug_macro   0x0000000000000000      0x1b3 ./SPL/src/stm32f30x_adc.o
 .debug_macro   0x00000000000001b3      0xa8a ./SPL/src/stm32f30x_adc.o
 .debug_macro   0x0000000000000c3d       0x7a ./SPL/src/stm32f30x_adc.o
 .debug_macro   0x0000000000000cb7       0x35 ./SPL/src/stm32f30x_adc.o
 .debug_macro   0x0000000000000cec       0x22 ./SPL/src/stm32f30x_adc.o
 .debug_macro   0x0000000000000d0e       0x8e ./SPL/src/stm32f30x_adc.o
 .debug_macro   0x0000000000000d9c       0x51 ./SPL/src/stm32f30x_adc.o
 .debug_macro   0x0000000000000ded      0x103 ./SPL/src/stm32f30x_adc.o
 .debug_macro   0x0000000000000ef0       0x6a ./SPL/src/stm32f30x_adc.o
 .debug_macro   0x0000000000000f5a      0x1df ./SPL/src/stm32f30x_adc.o
 .debug_macro   0x0000000000001139       0x18 ./SPL/src/stm32f30x_adc.o
 .debug_macro   0x0000000000001151       0x42 ./SPL/src/stm32f30x_adc.o
 .debug_macro   0x0000000000001193      0x8cb ./SPL/src/stm32f30x_adc.o
 .debug_macro   0x0000000000001a5e     0x769b ./SPL/src/stm32f30x_adc.o
 .debug_macro   0x00000000000090f9      0x3c9 ./SPL/src/stm32f30x_adc.o
 .debug_macro   0x00000000000094c2       0x46 ./SPL/src/stm32f30x_adc.o
 .debug_macro   0x0000000000009508      0x231 ./SPL/src/stm32f30x_adc.o
 .debug_macro   0x0000000000009739      0x196 ./SPL/src/stm32f30x_adc.o
 .debug_macro   0x00000000000098cf       0x8e ./SPL/src/stm32f30x_adc.o
 .debug_macro   0x000000000000995d      0x3a8 ./SPL/src/stm32f30x_adc.o
 .debug_macro   0x0000000000009d05      0x114 ./SPL/src/stm32f30x_adc.o
 .debug_macro   0x0000000000009e19      0x1e4 ./SPL/src/stm32f30x_adc.o
 .debug_macro   0x0000000000009ffd      0x1b6 ./SPL/src/stm32f30x_adc.o
 .debug_macro   0x000000000000a1b3      0x1df ./SPL/src/stm32f30x_adc.o
 .debug_macro   0x000000000000a392      0x29a ./SPL/src/stm32f30x_adc.o
 .debug_macro   0x000000000000a62c       0x70 ./SPL/src/stm32f30x_adc.o
 .debug_macro   0x000000000000a69c      0x10c ./SPL/src/stm32f30x_adc.o
 .debug_macro   0x000000000000a7a8       0xb8 ./SPL/src/stm32f30x_adc.o
 .debug_macro   0x000000000000a860      0x5c6 ./SPL/src/stm32f30x_adc.o
 .debug_macro   0x000000000000ae26      0x551 ./SPL/src/stm32f30x_adc.o
 .debug_macro   0x000000000000b377      0x3ab ./SPL/src/stm32f30x_adc.o
 .debug_macro   0x000000000000b722      0x8d8 ./SPL/src/stm32f30x_adc.o
 .debug_macro   0x000000000000bffa      0x364 ./SPL/src/stm32f30x_adc.o
 .debug_macro   0x000000000000c35e       0x34 ./SPL/src/stm32f30x_adc.o
 .debug_macro   0x000000000000c392       0x89 ./SPL/src/stm32f30x_adc.o
 .debug_macro   0x000000000000c41b       0x35 ./SPL/src/stm32f30x_adc.o
 .debug_macro   0x000000000000c450      0x5a6 ./SPL/src/stm32f30x_adc.o
 .debug_macro   0x000000000000c9f6      0x238 ./SPL/src/stm32f30x_rcc.o
 .debug_macro   0x000000000000cc2e      0x5c0 ./SPL/src/stm32f30x_rcc.o
 .debug_macro   0x000000000000d1ee      0x1b3 ./SPL/src/stm32f30x_usart.o
 .debug_macro   0x000000000000d3a1      0x35e ./SPL/src/stm32f30x_usart.o
 .debug_macro   0x000000000000d6ff      0x305 ./Src/30010_io.o
 .debug_macro   0x000000000000da04       0x52 ./Src/30010_io.o
 .debug_macro   0x000000000000da56       0x1e ./Src/30010_io.o
 .debug_macro   0x000000000000da74       0x3c ./Src/30010_io.o
 .debug_macro   0x000000000000dab0       0x34 ./Src/30010_io.o
 .debug_macro   0x000000000000dae4       0x16 ./Src/30010_io.o
 .debug_macro   0x000000000000dafa       0x97 ./Src/30010_io.o
 .debug_macro   0x000000000000db91      0x341 ./Src/30010_io.o
 .debug_macro   0x000000000000ded2       0xfd ./Src/30010_io.o
 .debug_macro   0x000000000000dfcf       0x10 ./Src/30010_io.o
 .debug_macro   0x000000000000dfdf       0x16 ./Src/30010_io.o
 .debug_macro   0x000000000000dff5       0x43 ./Src/30010_io.o
 .debug_macro   0x000000000000e038       0x34 ./Src/30010_io.o
 .debug_macro   0x000000000000e06c       0x10 ./Src/30010_io.o
 .debug_macro   0x000000000000e07c       0x58 ./Src/30010_io.o
 .debug_macro   0x000000000000e0d4       0x71 ./Src/30010_io.o
 .debug_macro   0x000000000000e145       0x1c ./Src/30010_io.o
 .debug_macro   0x000000000000e161      0x12a ./Src/30010_io.o
 .debug_macro   0x000000000000e28b       0x10 ./Src/30010_io.o
 .debug_macro   0x000000000000e29b       0x1c ./Src/30010_io.o
 .debug_macro   0x000000000000e2b7       0x52 ./Src/30010_io.o
 .debug_macro   0x000000000000e309       0x22 ./Src/30010_io.o
 .debug_macro   0x000000000000e32b       0x10 ./Src/30010_io.o
 .debug_macro   0x000000000000e33b       0x52 ./Src/30010_io.o
 .debug_macro   0x000000000000e38d       0xd5 ./Src/30010_io.o
 .debug_macro   0x000000000000e462       0x1c ./Src/30010_io.o
 .debug_macro   0x000000000000e47e       0x3d ./Src/30010_io.o
 .debug_macro   0x000000000000e4bb       0x16 ./Src/30010_io.o
 .debug_macro   0x000000000000e4d1      0x145 ./Src/30010_io.o
 .debug_macro   0x000000000000e616      0x3a7 ./Src/Bullets.o
 .debug_macro   0x000000000000e9bd       0x10 ./Src/Bullets.o
 .debug_macro   0x000000000000e9cd       0x16 ./Src/Bullets.o
 .debug_macro   0x000000000000e9e3      0x3a7 ./Src/analog.o
 .debug_macro   0x000000000000ed8a      0x3ad ./Src/ansi.o
 .debug_macro   0x000000000000f137      0x3a7 ./Src/config.o
 .debug_macro   0x000000000000f4de      0x3a7 ./Src/enemy.o
 .debug_macro   0x000000000000f885      0x3a7 ./Src/gameBoard.o
 .debug_macro   0x000000000000fc2c      0x3a7 ./Src/lcd.o
 .debug_macro   0x000000000000ffd3      0x3a3 ./Src/main.o
 .debug_macro   0x0000000000010376      0x3a7 ./Src/player.o
 .debug_macro   0x000000000001071d      0x3a7 ./Src/sets.o
 .debug_macro   0x0000000000010ac4      0x3a7 ./Src/sprite.o
 .debug_macro   0x0000000000010e6b      0x24c ./Src/syscalls.o
 .debug_macro   0x00000000000110b7       0x4c ./Src/syscalls.o
 .debug_macro   0x0000000000011103       0x94 ./Src/syscalls.o
 .debug_macro   0x0000000000011197       0x57 ./Src/syscalls.o
 .debug_macro   0x00000000000111ee      0x174 ./Src/syscalls.o
 .debug_macro   0x0000000000011362       0x10 ./Src/syscalls.o
 .debug_macro   0x0000000000011372       0x35 ./Src/syscalls.o
 .debug_macro   0x00000000000113a7       0x10 ./Src/syscalls.o
 .debug_macro   0x00000000000113b7       0x10 ./Src/syscalls.o
 .debug_macro   0x00000000000113c7       0x35 ./Src/syscalls.o
 .debug_macro   0x00000000000113fc      0x12c ./Src/syscalls.o
 .debug_macro   0x0000000000011528       0x16 ./Src/syscalls.o
 .debug_macro   0x000000000001153e       0x16 ./Src/syscalls.o
 .debug_macro   0x0000000000011554       0x29 ./Src/syscalls.o
 .debug_macro   0x000000000001157d       0x10 ./Src/syscalls.o
 .debug_macro   0x000000000001158d      0x241 ./Src/syscalls.o
 .debug_macro   0x00000000000117ce       0x1c ./Src/syscalls.o
 .debug_macro   0x00000000000117ea       0x10 ./Src/syscalls.o
 .debug_macro   0x00000000000117fa      0x189 ./Src/syscalls.o
 .debug_macro   0x0000000000011983       0x16 ./Src/syscalls.o
 .debug_macro   0x0000000000011999       0xce ./Src/syscalls.o
 .debug_macro   0x0000000000011a67      0x1b1 ./Src/sysmem.o
 .debug_macro   0x0000000000011c18      0x23b ./Src/sysmem.o
 .debug_macro   0x0000000000011e53      0x197 ./Src/system_stm32f30x.o
 .debug_macro   0x0000000000011fea      0x3a7 ./Src/timer.o

.debug_line     0x0000000000000000     0xdf53
 .debug_line    0x0000000000000000     0x11a8 ./SPL/src/stm32f30x_adc.o
 .debug_line    0x00000000000011a8      0xee4 ./SPL/src/stm32f30x_rcc.o
 .debug_line    0x000000000000208c      0xe2f ./SPL/src/stm32f30x_usart.o
 .debug_line    0x0000000000002ebb      0xc5a ./Src/30010_io.o
 .debug_line    0x0000000000003b15      0xdfd ./Src/Bullets.o
 .debug_line    0x0000000000004912      0x9da ./Src/analog.o
 .debug_line    0x00000000000052ec      0xb83 ./Src/ansi.o
 .debug_line    0x0000000000005e6f      0xa38 ./Src/config.o
 .debug_line    0x00000000000068a7      0xd28 ./Src/enemy.o
 .debug_line    0x00000000000075cf      0xa7d ./Src/gameBoard.o
 .debug_line    0x000000000000804c      0xaee ./Src/lcd.o
 .debug_line    0x0000000000008b3a      0xa25 ./Src/main.o
 .debug_line    0x000000000000955f     0x159b ./Src/player.o
 .debug_line    0x000000000000aafa      0x970 ./Src/sets.o
 .debug_line    0x000000000000b46a      0xa8c ./Src/sprite.o
 .debug_line    0x000000000000bef6      0x7ea ./Src/syscalls.o
 .debug_line    0x000000000000c6e0      0x572 ./Src/sysmem.o
 .debug_line    0x000000000000cc52      0x7e9 ./Src/system_stm32f30x.o
 .debug_line    0x000000000000d43b      0xa94 ./Src/timer.o
 .debug_line    0x000000000000decf       0x84 ./Startup/startup_stm32f302r8tx.o

.debug_str      0x0000000000000000    0x5aeb6
 .debug_str     0x0000000000000000    0x53477 ./SPL/src/stm32f30x_adc.o
                                      0x53613 (size before relaxing)
 .debug_str     0x0000000000053477      0xa3e ./SPL/src/stm32f30x_rcc.o
                                      0x53631 (size before relaxing)
 .debug_str     0x0000000000053eb5      0x7ef ./SPL/src/stm32f30x_usart.o
                                      0x53545 (size before relaxing)
 .debug_str     0x00000000000546a4     0x4920 ./Src/30010_io.o
                                      0x57824 (size before relaxing)
 .debug_str     0x0000000000058fc4      0x1e7 ./Src/Bullets.o
                                      0x56e14 (size before relaxing)
 .debug_str     0x00000000000591ab       0x2f ./Src/analog.o
                                      0x56ef3 (size before relaxing)
 .debug_str     0x00000000000591da       0x8e ./Src/ansi.o
                                      0x56dcd (size before relaxing)
 .debug_str     0x0000000000059268       0x2b ./Src/config.o
                                      0x56ea2 (size before relaxing)
 .debug_str     0x0000000000059293       0x53 ./Src/enemy.o
                                      0x56f27 (size before relaxing)
 .debug_str     0x00000000000592e6       0x28 ./Src/gameBoard.o
                                      0x56d4b (size before relaxing)
 .debug_str     0x000000000005930e       0x8a ./Src/lcd.o
                                      0x56dc2 (size before relaxing)
 .debug_str     0x0000000000059398      0x120 ./Src/main.o
                                      0x56fc0 (size before relaxing)
 .debug_str     0x00000000000594b8       0x77 ./Src/player.o
                                      0x56ddb (size before relaxing)
 .debug_str     0x000000000005952f        0xe ./Src/sets.o
                                      0x56d17 (size before relaxing)
 .debug_str     0x000000000005953d       0x37 ./Src/sprite.o
                                      0x56d82 (size before relaxing)
 .debug_str     0x0000000000059574     0x1749 ./Src/syscalls.o
                                       0x8ad1 (size before relaxing)
 .debug_str     0x000000000005acbd       0x31 ./Src/sysmem.o
                                       0x7798 (size before relaxing)
 .debug_str     0x000000000005acee       0xda ./Src/system_stm32f30x.o
                                      0x52cc3 (size before relaxing)
 .debug_str     0x000000000005adc8       0x36 ./Src/timer.o
                                      0x57388 (size before relaxing)
 .debug_str     0x000000000005adfe       0xb8 ./Startup/startup_stm32f302r8tx.o

.comment        0x0000000000000000       0x50
 .comment       0x0000000000000000       0x50 ./SPL/src/stm32f30x_adc.o
                                         0x51 (size before relaxing)
 .comment       0x0000000000000050       0x51 ./SPL/src/stm32f30x_rcc.o
 .comment       0x0000000000000050       0x51 ./SPL/src/stm32f30x_usart.o
 .comment       0x0000000000000050       0x51 ./Src/30010_io.o
 .comment       0x0000000000000050       0x51 ./Src/Bullets.o
 .comment       0x0000000000000050       0x51 ./Src/analog.o
 .comment       0x0000000000000050       0x51 ./Src/ansi.o
 .comment       0x0000000000000050       0x51 ./Src/config.o
 .comment       0x0000000000000050       0x51 ./Src/enemy.o
 .comment       0x0000000000000050       0x51 ./Src/gameBoard.o
 .comment       0x0000000000000050       0x51 ./Src/lcd.o
 .comment       0x0000000000000050       0x51 ./Src/main.o
 .comment       0x0000000000000050       0x51 ./Src/player.o
 .comment       0x0000000000000050       0x51 ./Src/sets.o
 .comment       0x0000000000000050       0x51 ./Src/sprite.o
 .comment       0x0000000000000050       0x51 ./Src/syscalls.o
 .comment       0x0000000000000050       0x51 ./Src/sysmem.o
 .comment       0x0000000000000050       0x51 ./Src/system_stm32f30x.o
 .comment       0x0000000000000050       0x51 ./Src/timer.o

.debug_frame    0x0000000000000000     0x2f58
 .debug_frame   0x0000000000000000      0x9e4 ./SPL/src/stm32f30x_adc.o
 .debug_frame   0x00000000000009e4      0x60c ./SPL/src/stm32f30x_rcc.o
 .debug_frame   0x0000000000000ff0      0x7b0 ./SPL/src/stm32f30x_usart.o
 .debug_frame   0x00000000000017a0      0x1b4 ./Src/30010_io.o
 .debug_frame   0x0000000000001954       0xf0 ./Src/Bullets.o
 .debug_frame   0x0000000000001a44       0x5c ./Src/analog.o
 .debug_frame   0x0000000000001aa0      0x194 ./Src/ansi.o
 .debug_frame   0x0000000000001c34       0x74 ./Src/config.o
 .debug_frame   0x0000000000001ca8       0xa8 ./Src/enemy.o
 .debug_frame   0x0000000000001d50       0x58 ./Src/gameBoard.o
 .debug_frame   0x0000000000001da8       0x7c ./Src/lcd.o
 .debug_frame   0x0000000000001e24       0x50 ./Src/main.o
 .debug_frame   0x0000000000001e74      0x140 ./Src/player.o
 .debug_frame   0x0000000000001fb4       0xf4 ./Src/sprite.o
 .debug_frame   0x00000000000020a8      0x2ac ./Src/syscalls.o
 .debug_frame   0x0000000000002354       0x34 ./Src/sysmem.o
 .debug_frame   0x0000000000002388       0x74 ./Src/system_stm32f30x.o
 .debug_frame   0x00000000000023fc       0xa4 ./Src/timer.o
 .debug_frame   0x00000000000024a0       0x20 c:/st/stm32cubeide_1.9.0/stm32cubeide/plugins/com.st.stm32cube.ide.mcu.externaltools.gnu-tools-for-stm32.10.3-2021.10.win32_1.0.0.202111181127/tools/bin/../lib/gcc/arm-none-eabi/10.3.1/../../../../arm-none-eabi/lib/thumb/v7e-m+fp/hard\libc_nano.a(lib_a-errno.o)
 .debug_frame   0x00000000000024c0       0x2c c:/st/stm32cubeide_1.9.0/stm32cubeide/plugins/com.st.stm32cube.ide.mcu.externaltools.gnu-tools-for-stm32.10.3-2021.10.win32_1.0.0.202111181127/tools/bin/../lib/gcc/arm-none-eabi/10.3.1/../../../../arm-none-eabi/lib/thumb/v7e-m+fp/hard\libc_nano.a(lib_a-init.o)
 .debug_frame   0x00000000000024ec       0x20 c:/st/stm32cubeide_1.9.0/stm32cubeide/plugins/com.st.stm32cube.ide.mcu.externaltools.gnu-tools-for-stm32.10.3-2021.10.win32_1.0.0.202111181127/tools/bin/../lib/gcc/arm-none-eabi/10.3.1/../../../../arm-none-eabi/lib/thumb/v7e-m+fp/hard\libc_nano.a(lib_a-memset.o)
 .debug_frame   0x000000000000250c       0x74 c:/st/stm32cubeide_1.9.0/stm32cubeide/plugins/com.st.stm32cube.ide.mcu.externaltools.gnu-tools-for-stm32.10.3-2021.10.win32_1.0.0.202111181127/tools/bin/../lib/gcc/arm-none-eabi/10.3.1/../../../../arm-none-eabi/lib/thumb/v7e-m+fp/hard\libc_nano.a(lib_a-printf.o)
 .debug_frame   0x0000000000002580       0x50 c:/st/stm32cubeide_1.9.0/stm32cubeide/plugins/com.st.stm32cube.ide.mcu.externaltools.gnu-tools-for-stm32.10.3-2021.10.win32_1.0.0.202111181127/tools/bin/../lib/gcc/arm-none-eabi/10.3.1/../../../../arm-none-eabi/lib/thumb/v7e-m+fp/hard\libc_nano.a(lib_a-putchar.o)
 .debug_frame   0x00000000000025d0       0x20 c:/st/stm32cubeide_1.9.0/stm32cubeide/plugins/com.st.stm32cube.ide.mcu.externaltools.gnu-tools-for-stm32.10.3-2021.10.win32_1.0.0.202111181127/tools/bin/../lib/gcc/arm-none-eabi/10.3.1/../../../../arm-none-eabi/lib/thumb/v7e-m+fp/hard\libc_nano.a(lib_a-setbuf.o)
 .debug_frame   0x00000000000025f0       0x38 c:/st/stm32cubeide_1.9.0/stm32cubeide/plugins/com.st.stm32cube.ide.mcu.externaltools.gnu-tools-for-stm32.10.3-2021.10.win32_1.0.0.202111181127/tools/bin/../lib/gcc/arm-none-eabi/10.3.1/../../../../arm-none-eabi/lib/thumb/v7e-m+fp/hard\libc_nano.a(lib_a-setvbuf.o)
 .debug_frame   0x0000000000002628       0x6c c:/st/stm32cubeide_1.9.0/stm32cubeide/plugins/com.st.stm32cube.ide.mcu.externaltools.gnu-tools-for-stm32.10.3-2021.10.win32_1.0.0.202111181127/tools/bin/../lib/gcc/arm-none-eabi/10.3.1/../../../../arm-none-eabi/lib/thumb/v7e-m+fp/hard\libc_nano.a(lib_a-sprintf.o)
 .debug_frame   0x0000000000002694       0x5c c:/st/stm32cubeide_1.9.0/stm32cubeide/plugins/com.st.stm32cube.ide.mcu.externaltools.gnu-tools-for-stm32.10.3-2021.10.win32_1.0.0.202111181127/tools/bin/../lib/gcc/arm-none-eabi/10.3.1/../../../../arm-none-eabi/lib/thumb/v7e-m+fp/hard\libc_nano.a(lib_a-fflush.o)
 .debug_frame   0x00000000000026f0      0x14c c:/st/stm32cubeide_1.9.0/stm32cubeide/plugins/com.st.stm32cube.ide.mcu.externaltools.gnu-tools-for-stm32.10.3-2021.10.win32_1.0.0.202111181127/tools/bin/../lib/gcc/arm-none-eabi/10.3.1/../../../../arm-none-eabi/lib/thumb/v7e-m+fp/hard\libc_nano.a(lib_a-findfp.o)
 .debug_frame   0x000000000000283c       0x54 c:/st/stm32cubeide_1.9.0/stm32cubeide/plugins/com.st.stm32cube.ide.mcu.externaltools.gnu-tools-for-stm32.10.3-2021.10.win32_1.0.0.202111181127/tools/bin/../lib/gcc/arm-none-eabi/10.3.1/../../../../arm-none-eabi/lib/thumb/v7e-m+fp/hard\libc_nano.a(lib_a-fwalk.o)
 .debug_frame   0x0000000000002890       0xb0 c:/st/stm32cubeide_1.9.0/stm32cubeide/plugins/com.st.stm32cube.ide.mcu.externaltools.gnu-tools-for-stm32.10.3-2021.10.win32_1.0.0.202111181127/tools/bin/../lib/gcc/arm-none-eabi/10.3.1/../../../../arm-none-eabi/lib/thumb/v7e-m+fp/hard\libc_nano.a(lib_a-lock.o)