Archive member included to satisfy reference by file (symbol)

c:/st/stm32cubeide_1.9.0/stm32cubeide/plugins/com.st.stm32cube.ide.mcu.externaltools.gnu-tools-for-stm32.10.3-2021.10.win32_1.0.0.202111181127/tools/bin/../lib/gcc/arm-none-eabi/10.3.1/../../../../arm-none-eabi/lib/thumb/v7e-m+fp/hard\libc_nano.a(lib_a-errno.o)
                              ./Src/syscalls.o (__errno)
c:/st/stm32cubeide_1.9.0/stm32cubeide/plugins/com.st.stm32cube.ide.mcu.externaltools.gnu-tools-for-stm32.10.3-2021.10.win32_1.0.0.202111181127/tools/bin/../lib/gcc/arm-none-eabi/10.3.1/../../../../arm-none-eabi/lib/thumb/v7e-m+fp/hard\libc_nano.a(lib_a-exit.o)
                              c:/st/stm32cubeide_1.9.0/stm32cubeide/plugins/com.st.stm32cube.ide.mcu.externaltools.gnu-tools-for-stm32.10.3-2021.10.win32_1.0.0.202111181127/tools/bin/../lib/gcc/arm-none-eabi/10.3.1/../../../../arm-none-eabi/lib/thumb/v7e-m+fp/hard/crt0.o (exit)
c:/st/stm32cubeide_1.9.0/stm32cubeide/plugins/com.st.stm32cube.ide.mcu.externaltools.gnu-tools-for-stm32.10.3-2021.10.win32_1.0.0.202111181127/tools/bin/../lib/gcc/arm-none-eabi/10.3.1/../../../../arm-none-eabi/lib/thumb/v7e-m+fp/hard\libc_nano.a(lib_a-impure.o)
                              c:/st/stm32cubeide_1.9.0/stm32cubeide/plugins/com.st.stm32cube.ide.mcu.externaltools.gnu-tools-for-stm32.10.3-2021.10.win32_1.0.0.202111181127/tools/bin/../lib/gcc/arm-none-eabi/10.3.1/../../../../arm-none-eabi/lib/thumb/v7e-m+fp/hard\libc_nano.a(lib_a-exit.o) (_global_impure_ptr)
c:/st/stm32cubeide_1.9.0/stm32cubeide/plugins/com.st.stm32cube.ide.mcu.externaltools.gnu-tools-for-stm32.10.3-2021.10.win32_1.0.0.202111181127/tools/bin/../lib/gcc/arm-none-eabi/10.3.1/../../../../arm-none-eabi/lib/thumb/v7e-m+fp/hard\libc_nano.a(lib_a-init.o)
                              c:/st/stm32cubeide_1.9.0/stm32cubeide/plugins/com.st.stm32cube.ide.mcu.externaltools.gnu-tools-for-stm32.10.3-2021.10.win32_1.0.0.202111181127/tools/bin/../lib/gcc/arm-none-eabi/10.3.1/../../../../arm-none-eabi/lib/thumb/v7e-m+fp/hard/crt0.o (__libc_init_array)
c:/st/stm32cubeide_1.9.0/stm32cubeide/plugins/com.st.stm32cube.ide.mcu.externaltools.gnu-tools-for-stm32.10.3-2021.10.win32_1.0.0.202111181127/tools/bin/../lib/gcc/arm-none-eabi/10.3.1/../../../../arm-none-eabi/lib/thumb/v7e-m+fp/hard\libc_nano.a(lib_a-memset.o)
                              c:/st/stm32cubeide_1.9.0/stm32cubeide/plugins/com.st.stm32cube.ide.mcu.externaltools.gnu-tools-for-stm32.10.3-2021.10.win32_1.0.0.202111181127/tools/bin/../lib/gcc/arm-none-eabi/10.3.1/../../../../arm-none-eabi/lib/thumb/v7e-m+fp/hard/crt0.o (memset)
c:/st/stm32cubeide_1.9.0/stm32cubeide/plugins/com.st.stm32cube.ide.mcu.externaltools.gnu-tools-for-stm32.10.3-2021.10.win32_1.0.0.202111181127/tools/bin/../lib/gcc/arm-none-eabi/10.3.1/../../../../arm-none-eabi/lib/thumb/v7e-m+fp/hard\libc_nano.a(lib_a-printf.o)
                              ./Src/ansi.o (printf)
c:/st/stm32cubeide_1.9.0/stm32cubeide/plugins/com.st.stm32cube.ide.mcu.externaltools.gnu-tools-for-stm32.10.3-2021.10.win32_1.0.0.202111181127/tools/bin/../lib/gcc/arm-none-eabi/10.3.1/../../../../arm-none-eabi/lib/thumb/v7e-m+fp/hard\libc_nano.a(lib_a-putchar.o)
                              ./Src/Bullets.o (putchar)
c:/st/stm32cubeide_1.9.0/stm32cubeide/plugins/com.st.stm32cube.ide.mcu.externaltools.gnu-tools-for-stm32.10.3-2021.10.win32_1.0.0.202111181127/tools/bin/../lib/gcc/arm-none-eabi/10.3.1/../../../../arm-none-eabi/lib/thumb/v7e-m+fp/hard\libc_nano.a(lib_a-setbuf.o)
                              ./Src/30010_io.o (setbuf)
c:/st/stm32cubeide_1.9.0/stm32cubeide/plugins/com.st.stm32cube.ide.mcu.externaltools.gnu-tools-for-stm32.10.3-2021.10.win32_1.0.0.202111181127/tools/bin/../lib/gcc/arm-none-eabi/10.3.1/../../../../arm-none-eabi/lib/thumb/v7e-m+fp/hard\libc_nano.a(lib_a-setvbuf.o)
                              c:/st/stm32cubeide_1.9.0/stm32cubeide/plugins/com.st.stm32cube.ide.mcu.externaltools.gnu-tools-for-stm32.10.3-2021.10.win32_1.0.0.202111181127/tools/bin/../lib/gcc/arm-none-eabi/10.3.1/../../../../arm-none-eabi/lib/thumb/v7e-m+fp/hard\libc_nano.a(lib_a-setbuf.o) (setvbuf)
c:/st/stm32cubeide_1.9.0/stm32cubeide/plugins/com.st.stm32cube.ide.mcu.externaltools.gnu-tools-for-stm32.10.3-2021.10.win32_1.0.0.202111181127/tools/bin/../lib/gcc/arm-none-eabi/10.3.1/../../../../arm-none-eabi/lib/thumb/v7e-m+fp/hard\libc_nano.a(lib_a-sprintf.o)
                              ./Src/lcd.o (sprintf)
c:/st/stm32cubeide_1.9.0/stm32cubeide/plugins/com.st.stm32cube.ide.mcu.externaltools.gnu-tools-for-stm32.10.3-2021.10.win32_1.0.0.202111181127/tools/bin/../lib/gcc/arm-none-eabi/10.3.1/../../../../arm-none-eabi/lib/thumb/v7e-m+fp/hard\libc_nano.a(lib_a-strlen.o)
                              ./Src/lcd.o (strlen)
[...]
Memory Configuration

Name             Origin             Length             Attributes
RAM              0x0000000020000000 0x0000000000004000 xrw
ROM              0x0000000008000000 0x0000000000010000 xr
*default*        0x0000000000000000 0xffffffffffffffff

Linker script and memory map

LOAD c:/st/stm32cubeide_1.9.0/stm32cubeide/plugins/com.st.stm32cube.ide.mcu.externaltools.gnu-tools-for-stm32.10.3-2021.10.win32_1.0.0.202111181127/tools/bin/../lib/gcc/arm-none-eabi/10.3.1/thumb/v7e-m+fp/hard/crti.o
LOAD c:/st/stm32cubeide_1.9.0/stm32cubeide/plugins/com.st.stm32cube.ide.mcu.externaltools.gnu-tools-for-stm32.10.3-2021.10.win32_1.0.0.202111181127/tools/bin/../lib/gcc/arm-none-eabi/10.3.1/thumb/v7e-m+fp/hard/crtbegin.o
LOAD c:/st/stm32cubeide_1.9.0/stm32cubeide/plugins/com.st.stm32cube.ide.mcu.externaltools.gnu-tools-for-stm32.10.3-2021.10.win32_1.0.0.202111181127/tools/bin/../lib/gcc/arm-none-eabi/10.3.1/../../../../arm-none-eabi/lib/thumb/v7e-m+fp/hard/crt0.o
LOAD ./SPL/src/stm32f30x_adc.o
LOAD ./SPL/src/stm32f30x_can.o
LOAD ./SPL/src/stm32f30x_comp.o
LOAD ./SPL/src/stm32f30x_crc.o
LOAD ./SPL/src/stm32f30x_dac.o
LOAD ./SPL/src/stm32f30x_dbgmcu.o
LOAD ./SPL/src/stm32f30x_dma.o
LOAD ./SPL/src/stm32f30x_exti.o
LOAD ./SPL/src/stm32f30x_flash.o
LOAD ./SPL/src/stm32f30x_gpio.o
LOAD ./SPL/src/stm32f30x_i2c.o
LOAD ./SPL/src/stm32f30x_iwdg.o
LOAD ./SPL/src/stm32f30x_misc.o
LOAD ./SPL/src/stm32f30x_opamp.o
LOAD ./SPL/src/stm32f30x_pwr.o
LOAD ./SPL/src/stm32f30x_rcc.o
LOAD ./SPL/src/stm32f30x_rtc.o
LOAD ./SPL/src/stm32f30x_spi.o
LOAD ./SPL/src/stm32f30x_syscfg.o
LOAD ./SPL/src/stm32f30x_tim.o
LOAD ./SPL/src/stm32f30x_usart.o
LOAD ./SPL/src/stm32f30x_wwdg.o
LOAD ./Src/30010_io.o
LOAD ./Src/Bullets.o
LOAD ./Src/PCBJoystick.o
LOAD ./Src/analog.o
LOAD ./Src/ansi.o
LOAD ./Src/astroid.o
LOAD ./Src/buzz.o
LOAD ./Src/collision.o
LOAD ./Src/config.o
LOAD ./Src/enemy.o
LOAD ./Src/gameBoard.o
LOAD ./Src/include.o
LOAD ./Src/lcd.o
LOAD ./Src/letters.o
LOAD ./Src/main.o
LOAD ./Src/math.o
LOAD ./Src/player.o
LOAD ./Src/sets.o
LOAD ./Src/sinlut.o
LOAD ./Src/sprite.o
LOAD ./Src/syscalls.o
LOAD ./Src/sysmem.o
LOAD ./Src/system_stm32f30x.o
LOAD ./Src/timer.o
LOAD ./Startup/startup_stm32f302r8tx.o
START GROUP
LOAD c:/st/stm32cubeide_1.9.0/stm32cubeide/plugins/com.st.stm32cube.ide.mcu.externaltools.gnu-tools-for-stm32.10.3-2021.10.win32_1.0.0.202111181127/tools/bin/../lib/gcc/arm-none-eabi/10.3.1/../../../../arm-none-eabi/lib/thumb/v7e-m+fp/hard\libc_nano.a
LOAD c:/st/stm32cubeide_1.9.0/stm32cubeide/plugins/com.st.stm32cube.ide.mcu.externaltools.gnu-tools-for-stm32.10.3-2021.10.win32_1.0.0.202111181127/tools/bin/../lib/gcc/arm-none-eabi/10.3.1/../../../../arm-none-eabi/lib/thumb/v7e-m+fp/hard\libm.a
END GROUP
START GROUP
LOAD c:/st/stm32cubeide_1.9.0/stm32cubeide/plugins/com.st.stm32cube.ide.mcu.externaltools.gnu-tools-for-stm32.10.3-2021.10.win32_1.0.0.202111181127/tools/bin/../lib/gcc/arm-none-eabi/10.3.1/thumb/v7e-m+fp/hard\libgcc.a
LOAD c:/st/stm32cubeide_1.9.0/stm32cubeide/plugins/com.st.stm32cube.ide.mcu.externaltools.gnu-tools-for-stm32.10.3-2021.10.win32_1.0.0.202111181127/tools/bin/../lib/gcc/arm-none-eabi/10.3.1/../../../../arm-none-eabi/lib/thumb/v7e-m+fp/hard\libc_nano.a
END GROUP
START GROUP
LOAD c:/st/stm32cubeide_1.9.0/stm32cubeide/plugins/com.st.stm32cube.ide.mcu.externaltools.gnu-tools-for-stm32.10.3-2021.10.win32_1.0.0.202111181127/tools/bin/../lib/gcc/arm-none-eabi/10.3.1/thumb/v7e-m+fp/hard\libgcc.a
LOAD c:/st/stm32cubeide_1.9.0/stm32cubeide/plugins/com.st.stm32cube.ide.mcu.externaltools.gnu-tools-for-stm32.10.3-2021.10.win32_1.0.0.202111181127/tools/bin/../lib/gcc/arm-none-eabi/10.3.1/../../../../arm-none-eabi/lib/thumb/v7e-m+fp/hard\libc_nano.a
LOAD c:/st/stm32cubeide_1.9.0/stm32cubeide/plugins/com.st.stm32cube.ide.mcu.externaltools.gnu-tools-for-stm32.10.3-2021.10.win32_1.0.0.202111181127/tools/bin/../lib/gcc/arm-none-eabi/10.3.1/../../../../arm-none-eabi/lib/thumb/v7e-m+fp/hard\libnosys.a
END GROUP
START GROUP
LOAD c:/st/stm32cubeide_1.9.0/stm32cubeide/plugins/com.st.stm32cube.ide.mcu.externaltools.gnu-tools-for-stm32.10.3-2021.10.win32_1.0.0.202111181127/tools/bin/../lib/gcc/arm-none-eabi/10.3.1/thumb/v7e-m+fp/hard\libgcc.a
LOAD c:/st/stm32cubeide_1.9.0/stm32cubeide/plugins/com.st.stm32cube.ide.mcu.externaltools.gnu-tools-for-stm32.10.3-2021.10.win32_1.0.0.202111181127/tools/bin/../lib/gcc/arm-none-eabi/10.3.1/../../../../arm-none-eabi/lib/thumb/v7e-m+fp/hard\libc_nano.a
LOAD c:/st/stm32cubeide_1.9.0/stm32cubeide/plugins/com.st.stm32cube.ide.mcu.externaltools.gnu-tools-for-stm32.10.3-2021.10.win32_1.0.0.202111181127/tools/bin/../lib/gcc/arm-none-eabi/10.3.1/../../../../arm-none-eabi/lib/thumb/v7e-m+fp/hard\libnosys.a
END GROUP
LOAD c:/st/stm32cubeide_1.9.0/stm32cubeide/plugins/com.st.stm32cube.ide.mcu.externaltools.gnu-tools-for-stm32.10.3-2021.10.win32_1.0.0.202111181127/tools/bin/../lib/gcc/arm-none-eabi/10.3.1/thumb/v7e-m+fp/hard/crtend.o
LOAD c:/st/stm32cubeide_1.9.0/stm32cubeide/plugins/com.st.stm32cube.ide.mcu.externaltools.gnu-tools-for-stm32.10.3-2021.10.win32_1.0.0.202111181127/tools/bin/../lib/gcc/arm-none-eabi/10.3.1/thumb/v7e-m+fp/hard/crtn.o
                0x0000000020004000                _estack = (ORIGIN (RAM) + LENGTH (RAM))
                0x0000000000000200                _Min_Heap_Size = 0x200
                0x0000000000000400                _Min_Stack_Size = 0x400

.isr_vector     0x0000000008000000      0x188
                0x0000000008000000                . = ALIGN (0x4)
 *(.isr_vector)
 .isr_vector    0x0000000008000000      0x188 ./Startup/startup_stm32f302r8tx.o
                0x0000000008000000                g_pfnVectors
                0x0000000008000188                . = ALIGN (0x4)

.text           0x0000000008000190     0x5d9c
                0x0000000008000190                . = ALIGN (0x4)
 *(.text)
 .text          0x0000000008000190       0x40 c:/st/stm32cubeide_1.9.0/stm32cubeide/plugins/com.st.stm32cube.ide.mcu.externaltools.gnu-tools-for-stm32.10.3-2021.10.win32_1.0.0.202111181127/tools/bin/../lib/gcc/arm-none-eabi/10.3.1/thumb/v7e-m+fp/hard/crtbegin.o
 .text          0x00000000080001d0       0x10 c:/st/stm32cubeide_1.9.0/stm32cubeide/plugins/com.st.stm32cube.ide.mcu.externaltools.gnu-tools-for-stm32.10.3-2021.10.win32_1.0.0.202111181127/tools/bin/../lib/gcc/arm-none-eabi/10.3.1/../../../../arm-none-eabi/lib/thumb/v7e-m+fp/hard\libc_nano.a(lib_a-strlen.o)
                0x00000000080001d0                strlen
 .text          0x00000000080001e0       0xa0 c:/st/stm32cubeide_1.9.0/stm32cubeide/plugins/com.st.stm32cube.ide.mcu.externaltools.gnu-tools-for-stm32.10.3-2021.10.win32_1.0.0.202111181127/tools/bin/../lib/gcc/arm-none-eabi/10.3.1/../../../../arm-none-eabi/lib/thumb/v7e-m+fp/hard\libc_nano.a(lib_a-memchr.o)
                0x00000000080001e0                memchr
 *(.text*)
 .text.ADC_RegularChannelConfig
                0x0000000008000280      0x1f0 ./SPL/src/stm32f30x_adc.o
                0x0000000008000280                ADC_RegularChannelConfig
 .text.ADC_StartConversion
                0x0000000008000470       0x20 ./SPL/src/stm32f30x_adc.o
                0x0000000008000470                ADC_StartConversion
 .text.ADC_GetConversionValue
                0x0000000008000490       0x1a ./SPL/src/stm32f30x_adc.o
                0x0000000008000490                ADC_GetConversionValue
 .text.ADC_GetFlagStatus
                0x00000000080004aa       0x32 ./SPL/src/stm32f30x_adc.o
                0x00000000080004aa                ADC_GetFlagStatus
 .text.RCC_GetClocksFreq
                0x00000000080004dc      0x428 ./SPL/src/stm32f30x_rcc.o
                0x00000000080004dc                RCC_GetClocksFreq
 .text.SPI_SendData8
                0x0000000008000904       0x2c ./SPL/src/stm32f30x_spi.o
                0x0000000008000904                SPI_SendData8
 .text.SPI_I2S_GetFlagStatus
                0x0000000008000930       0x38 ./SPL/src/stm32f30x_spi.o
                0x0000000008000930                SPI_I2S_GetFlagStatus
 .text.USART_SendData
                0x0000000008000968       0x24 ./SPL/src/stm32f30x_usart.o
                0x0000000008000968                USART_SendData
 .text.USART_ITConfig
                0x000000000800098c       0x84 ./SPL/src/stm32f30x_usart.o
                0x000000000800098c                USART_ITConfig
 .text.USART_GetFlagStatus
                0x0000000008000a10       0x32 ./SPL/src/stm32f30x_usart.o
                0x0000000008000a10                USART_GetFlagStatus
 *fill*         0x0000000008000a42        0x2 
 .text.NVIC_EnableIRQ
                0x0000000008000a44       0x34 ./Src/30010_io.o
 .text.uart_put_char
                0x0000000008000a78       0x34 ./Src/30010_io.o
                0x0000000008000a78                uart_put_char
 .text._write_r
                0x0000000008000aac       0x4c ./Src/30010_io.o
                0x0000000008000aac                _write_r
 .text.uart_init
                0x0000000008000af8      0x234 ./Src/30010_io.o
                0x0000000008000af8                uart_init
 .text.lcd_transmit_byte
                0x0000000008000d2c       0x64 ./Src/30010_io.o
                0x0000000008000d2c                lcd_transmit_byte
 .text.lcd_push_buffer
                0x0000000008000d90      0x186 ./Src/30010_io.o
                0x0000000008000d90                lcd_push_buffer
 *fill*         0x0000000008000f16        0x2 
 .text.lcd_reset
                0x0000000008000f18       0xe0 ./Src/30010_io.o
                0x0000000008000f18                lcd_reset
 .text.lcd_init
                0x0000000008000ff8      0x2b8 ./Src/30010_io.o
                0x0000000008000ff8                lcd_init
 .text.initArrayBullets
                0x00000000080012b0       0x8c ./Src/Bullets.o
                0x00000000080012b0                initArrayBullets
 .text.bulletSpaceship
                0x000000000800133c       0xb4 ./Src/Bullets.o
                0x000000000800133c                bulletSpaceship
 .text.bulletEnemy
                0x00000000080013f0      0x106 ./Src/Bullets.o
                0x00000000080013f0                bulletEnemy
 .text.updateBulletFriendly
                0x00000000080014f6      0x150 ./Src/Bullets.o
                0x00000000080014f6                updateBulletFriendly
 .text.updateBulletEnemy
                0x0000000008001646      0x188 ./Src/Bullets.o
                0x0000000008001646                updateBulletEnemy
 .text.bulletHitEnemy
                0x00000000080017ce      0x220 ./Src/Bullets.o
                0x00000000080017ce                bulletHitEnemy
 .text.bulletHitPlayer
                0x00000000080019ee       0xfa ./Src/Bullets.o
                0x00000000080019ee                bulletHitPlayer
 .text.bulletHitAstroid
                0x0000000008001ae8      0x1aa ./Src/Bullets.o
                0x0000000008001ae8                bulletHitAstroid
 .text.adcRead  0x0000000008001c92       0x5e ./Src/analog.o
                0x0000000008001c92                adcRead
 .text.buttonRead
                0x0000000008001cf0       0x5c ./Src/analog.o
                0x0000000008001cf0                buttonRead
 .text.fgcolor  0x0000000008001d4c       0x38 ./Src/ansi.o
                0x0000000008001d4c                fgcolor
 .text.color    0x0000000008001d84       0x48 ./Src/ansi.o
                0x0000000008001d84                color
 .text.gotoxy   0x0000000008001dcc       0x24 ./Src/ansi.o
                0x0000000008001dcc                gotoxy
 .text.initArrayAstroid
                0x0000000008001df0       0x7a ./Src/astroid.o
                0x0000000008001df0                initArrayAstroid
 *fill*         0x0000000008001e6a        0x2 
 .text.createAstroid
                0x0000000008001e6c      0x158 ./Src/astroid.o
                0x0000000008001e6c                createAstroid
 .text.moveAstroid
                0x0000000008001fc4       0xea ./Src/astroid.o
                0x0000000008001fc4                moveAstroid
 *fill*         0x00000000080020ae        0x2 
 .text.slideAstroid
                0x00000000080020b0      0x1c8 ./Src/astroid.o
                0x00000000080020b0                slideAstroid
 .text.collision
                0x0000000008002278      0x262 ./Src/collision.o
                0x0000000008002278                collision
 *fill*         0x00000000080024da        0x2 
 .text.pinConfig
                0x00000000080024dc      0x158 ./Src/config.o
                0x00000000080024dc                pinConfig
 .text.adcConfig
                0x0000000008002634       0xdc ./Src/config.o
                0x0000000008002634                adcConfig
 .text.config   0x0000000008002710       0x10 ./Src/config.o
                0x0000000008002710                config
 .text.initArrayEnemy
                0x0000000008002720       0x7a ./Src/enemy.o
                0x0000000008002720                initArrayEnemy
 *fill*         0x000000000800279a        0x2 
 .text.createEnemy
                0x000000000800279c      0x154 ./Src/enemy.o
                0x000000000800279c                createEnemy
 .text.moveEnemy
                0x00000000080028f0       0xfc ./Src/enemy.o
                0x00000000080028f0                moveEnemy
 .text.slideEnemy
                0x00000000080029ec      0x2a4 ./Src/enemy.o
                0x00000000080029ec                slideEnemy
 .text.makeBoard
                0x0000000008002c90       0xaa ./Src/gameBoard.o
                0x0000000008002c90                makeBoard
 *fill*         0x0000000008002d3a        0x2 
 .text.createScoreLCD
                0x0000000008002d3c       0x6c ./Src/lcd.o
                0x0000000008002d3c                createScoreLCD
 .text.lcd_write_level
                0x0000000008002da8       0x64 ./Src/lcd.o
                0x0000000008002da8                lcd_write_level
 .text.lcd_write_missil
                0x0000000008002e0c      0x114 ./Src/lcd.o
                0x0000000008002e0c                lcd_write_missil
 .text.lcd_write_string
                0x0000000008002f20       0x88 ./Src/lcd.o
                0x0000000008002f20                lcd_write_string
 .text.lcd_write_heart
                0x0000000008002fa8      0x100 ./Src/lcd.o
                0x0000000008002fa8                lcd_write_heart
 .text.TIM1_BRK_TIM15_IRQHandler
                0x00000000080030a8       0x50 ./Src/main.o
                0x00000000080030a8                TIM1_BRK_TIM15_IRQHandler
 .text.main     0x00000000080030f8      0x3d0 ./Src/main.o
                0x00000000080030f8                main
 .text.createPlayer
                0x00000000080034c8       0x2a ./Src/player.o
                0x00000000080034c8                createPlayer
 .text.movePlayer
                0x00000000080034f2       0x4e ./Src/player.o
                0x00000000080034f2                movePlayer
 .text.shiftRight
                0x0000000008003540      0x456 ./Src/player.o
                0x0000000008003540                shiftRight
 .text.shiftLeft
                0x0000000008003996      0x47e ./Src/player.o
                0x0000000008003996                shiftLeft
 .text.playerDraw
                0x0000000008003e14      0x184 ./Src/sprite.o
                0x0000000008003e14                playerDraw
 .text.playerRemove
                0x0000000008003f98       0xdc ./Src/sprite.o
                0x0000000008003f98                playerRemove
 .text.enemyDraw
                0x0000000008004074      0x194 ./Src/sprite.o
                0x0000000008004074                enemyDraw
 .text.enemyRemove
                0x0000000008004208      0x104 ./Src/sprite.o
                0x0000000008004208                enemyRemove
 .text.astroidDraw
                0x000000000800430c      0x160 ./Src/sprite.o
                0x000000000800430c                astroidDraw
 .text.astroidRemove
                0x000000000800446c       0xd4 ./Src/sprite.o
                0x000000000800446c                astroidRemove
 .text._read    0x0000000008004540       0x3a ./Src/syscalls.o
                0x0000000008004540                _read
 .text._close   0x000000000800457a       0x18 ./Src/syscalls.o
                0x000000000800457a                _close
 .text._fstat   0x0000000008004592       0x20 ./Src/syscalls.o
                0x0000000008004592                _fstat
 .text._isatty  0x00000000080045b2       0x16 ./Src/syscalls.o
                0x00000000080045b2                _isatty
 .text._lseek   0x00000000080045c8       0x1a ./Src/syscalls.o
                0x00000000080045c8                _lseek
 *fill*         0x00000000080045e2        0x2 
 .text._sbrk    0x00000000080045e4       0x58 ./Src/sysmem.o
                0x00000000080045e4                _sbrk
 .text.SystemInit
                0x000000000800463c       0x94 ./Src/system_stm32f30x.o
                0x000000000800463c                SystemInit
 .text.SetSysClock
                0x00000000080046d0       0x94 ./Src/system_stm32f30x.o
 .text.NVIC_EnableIRQ
                0x0000000008004764       0x34 ./Src/timer.o
 .text.NVIC_SetPriority
                0x0000000008004798       0x54 ./Src/timer.o
 .text.clockInit
                0x00000000080047ec       0x5c ./Src/timer.o
                0x00000000080047ec                clockInit
 .text.clockCounter
                0x0000000008004848       0xfc ./Src/timer.o
                0x0000000008004848                clockCounter
 .text.Reset_Handler
                0x0000000008004944       0x50 ./Startup/startup_stm32f302r8tx.o
                0x0000000008004944                Reset_Handler
 .text.Default_Handler
                0x0000000008004994        0x2 ./Startup/startup_stm32f302r8tx.o
                0x0000000008004994                TIM8_TRG_COM_IRQHandler
                0x0000000008004994                TIM8_CC_IRQHandler
                0x0000000008004994                DebugMon_Handler
                0x0000000008004994                DMA1_CH4_IRQHandler
                0x0000000008004994                TIM1_CC_IRQHandler
                0x0000000008004994                HardFault_Handler
                0x0000000008004994                USB_HP_IRQHandler
                0x0000000008004994                I2C2_EV_EXTI24_IRQHandler
                0x0000000008004994                SysTick_Handler
                0x0000000008004994                USB_WKUP_EXTI_IRQHandler
                0x0000000008004994                PVD_IRQHandler
                0x0000000008004994                UART4_EXTI34_IRQHandler
                0x0000000008004994                TAMP_STAMP_IRQHandler
                0x0000000008004994                PendSV_Handler
                0x0000000008004994                NMI_Handler
                0x0000000008004994                EXTI3_IRQHandler
                0x0000000008004994                TIM6_DACUNDER_IRQHandler
                0x0000000008004994                USB_HP_CAN_TX_IRQHandler
                0x0000000008004994                EXTI0_IRQHandler
                0x0000000008004994                DMA2_CH1_IRQHandler
                0x0000000008004994                FPU_IRQHandler
                0x0000000008004994                TIM1_UP_TIM16_IRQHandler
                0x0000000008004994                UsageFault_Handler
                0x0000000008004994                ADC1_2_IRQHandler
                0x0000000008004994                SPI1_IRQHandler
                0x0000000008004994                CAN_SCE_IRQHandler
                0x0000000008004994                DMA1_CH7_IRQHandler
                0x0000000008004994                TIM8_UP_IRQHandler
                0x0000000008004994                DMA1_CH6_IRQHandler
                0x0000000008004994                ADC3_IRQHandler
                0x0000000008004994                TIM4_IRQHandler
                0x0000000008004994                CAN_RX1_IRQHandler
                0x0000000008004994                USART1_EXTI25_IRQHandler
                0x0000000008004994                DMA2_CH5_IRQHandler
                0x0000000008004994                I2C1_EV_EXTI23_IRQHandler
                0x0000000008004994                DMA1_CH3_IRQHandler
                0x0000000008004994                TIM3_IRQHandler
                0x0000000008004994                RCC_IRQHandler
                0x0000000008004994                Default_Handler
                0x0000000008004994                EXTI15_10_IRQHandler
                0x0000000008004994                USART2_EXTI26_IRQHandler
                0x0000000008004994                USART3_EXTI28_IRQHandler
                0x0000000008004994                TIM7_IRQHandler
                0x0000000008004994                EXTI9_5_IRQHandler
                0x0000000008004994                DMA1_CH2_IRQHandler
                0x0000000008004994                RTC_WKUP_IRQHandler
                0x0000000008004994                SPI2_IRQHandler
                0x0000000008004994                DMA1_CH1_IRQHandler
                0x0000000008004994                USB_LP_CAN_RX0_IRQHandler
                0x0000000008004994                MemManage_Handler
                0x0000000008004994                SVC_Handler
                0x0000000008004994                USB_LP_IRQHandler
                0x0000000008004994                EXTI4_IRQHandler
                0x0000000008004994                TIM1_TRG_COM_TIM17_IRQHandler
                0x0000000008004994                ADC4_IRQHandler
                0x0000000008004994                WWDG_IRQHandler
                0x0000000008004994                TIM2_IRQHandler
                0x0000000008004994                EXTI1_IRQHandler
                0x0000000008004994                RTCAlarm_IRQHandler
                0x0000000008004994                UART5_EXTI35_IRQHandler
                0x0000000008004994                I2C2_ER_IRQHandler
                0x0000000008004994                TIM8_BRK_IRQHandler
                0x0000000008004994                FLASH_IRQHandler
                0x0000000008004994                BusFault_Handler
                0x0000000008004994                SPI3_IRQHandler
                0x0000000008004994                DMA2_CH3_IRQHandler
                0x0000000008004994                DMA2_CH2_IRQHandler
                0x0000000008004994                I2C1_ER_IRQHandler
                0x0000000008004994                FMC_IRQHandler
                0x0000000008004994                DMA1_CH5_IRQHandler
                0x0000000008004994                DMA2_CH4_IRQHandler
                0x0000000008004994                USB_WKUP_IRQHandler
                0x0000000008004994                EXTI2_TSC_IRQHandler
 *fill*         0x0000000008004996        0x2 
 .text.__errno  0x0000000008004998        0xc c:/st/stm32cubeide_1.9.0/stm32cubeide/plugins/com.st.stm32cube.ide.mcu.externaltools.gnu-tools-for-stm32.10.3-2021.10.win32_1.0.0.202111181127/tools/bin/../lib/gcc/arm-none-eabi/10.3.1/../../../../arm-none-eabi/lib/thumb/v7e-m+fp/hard\libc_nano.a(lib_a-errno.o)
                0x0000000008004998                __errno
 .text.__libc_init_array
                0x00000000080049a4       0x48 c:/st/stm32cubeide_1.9.0/stm32cubeide/plugins/com.st.stm32cube.ide.mcu.externaltools.gnu-tools-for-stm32.10.3-2021.10.win32_1.0.0.202111181127/tools/bin/../lib/gcc/arm-none-eabi/10.3.1/../../../../arm-none-eabi/lib/thumb/v7e-m+fp/hard\libc_nano.a(lib_a-init.o)
                0x00000000080049a4                __libc_init_array
 .text.memset   0x00000000080049ec       0x10 c:/st/stm32cubeide_1.9.0/stm32cubeide/plugins/com.st.stm32cube.ide.mcu.externaltools.gnu-tools-for-stm32.10.3-2021.10.win32_1.0.0.202111181127/tools/bin/../lib/gcc/arm-none-eabi/10.3.1/../../../../arm-none-eabi/lib/thumb/v7e-m+fp/hard\libc_nano.a(lib_a-memset.o)
                0x00000000080049ec                memset
 .text.printf   0x00000000080049fc       0x30 c:/st/stm32cubeide_1.9.0/stm32cubeide/plugins/com.st.stm32cube.ide.mcu.externaltools.gnu-tools-for-stm32.10.3-2021.10.win32_1.0.0.202111181127/tools/bin/../lib/gcc/arm-none-eabi/10.3.1/../../../../arm-none-eabi/lib/thumb/v7e-m+fp/hard\libc_nano.a(lib_a-printf.o)
                0x00000000080049fc                iprintf
                0x00000000080049fc                printf
 .text.putchar  0x0000000008004a2c       0x2c c:/st/stm32cubeide_1.9.0/stm32cubeide/plugins/com.st.stm32cube.ide.mcu.externaltools.gnu-tools-for-stm32.10.3-2021.10.win32_1.0.0.202111181127/tools/bin/../lib/gcc/arm-none-eabi/10.3.1/../../../../arm-none-eabi/lib/thumb/v7e-m+fp/hard\libc_nano.a(lib_a-putchar.o)
                0x0000000008004a2c                putchar
 .text.setbuf   0x0000000008004a58       0x10 c:/st/stm32cubeide_1.9.0/stm32cubeide/plugins/com.st.stm32cube.ide.mcu.externaltools.gnu-tools-for-stm32.10.3-2021.10.win32_1.0.0.202111181127/tools/bin/../lib/gcc/arm-none-eabi/10.3.1/../../../../arm-none-eabi/lib/thumb/v7e-m+fp/hard\libc_nano.a(lib_a-setbuf.o)
                0x0000000008004a58                setbuf
 .text.setvbuf  0x0000000008004a68      0x18c c:/st/stm32cubeide_1.9.0/stm32cubeide/plugins/com.st.stm32cube.ide.mcu.externaltools.gnu-tools-for-stm32.10.3-2021.10.win32_1.0.0.202111181127/tools/bin/../lib/gcc/arm-none-eabi/10.3.1/../../../../arm-none-eabi/lib/thumb/v7e-m+fp/hard\libc_nano.a(lib_a-setvbuf.o)
                0x0000000008004a68                setvbuf
 .text.sprintf  0x0000000008004bf4       0x40 c:/st/stm32cubeide_1.9.0/stm32cubeide/plugins/com.st.stm32cube.ide.mcu.externaltools.gnu-tools-for-stm32.10.3-2021.10.win32_1.0.0.202111181127/tools/bin/../lib/gcc/arm-none-eabi/10.3.1/../../../../arm-none-eabi/lib/thumb/v7e-m+fp/hard\libc_nano.a(lib_a-sprintf.o)
                0x0000000008004bf4                siprintf
                0x0000000008004bf4                sprintf
 .text.__sflush_r
                0x0000000008004c34      0x10c c:/st/stm32cubeide_1.9.0/stm32cubeide/plugins/com.st.stm32cube.ide.mcu.externaltools.gnu-tools-for-stm32.10.3-2021.10.win32_1.0.0.202111181127/tools/bin/../lib/gcc/arm-none-eabi/10.3.1/../../../../arm-none-eabi/lib/thumb/v7e-m+fp/hard\libc_nano.a(lib_a-fflush.o)
                0x0000000008004c34                __sflush_r
 .text._fflush_r
                0x0000000008004d40       0x78 c:/st/stm32cubeide_1.9.0/stm32cubeide/plugins/com.st.stm32cube.ide.mcu.externaltools.gnu-tools-for-stm32.10.3-2021.10.win32_1.0.0.202111181127/tools/bin/../lib/gcc/arm-none-eabi/10.3.1/../../../../arm-none-eabi/lib/thumb/v7e-m+fp/hard\libc_nano.a(lib_a-fflush.o)
                0x0000000008004d40                _fflush_r
 .text.std      0x0000000008004db8       0x48 c:/st/stm32cubeide_1.9.0/stm32cubeide/plugins/com.st.stm32cube.ide.mcu.externaltools.gnu-tools-for-stm32.10.3-2021.10.win32_1.0.0.202111181127/tools/bin/../lib/gcc/arm-none-eabi/10.3.1/../../../../arm-none-eabi/lib/thumb/v7e-m+fp/hard\libc_nano.a(lib_a-findfp.o)
 .text._cleanup_r
                0x0000000008004e00        0xc c:/st/stm32cubeide_1.9.0/stm32cubeide/plugins/com.st.stm32cube.ide.mcu.externaltools.gnu-tools-for-stm32.10.3-2021.10.win32_1.0.0.202111181127/tools/bin/../lib/gcc/arm-none-eabi/10.3.1/../../../../arm-none-eabi/lib/thumb/v7e-m+fp/hard\libc_nano.a(lib_a-findfp.o)
                0x0000000008004e00                _cleanup_r
 .text.__sfmoreglue
                0x0000000008004e0c       0x2c c:/st/stm32cubeide_1.9.0/stm32cubeide/plugins/com.st.stm32cube.ide.mcu.externaltools.gnu-tools-for-stm32.10.3-2021.10.win32_1.0.0.202111181127/tools/bin/../lib/gcc/arm-none-eabi/10.3.1/../../../../arm-none-eabi/lib/thumb/v7e-m+fp/hard\libc_nano.a(lib_a-findfp.o)
                0x0000000008004e0c                __sfmoreglue
 .text.__sfp_lock_acquire
                0x0000000008004e38        0xc c:/st/stm32cubeide_1.9.0/stm32cubeide/plugins/com.st.stm32cube.ide.mcu.externaltools.gnu-tools-for-stm32.10.3-2021.10.win32_1.0.0.202111181127/tools/bin/../lib/gcc/arm-none-eabi/10.3.1/../../../../arm-none-eabi/lib/thumb/v7e-m+fp/hard\libc_nano.a(lib_a-findfp.o)
                0x0000000008004e38                __sfp_lock_acquire
 .text.__sfp_lock_release
                0x0000000008004e44        0xc c:/st/stm32cubeide_1.9.0/stm32cubeide/plugins/com.st.stm32cube.ide.mcu.externaltools.gnu-tools-for-stm32.10.3-2021.10.win32_1.0.0.202111181127/tools/bin/../lib/gcc/arm-none-eabi/10.3.1/../../../../arm-none-eabi/lib/thumb/v7e-m+fp/hard\libc_nano.a(lib_a-findfp.o)
                0x0000000008004e44                __sfp_lock_release
 .text.__sinit_lock_acquire
                0x0000000008004e50        0xc c:/st/stm32cubeide_1.9.0/stm32cubeide/plugins/com.st.stm32cube.ide.mcu.externaltools.gnu-tools-for-stm32.10.3-2021.10.win32_1.0.0.202111181127/tools/bin/../lib/gcc/arm-none-eabi/10.3.1/../../../../arm-none-eabi/lib/thumb/v7e-m+fp/hard\libc_nano.a(lib_a-findfp.o)
                0x0000000008004e50                __sinit_lock_acquire
 .text.__sinit_lock_release
                0x0000000008004e5c        0xc c:/st/stm32cubeide_1.9.0/stm32cubeide/plugins/com.st.stm32cube.ide.mcu.externaltools.gnu-tools-for-stm32.10.3-2021.10.win32_1.0.0.202111181127/tools/bin/../lib/gcc/arm-none-eabi/10.3.1/../../../../arm-none-eabi/lib/thumb/v7e-m+fp/hard\libc_nano.a(lib_a-findfp.o)
                0x0000000008004e5c                __sinit_lock_release
 .text.__sinit  0x0000000008004e68       0x70 c:/st/stm32cubeide_1.9.0/stm32cubeide/plugins/com.st.stm32cube.ide.mcu.externaltools.gnu-tools-for-stm32.10.3-2021.10.win32_1.0.0.202111181127/tools/bin/../lib/gcc/arm-none-eabi/10.3.1/../../../../arm-none-eabi/lib/thumb/v7e-m+fp/hard\libc_nano.a(lib_a-findfp.o)
                0x0000000008004e68                __sinit
 .text.__sfp    0x0000000008004ed8       0x8c c:/st/stm32cubeide_1.9.0/stm32cubeide/plugins/com.st.stm32cube.ide.mcu.externaltools.gnu-tools-for-stm32.10.3-2021.10.win32_1.0.0.202111181127/tools/bin/../lib/gcc/arm-none-eabi/10.3.1/../../../../arm-none-eabi/lib/thumb/v7e-m+fp/hard\libc_nano.a(lib_a-findfp.o)
                0x0000000008004ed8                __sfp
 .text._fwalk_reent
                0x0000000008004f64       0x3e c:/st/stm32cubeide_1.9.0/stm32cubeide/plugins/com.st.stm32cube.ide.mcu.externaltools.gnu-tools-for-stm32.10.3-2021.10.win32_1.0.0.202111181127/tools/bin/../lib/gcc/arm-none-eabi/10.3.1/../../../../arm-none-eabi/lib/thumb/v7e-m+fp/hard\libc_nano.a(lib_a-fwalk.o)
                0x0000000008004f64                _fwalk_reent
 .text.__retarget_lock_init_recursive
                0x0000000008004fa2        0x2 c:/st/stm32cubeide_1.9.0/stm32cubeide/plugins/com.st.stm32cube.ide.mcu.externaltools.gnu-tools-for-stm32.10.3-2021.10.win32_1.0.0.202111181127/tools/bin/../lib/gcc/arm-none-eabi/10.3.1/../../../../arm-none-eabi/lib/thumb/v7e-m+fp/hard\libc_nano.a(lib_a-lock.o)
                0x0000000008004fa2                __retarget_lock_init_recursive
 .text.__retarget_lock_acquire_recursive
                0x0000000008004fa4        0x2 c:/st/stm32cubeide_1.9.0/stm32cubeide/plugins/com.st.stm32cube.ide.mcu.externaltools.gnu-tools-for-stm32.10.3-2021.10.win32_1.0.0.202111181127/tools/bin/../lib/gcc/arm-none-eabi/10.3.1/../../../../arm-none-eabi/lib/thumb/v7e-m+fp/hard\libc_nano.a(lib_a-lock.o)
                0x0000000008004fa4                __retarget_lock_acquire_recursive
 .text.__retarget_lock_release_recursive
                0x0000000008004fa6        0x2 c:/st/stm32cubeide_1.9.0/stm32cubeide/plugins/com.st.stm32cube.ide.mcu.externaltools.gnu-tools-for-stm32.10.3-2021.10.win32_1.0.0.202111181127/tools/bin/../lib/gcc/arm-none-eabi/10.3.1/../../../../arm-none-eabi/lib/thumb/v7e-m+fp/hard\libc_nano.a(lib_a-lock.o)
                0x0000000008004fa6                __retarget_lock_release_recursive
 .text.__swhatbuf_r
                0x0000000008004fa8       0x4a c:/st/stm32cubeide_1.9.0/stm32cubeide/plugins/com.st.stm32cube.ide.mcu.externaltools.gnu-tools-for-stm32.10.3-2021.10.win32_1.0.0.202111181127/tools/bin/../lib/gcc/arm-none-eabi/10.3.1/../../../../arm-none-eabi/lib/thumb/v7e-m+fp/hard\libc_nano.a(lib_a-makebuf.o)
                0x0000000008004fa8                __swhatbuf_r
 *fill*         0x0000000008004ff2        0x2 
 .text.__smakebuf_r
                0x0000000008004ff4       0x80 c:/st/stm32cubeide_1.9.0/stm32cubeide/plugins/com.st.stm32cube.ide.mcu.externaltools.gnu-tools-for-stm32.10.3-2021.10.win32_1.0.0.202111181127/tools/bin/../lib/gcc/arm-none-eabi/10.3.1/../../../../arm-none-eabi/lib/thumb/v7e-m+fp/hard\libc_nano.a(lib_a-makebuf.o)
                0x0000000008004ff4                __smakebuf_r
 .text.malloc   0x0000000008005074       0x10 c:/st/stm32cubeide_1.9.0/stm32cubeide/plugins/com.st.stm32cube.ide.mcu.externaltools.gnu-tools-for-stm32.10.3-2021.10.win32_1.0.0.202111181127/tools/bin/../lib/gcc/arm-none-eabi/10.3.1/../../../../arm-none-eabi/lib/thumb/v7e-m+fp/hard\libc_nano.a(lib_a-malloc.o)
                0x0000000008005074                malloc
 .text._free_r  0x0000000008005084       0x98 c:/st/stm32cubeide_1.9.0/stm32cubeide/plugins/com.st.stm32cube.ide.mcu.externaltools.gnu-tools-for-stm32.10.3-2021.10.win32_1.0.0.202111181127/tools/bin/../lib/gcc/arm-none-eabi/10.3.1/../../../../arm-none-eabi/lib/thumb/v7e-m+fp/hard\libc_nano.a(lib_a-nano-freer.o)
                0x0000000008005084                _free_r
 .text.sbrk_aligned
                0x000000000800511c       0x40 c:/st/stm32cubeide_1.9.0/stm32cubeide/plugins/com.st.stm32cube.ide.mcu.externaltools.gnu-tools-for-stm32.10.3-2021.10.win32_1.0.0.202111181127/tools/bin/../lib/gcc/arm-none-eabi/10.3.1/../../../../arm-none-eabi/lib/thumb/v7e-m+fp/hard\libc_nano.a(lib_a-nano-mallocr.o)
 .text._malloc_r
                0x000000000800515c       0xe8 c:/st/stm32cubeide_1.9.0/stm32cubeide/plugins/com.st.stm32cube.ide.mcu.externaltools.gnu-tools-for-stm32.10.3-2021.10.win32_1.0.0.202111181127/tools/bin/../lib/gcc/arm-none-eabi/10.3.1/../../../../arm-none-eabi/lib/thumb/v7e-m+fp/hard\libc_nano.a(lib_a-nano-mallocr.o)
                0x000000000800515c                _malloc_r
 .text.__ssputs_r
                0x0000000008005244       0xb6 c:/st/stm32cubeide_1.9.0/stm32cubeide/plugins/com.st.stm32cube.ide.mcu.externaltools.gnu-tools-for-stm32.10.3-2021.10.win32_1.0.0.202111181127/tools/bin/../lib/gcc/arm-none-eabi/10.3.1/../../../../arm-none-eabi/lib/thumb/v7e-m+fp/hard\libc_nano.a(lib_a-nano-svfprintf.o)
                0x0000000008005244                __ssputs_r
 *fill*         0x00000000080052fa        0x2 
 .text._svfprintf_r
                0x00000000080052fc      0x200 c:/st/stm32cubeide_1.9.0/stm32cubeide/plugins/com.st.stm32cube.ide.mcu.externaltools.gnu-tools-for-stm32.10.3-2021.10.win32_1.0.0.202111181127/tools/bin/../lib/gcc/arm-none-eabi/10.3.1/../../../../arm-none-eabi/lib/thumb/v7e-m+fp/hard\libc_nano.a(lib_a-nano-svfprintf.o)
                0x00000000080052fc                _svfiprintf_r
                0x00000000080052fc                _svfprintf_r
 .text.__sfputc_r
                0x00000000080054fc       0x2e c:/st/stm32cubeide_1.9.0/stm32cubeide/plugins/com.st.stm32cube.ide.mcu.externaltools.gnu-tools-for-stm32.10.3-2021.10.win32_1.0.0.202111181127/tools/bin/../lib/gcc/arm-none-eabi/10.3.1/../../../../arm-none-eabi/lib/thumb/v7e-m+fp/hard\libc_nano.a(lib_a-nano-vfprintf.o)
 .text.__sfputs_r
                0x000000000800552a       0x24 c:/st/stm32cubeide_1.9.0/stm32cubeide/plugins/com.st.stm32cube.ide.mcu.externaltools.gnu-tools-for-stm32.10.3-2021.10.win32_1.0.0.202111181127/tools/bin/../lib/gcc/arm-none-eabi/10.3.1/../../../../arm-none-eabi/lib/thumb/v7e-m+fp/hard\libc_nano.a(lib_a-nano-vfprintf.o)
                0x000000000800552a                __sfputs_r
 *fill*         0x000000000800554e        0x2 
 .text._vfprintf_r
                0x0000000008005550      0x260 c:/st/stm32cubeide_1.9.0/stm32cubeide/plugins/com.st.stm32cube.ide.mcu.externaltools.gnu-tools-for-stm32.10.3-2021.10.win32_1.0.0.202111181127/tools/bin/../lib/gcc/arm-none-eabi/10.3.1/../../../../arm-none-eabi/lib/thumb/v7e-m+fp/hard\libc_nano.a(lib_a-nano-vfprintf.o)
                0x0000000008005550                _vfprintf_r
                0x0000000008005550                _vfiprintf_r
 .text._printf_common
                0x00000000080057b0       0xda c:/st/stm32cubeide_1.9.0/stm32cubeide/plugins/com.st.stm32cube.ide.mcu.externaltools.gnu-tools-for-stm32.10.3-2021.10.win32_1.0.0.202111181127/tools/bin/../lib/gcc/arm-none-eabi/10.3.1/../../../../arm-none-eabi/lib/thumb/v7e-m+fp/hard\libc_nano.a(lib_a-nano-vfprintf_i.o)
                0x00000000080057b0                _printf_common
 *fill*         0x000000000800588a        0x2 
 .text._printf_i
                0x000000000800588c      0x24c c:/st/stm32cubeide_1.9.0/stm32cubeide/plugins/com.st.stm32cube.ide.mcu.externaltools.gnu-tools-for-stm32.10.3-2021.10.win32_1.0.0.202111181127/tools/bin/../lib/gcc/arm-none-eabi/10.3.1/../../../../arm-none-eabi/lib/thumb/v7e-m+fp/hard\libc_nano.a(lib_a-nano-vfprintf_i.o)
                0x000000000800588c                _printf_i
 .text._putc_r  0x0000000008005ad8       0x90 c:/st/stm32cubeide_1.9.0/stm32cubeide/plugins/com.st.stm32cube.ide.mcu.externaltools.gnu-tools-for-stm32.10.3-2021.10.win32_1.0.0.202111181127/tools/bin/../lib/gcc/arm-none-eabi/10.3.1/../../../../arm-none-eabi/lib/thumb/v7e-m+fp/hard\libc_nano.a(lib_a-putc.o)
                0x0000000008005ad8                _putc_r
 .text._sbrk_r  0x0000000008005b68       0x20 c:/st/stm32cubeide_1.9.0/stm32cubeide/plugins/com.st.stm32cube.ide.mcu.externaltools.gnu-tools-for-stm32.10.3-2021.10.win32_1.0.0.202111181127/tools/bin/../lib/gcc/arm-none-eabi/10.3.1/../../../../arm-none-eabi/lib/thumb/v7e-m+fp/hard\libc_nano.a(lib_a-sbrkr.o)
                0x0000000008005b68                _sbrk_r
 .text.__sread  0x0000000008005b88       0x22 c:/st/stm32cubeide_1.9.0/stm32cubeide/plugins/com.st.stm32cube.ide.mcu.externaltools.gnu-tools-for-stm32.10.3-2021.10.win32_1.0.0.202111181127/tools/bin/../lib/gcc/arm-none-eabi/10.3.1/../../../../arm-none-eabi/lib/thumb/v7e-m+fp/hard\libc_nano.a(lib_a-stdio.o)
                0x0000000008005b88                __sread
 .text.__swrite
                0x0000000008005baa       0x38 c:/st/stm32cubeide_1.9.0/stm32cubeide/plugins/com.st.stm32cube.ide.mcu.externaltools.gnu-tools-for-stm32.10.3-2021.10.win32_1.0.0.202111181127/tools/bin/../lib/gcc/arm-none-eabi/10.3.1/../../../../arm-none-eabi/lib/thumb/v7e-m+fp/hard\libc_nano.a(lib_a-stdio.o)
                0x0000000008005baa                __swrite
 .text.__sseek  0x0000000008005be2       0x24 c:/st/stm32cubeide_1.9.0/stm32cubeide/plugins/com.st.stm32cube.ide.mcu.externaltools.gnu-tools-for-stm32.10.3-2021.10.win32_1.0.0.202111181127/tools/bin/../lib/gcc/arm-none-eabi/10.3.1/../../../../arm-none-eabi/lib/thumb/v7e-m+fp/hard\libc_nano.a(lib_a-stdio.o)
                0x0000000008005be2                __sseek
 .text.__sclose
                0x0000000008005c06        0x8 c:/st/stm32cubeide_1.9.0/stm32cubeide/plugins/com.st.stm32cube.ide.mcu.externaltools.gnu-tools-for-stm32.10.3-2021.10.win32_1.0.0.202111181127/tools/bin/../lib/gcc/arm-none-eabi/10.3.1/../../../../arm-none-eabi/lib/thumb/v7e-m+fp/hard\libc_nano.a(lib_a-stdio.o)
                0x0000000008005c06                __sclose
 *fill*         0x0000000008005c0e        0x2 
 .text.__swbuf_r
                0x0000000008005c10       0xa4 c:/st/stm32cubeide_1.9.0/stm32cubeide/plugins/com.st.stm32cube.ide.mcu.externaltools.gnu-tools-for-stm32.10.3-2021.10.win32_1.0.0.202111181127/tools/bin/../lib/gcc/arm-none-eabi/10.3.1/../../../../arm-none-eabi/lib/thumb/v7e-m+fp/hard\libc_nano.a(lib_a-wbuf.o)
                0x0000000008005c10                __swbuf_r
 .text.__swsetup_r
                0x0000000008005cb4       0xdc c:/st/stm32cubeide_1.9.0/stm32cubeide/plugins/com.st.stm32cube.ide.mcu.externaltools.gnu-tools-for-stm32.10.3-2021.10.win32_1.0.0.202111181127/tools/bin/../lib/gcc/arm-none-eabi/10.3.1/../../../../arm-none-eabi/lib/thumb/v7e-m+fp/hard\libc_nano.a(lib_a-wsetup.o)
                0x0000000008005cb4                __swsetup_r
 .text._close_r
                0x0000000008005d90       0x20 c:/st/stm32cubeide_1.9.0/stm32cubeide/plugins/com.st.stm32cube.ide.mcu.externaltools.gnu-tools-for-stm32.10.3-2021.10.win32_1.0.0.202111181127/tools/bin/../lib/gcc/arm-none-eabi/10.3.1/../../../../arm-none-eabi/lib/thumb/v7e-m+fp/hard\libc_nano.a(lib_a-closer.o)
                0x0000000008005d90                _close_r
 .text._fstat_r
                0x0000000008005db0       0x24 c:/st/stm32cubeide_1.9.0/stm32cubeide/plugins/com.st.stm32cube.ide.mcu.externaltools.gnu-tools-for-stm32.10.3-2021.10.win32_1.0.0.202111181127/tools/bin/../lib/gcc/arm-none-eabi/10.3.1/../../../../arm-none-eabi/lib/thumb/v7e-m+fp/hard\libc_nano.a(lib_a-fstatr.o)
                0x0000000008005db0                _fstat_r
 .text._isatty_r
                0x0000000008005dd4       0x20 c:/st/stm32cubeide_1.9.0/stm32cubeide/plugins/com.st.stm32cube.ide.mcu.externaltools.gnu-tools-for-stm32.10.3-2021.10.win32_1.0.0.202111181127/tools/bin/../lib/gcc/arm-none-eabi/10.3.1/../../../../arm-none-eabi/lib/thumb/v7e-m+fp/hard\libc_nano.a(lib_a-isattyr.o)
                0x0000000008005dd4                _isatty_r
 .text._lseek_r
                0x0000000008005df4       0x24 c:/st/stm32cubeide_1.9.0/stm32cubeide/plugins/com.st.stm32cube.ide.mcu.externaltools.gnu-tools-for-stm32.10.3-2021.10.win32_1.0.0.202111181127/tools/bin/../lib/gcc/arm-none-eabi/10.3.1/../../../../arm-none-eabi/lib/thumb/v7e-m+fp/hard\libc_nano.a(lib_a-lseekr.o)
                0x0000000008005df4                _lseek_r
 .text.memcpy   0x0000000008005e18       0x1c c:/st/stm32cubeide_1.9.0/stm32cubeide/plugins/com.st.stm32cube.ide.mcu.externaltools.gnu-tools-for-stm32.10.3-2021.10.win32_1.0.0.202111181127/tools/bin/../lib/gcc/arm-none-eabi/10.3.1/../../../../arm-none-eabi/lib/thumb/v7e-m+fp/hard\libc_nano.a(lib_a-memcpy-stub.o)
                0x0000000008005e18                memcpy
 .text.memmove  0x0000000008005e34       0x34 c:/st/stm32cubeide_1.9.0/stm32cubeide/plugins/com.st.stm32cube.ide.mcu.externaltools.gnu-tools-for-stm32.10.3-2021.10.win32_1.0.0.202111181127/tools/bin/../lib/gcc/arm-none-eabi/10.3.1/../../../../arm-none-eabi/lib/thumb/v7e-m+fp/hard\libc_nano.a(lib_a-memmove.o)
                0x0000000008005e34                memmove
 .text.__malloc_lock
                0x0000000008005e68        0xc c:/st/stm32cubeide_1.9.0/stm32cubeide/plugins/com.st.stm32cube.ide.mcu.externaltools.gnu-tools-for-stm32.10.3-2021.10.win32_1.0.0.202111181127/tools/bin/../lib/gcc/arm-none-eabi/10.3.1/../../../../arm-none-eabi/lib/thumb/v7e-m+fp/hard\libc_nano.a(lib_a-mlock.o)
                0x0000000008005e68                __malloc_lock
 .text.__malloc_unlock
                0x0000000008005e74        0xc c:/st/stm32cubeide_1.9.0/stm32cubeide/plugins/com.st.stm32cube.ide.mcu.externaltools.gnu-tools-for-stm32.10.3-2021.10.win32_1.0.0.202111181127/tools/bin/../lib/gcc/arm-none-eabi/10.3.1/../../../../arm-none-eabi/lib/thumb/v7e-m+fp/hard\libc_nano.a(lib_a-mlock.o)
                0x0000000008005e74                __malloc_unlock
 .text._realloc_r
                0x0000000008005e80       0x5e c:/st/stm32cubeide_1.9.0/stm32cubeide/plugins/com.st.stm32cube.ide.mcu.externaltools.gnu-tools-for-stm32.10.3-2021.10.win32_1.0.0.202111181127/tools/bin/../lib/gcc/arm-none-eabi/10.3.1/../../../../arm-none-eabi/lib/thumb/v7e-m+fp/hard\libc_nano.a(lib_a-nano-reallocr.o)
                0x0000000008005e80                _realloc_r
 *fill*         0x0000000008005ede        0x2 
 .text._read_r  0x0000000008005ee0       0x24 c:/st/stm32cubeide_1.9.0/stm32cubeide/plugins/com.st.stm32cube.ide.mcu.externaltools.gnu-tools-for-stm32.10.3-2021.10.win32_1.0.0.202111181127/tools/bin/../lib/gcc/arm-none-eabi/10.3.1/../../../../arm-none-eabi/lib/thumb/v7e-m+fp/hard\libc_nano.a(lib_a-readr.o)
                0x0000000008005ee0                _read_r
 .text._malloc_usable_size_r
                0x0000000008005f04       0x10 c:/st/stm32cubeide_1.9.0/stm32cubeide/plugins/com.st.stm32cube.ide.mcu.externaltools.gnu-tools-for-stm32.10.3-2021.10.win32_1.0.0.202111181127/tools/bin/../lib/gcc/arm-none-eabi/10.3.1/../../../../arm-none-eabi/lib/thumb/v7e-m+fp/hard\libc_nano.a(lib_a-nano-msizer.o)
                0x0000000008005f04                _malloc_usable_size_r
 *(.glue_7)
 .glue_7        0x0000000008005f14        0x0 linker stubs
 *(.glue_7t)
 .glue_7t       0x0000000008005f14        0x0 linker stubs
 *(.eh_frame)
 .eh_frame      0x0000000008005f14        0x0 c:/st/stm32cubeide_1.9.0/stm32cubeide/plugins/com.st.stm32cube.ide.mcu.externaltools.gnu-tools-for-stm32.10.3-2021.10.win32_1.0.0.202111181127/tools/bin/../lib/gcc/arm-none-eabi/10.3.1/thumb/v7e-m+fp/hard/crtbegin.o
 *(.init)
 .init          0x0000000008005f14        0x4 c:/st/stm32cubeide_1.9.0/stm32cubeide/plugins/com.st.stm32cube.ide.mcu.externaltools.gnu-tools-for-stm32.10.3-2021.10.win32_1.0.0.202111181127/tools/bin/../lib/gcc/arm-none-eabi/10.3.1/thumb/v7e-m+fp/hard/crti.o
                0x0000000008005f14                _init
 .init          0x0000000008005f18        0x8 c:/st/stm32cubeide_1.9.0/stm32cubeide/plugins/com.st.stm32cube.ide.mcu.externaltools.gnu-tools-for-stm32.10.3-2021.10.win32_1.0.0.202111181127/tools/bin/../lib/gcc/arm-none-eabi/10.3.1/thumb/v7e-m+fp/hard/crtn.o
 *(.fini)
 .fini          0x0000000008005f20        0x4 c:/st/stm32cubeide_1.9.0/stm32cubeide/plugins/com.st.stm32cube.ide.mcu.externaltools.gnu-tools-for-stm32.10.3-2021.10.win32_1.0.0.202111181127/tools/bin/../lib/gcc/arm-none-eabi/10.3.1/thumb/v7e-m+fp/hard/crti.o
                0x0000000008005f20                _fini
 .fini          0x0000000008005f24        0x8 c:/st/stm32cubeide_1.9.0/stm32cubeide/plugins/com.st.stm32cube.ide.mcu.externaltools.gnu-tools-for-stm32.10.3-2021.10.win32_1.0.0.202111181127/tools/bin/../lib/gcc/arm-none-eabi/10.3.1/thumb/v7e-m+fp/hard/crtn.o
                0x0000000008005f2c                . = ALIGN (0x4)
                0x0000000008005f2c                _etext = .

.vfp11_veneer   0x0000000008005f2c        0x0
 .vfp11_veneer  0x0000000008005f2c        0x0 linker stubs

.v4_bx          0x0000000008005f2c        0x0
 .v4_bx         0x0000000008005f2c        0x0 linker stubs

.iplt           0x0000000008005f2c        0x0
 .iplt          0x0000000008005f2c        0x0 c:/st/stm32cubeide_1.9.0/stm32cubeide/plugins/com.st.stm32cube.ide.mcu.externaltools.gnu-tools-for-stm32.10.3-2021.10.win32_1.0.0.202111181127/tools/bin/../lib/gcc/arm-none-eabi/10.3.1/thumb/v7e-m+fp/hard/crtbegin.o

.rodata         0x0000000008005f2c      0x488
                0x0000000008005f2c                . = ALIGN (0x4)
 *(.rodata)
 .rodata        0x0000000008005f2c       0x94 ./Src/ansi.o
 .rodata        0x0000000008005fc0       0x1b ./Src/astroid.o
 *fill*         0x0000000008005fdb        0x1 
 .rodata        0x0000000008005fdc       0x34 ./Src/lcd.o
 .rodata        0x0000000008006010        0xb ./Src/main.o
 *fill*         0x000000000800601b        0x1 
 .rodata        0x000000000800601c       0xe1 ./Src/sprite.o
 *(.rodata*)
 *fill*         0x00000000080060fd        0x3 
 .rodata.character_data
                0x0000000008006100      0x1db ./Src/sets.o
                0x0000000008006100                character_data
 *fill*         0x00000000080062db        0x1 
 .rodata.customset
                0x00000000080062dc       0x3f ./Src/sets.o
                0x00000000080062dc                customset
 *fill*         0x000000000800631b        0x1 
 .rodata._global_impure_ptr
                0x000000000800631c        0x4 c:/st/stm32cubeide_1.9.0/stm32cubeide/plugins/com.st.stm32cube.ide.mcu.externaltools.gnu-tools-for-stm32.10.3-2021.10.win32_1.0.0.202111181127/tools/bin/../lib/gcc/arm-none-eabi/10.3.1/../../../../arm-none-eabi/lib/thumb/v7e-m+fp/hard\libc_nano.a(lib_a-impure.o)
                0x000000000800631c                _global_impure_ptr
 .rodata.__sf_fake_stderr
                0x0000000008006320       0x20 c:/st/stm32cubeide_1.9.0/stm32cubeide/plugins/com.st.stm32cube.ide.mcu.externaltools.gnu-tools-for-stm32.10.3-2021.10.win32_1.0.0.202111181127/tools/bin/../lib/gcc/arm-none-eabi/10.3.1/../../../../arm-none-eabi/lib/thumb/v7e-m+fp/hard\libc_nano.a(lib_a-findfp.o)
                0x0000000008006320                __sf_fake_stderr
 .rodata.__sf_fake_stdin
                0x0000000008006340       0x20 c:/st/stm32cubeide_1.9.0/stm32cubeide/plugins/com.st.stm32cube.ide.mcu.externaltools.gnu-tools-for-stm32.10.3-2021.10.win32_1.0.0.202111181127/tools/bin/../lib/gcc/arm-none-eabi/10.3.1/../../../../arm-none-eabi/lib/thumb/v7e-m+fp/hard\libc_nano.a(lib_a-findfp.o)
                0x0000000008006340                __sf_fake_stdin
 .rodata.__sf_fake_stdout
                0x0000000008006360       0x20 c:/st/stm32cubeide_1.9.0/stm32cubeide/plugins/com.st.stm32cube.ide.mcu.externaltools.gnu-tools-for-stm32.10.3-2021.10.win32_1.0.0.202111181127/tools/bin/../lib/gcc/arm-none-eabi/10.3.1/../../../../arm-none-eabi/lib/thumb/v7e-m+fp/hard\libc_nano.a(lib_a-findfp.o)
                0x0000000008006360                __sf_fake_stdout
 .rodata._svfprintf_r.str1.1
                0x0000000008006380       0x11 c:/st/stm32cubeide_1.9.0/stm32cubeide/plugins/com.st.stm32cube.ide.mcu.externaltools.gnu-tools-for-stm32.10.3-2021.10.win32_1.0.0.202111181127/tools/bin/../lib/gcc/arm-none-eabi/10.3.1/../../../../arm-none-eabi/lib/thumb/v7e-m+fp/hard\libc_nano.a(lib_a-nano-svfprintf.o)
 .rodata._vfprintf_r.str1.1
                0x0000000008006391       0x11 c:/st/stm32cubeide_1.9.0/stm32cubeide/plugins/com.st.stm32cube.ide.mcu.externaltools.gnu-tools-for-stm32.10.3-2021.10.win32_1.0.0.202111181127/tools/bin/../lib/gcc/arm-none-eabi/10.3.1/../../../../arm-none-eabi/lib/thumb/v7e-m+fp/hard\libc_nano.a(lib_a-nano-vfprintf.o)
 .rodata._printf_i.str1.1
                0x0000000008006391       0x22 c:/st/stm32cubeide_1.9.0/stm32cubeide/plugins/com.st.stm32cube.ide.mcu.externaltools.gnu-tools-for-stm32.10.3-2021.10.win32_1.0.0.202111181127/tools/bin/../lib/gcc/arm-none-eabi/10.3.1/../../../../arm-none-eabi/lib/thumb/v7e-m+fp/hard\libc_nano.a(lib_a-nano-vfprintf_i.o)
                0x00000000080063b4                . = ALIGN (0x4)
 *fill*         0x00000000080063b3        0x1 

.rel.dyn        0x00000000080063b4        0x0
 .rel.iplt      0x00000000080063b4        0x0 c:/st/stm32cubeide_1.9.0/stm32cubeide/plugins/com.st.stm32cube.ide.mcu.externaltools.gnu-tools-for-stm32.10.3-2021.10.win32_1.0.0.202111181127/tools/bin/../lib/gcc/arm-none-eabi/10.3.1/thumb/v7e-m+fp/hard/crtbegin.o

.ARM.extab      0x00000000080063b4        0x0
                0x00000000080063b4                . = ALIGN (0x4)
 *(.ARM.extab* .gnu.linkonce.armextab.*)
                0x00000000080063b4                . = ALIGN (0x4)

.ARM            0x00000000080063b4        0x0
                0x00000000080063b4                . = ALIGN (0x4)
                0x00000000080063b4                __exidx_start = .
 *(.ARM.exidx*)
                0x00000000080063b4                __exidx_end = .
                0x00000000080063b4                . = ALIGN (0x4)

.preinit_array  0x00000000080063b4        0x0
                0x00000000080063b4                . = ALIGN (0x4)
                0x00000000080063b4                PROVIDE (__preinit_array_start = .)
 *(.preinit_array*)
                0x00000000080063b4                PROVIDE (__preinit_array_end = .)
                0x00000000080063b4                . = ALIGN (0x4)

.init_array     0x00000000080063b4        0x4
                0x00000000080063b4                . = ALIGN (0x4)
                0x00000000080063b4                PROVIDE (__init_array_start = .)
 *(SORT_BY_NAME(.init_array.*))
 *(.init_array*)
 .init_array    0x00000000080063b4        0x4 c:/st/stm32cubeide_1.9.0/stm32cubeide/plugins/com.st.stm32cube.ide.mcu.externaltools.gnu-tools-for-stm32.10.3-2021.10.win32_1.0.0.202111181127/tools/bin/../lib/gcc/arm-none-eabi/10.3.1/thumb/v7e-m+fp/hard/crtbegin.o
                0x00000000080063b8                PROVIDE (__init_array_end = .)
                0x00000000080063b8                . = ALIGN (0x4)

.fini_array     0x00000000080063b8        0x4
                0x00000000080063b8                . = ALIGN (0x4)
                [!provide]                        PROVIDE (__fini_array_start = .)
 *(SORT_BY_NAME(.fini_array.*))
 *(.fini_array*)
 .fini_array    0x00000000080063b8        0x4 c:/st/stm32cubeide_1.9.0/stm32cubeide/plugins/com.st.stm32cube.ide.mcu.externaltools.gnu-tools-for-stm32.10.3-2021.10.win32_1.0.0.202111181127/tools/bin/../lib/gcc/arm-none-eabi/10.3.1/thumb/v7e-m+fp/hard/crtbegin.o
                [!provide]                        PROVIDE (__fini_array_end = .)
                0x00000000080063bc                . = ALIGN (0x4)
                0x00000000080063bc                _sidata = LOADADDR (.data)

.data           0x0000000020000000       0x98 load address 0x00000000080063bc
                0x0000000020000000                . = ALIGN (0x4)
                0x0000000020000000                _sdata = .
 *(.data)
 *(.data*)
 .data.APBAHBPrescTable
                0x0000000020000000       0x10 ./SPL/src/stm32f30x_rcc.o
 .data.ADCPrescTable
                0x0000000020000010       0x1a ./SPL/src/stm32f30x_rcc.o
 .data.position
                0x000000002000002a        0x2 ./Src/main.o
 .data.nextInterval.1
                0x000000002000002c        0x4 ./Src/timer.o
 .data.time.0   0x0000000020000030        0x4 ./Src/timer.o
 .data._impure_ptr
                0x0000000020000034        0x4 c:/st/stm32cubeide_1.9.0/stm32cubeide/plugins/com.st.stm32cube.ide.mcu.externaltools.gnu-tools-for-stm32.10.3-2021.10.win32_1.0.0.202111181127/tools/bin/../lib/gcc/arm-none-eabi/10.3.1/../../../../arm-none-eabi/lib/thumb/v7e-m+fp/hard\libc_nano.a(lib_a-impure.o)
                0x0000000020000034                _impure_ptr
 .data.impure_data
                0x0000000020000038       0x60 c:/st/stm32cubeide_1.9.0/stm32cubeide/plugins/com.st.stm32cube.ide.mcu.externaltools.gnu-tools-for-stm32.10.3-2021.10.win32_1.0.0.202111181127/tools/bin/../lib/gcc/arm-none-eabi/10.3.1/../../../../arm-none-eabi/lib/thumb/v7e-m+fp/hard\libc_nano.a(lib_a-impure.o)
                0x0000000020000098                . = ALIGN (0x4)
                0x0000000020000098                _edata = .

.igot.plt       0x0000000020000098        0x0 load address 0x0000000008006454
 .igot.plt      0x0000000020000098        0x0 c:/st/stm32cubeide_1.9.0/stm32cubeide/plugins/com.st.stm32cube.ide.mcu.externaltools.gnu-tools-for-stm32.10.3-2021.10.win32_1.0.0.202111181127/tools/bin/../lib/gcc/arm-none-eabi/10.3.1/thumb/v7e-m+fp/hard/crtbegin.o
                0x0000000020000098                . = ALIGN (0x4)

.bss            0x0000000020000098       0x4c load address 0x0000000008006454
                0x0000000020000098                _sbss = .
                0x0000000020000098                __bss_start__ = _sbss
 *(.bss)
 .bss           0x0000000020000098       0x1c c:/st/stm32cubeide_1.9.0/stm32cubeide/plugins/com.st.stm32cube.ide.mcu.externaltools.gnu-tools-for-stm32.10.3-2021.10.win32_1.0.0.202111181127/tools/bin/../lib/gcc/arm-none-eabi/10.3.1/thumb/v7e-m+fp/hard/crtbegin.o
 *(.bss*)
 .bss.flagF     0x00000000200000b4        0x2 ./Src/main.o
 .bss.flagE     0x00000000200000b6        0x2 ./Src/main.o
 .bss.flagR     0x00000000200000b8        0x2 ./Src/main.o
 *fill*         0x00000000200000ba        0x2 
 .bss.c1        0x00000000200000bc        0x4 ./Src/main.o
 .bss.c2        0x00000000200000c0        0x4 ./Src/main.o
 .bss.c3        0x00000000200000c4        0x4 ./Src/main.o
 .bss.score     0x00000000200000c8        0x2 ./Src/main.o
 .bss.highScore
                0x00000000200000ca        0x2 ./Src/main.o
 .bss.level     0x00000000200000cc        0x1 ./Src/main.o
 *fill*         0x00000000200000cd        0x3 
 .bss.heap_end.0
                0x00000000200000d0        0x4 ./Src/sysmem.o
 .bss.__lock___malloc_recursive_mutex
                0x00000000200000d4        0x1 c:/st/stm32cubeide_1.9.0/stm32cubeide/plugins/com.st.stm32cube.ide.mcu.externaltools.gnu-tools-for-stm32.10.3-2021.10.win32_1.0.0.202111181127/tools/bin/../lib/gcc/arm-none-eabi/10.3.1/../../../../arm-none-eabi/lib/thumb/v7e-m+fp/hard\libc_nano.a(lib_a-lock.o)
                0x00000000200000d4                __lock___malloc_recursive_mutex
 .bss.__lock___sfp_recursive_mutex
                0x00000000200000d5        0x1 c:/st/stm32cubeide_1.9.0/stm32cubeide/plugins/com.st.stm32cube.ide.mcu.externaltools.gnu-tools-for-stm32.10.3-2021.10.win32_1.0.0.202111181127/tools/bin/../lib/gcc/arm-none-eabi/10.3.1/../../../../arm-none-eabi/lib/thumb/v7e-m+fp/hard\libc_nano.a(lib_a-lock.o)
                0x00000000200000d5                __lock___sfp_recursive_mutex
 .bss.__lock___sinit_recursive_mutex
                0x00000000200000d6        0x1 c:/st/stm32cubeide_1.9.0/stm32cubeide/plugins/com.st.stm32cube.ide.mcu.externaltools.gnu-tools-for-stm32.10.3-2021.10.win32_1.0.0.202111181127/tools/bin/../lib/gcc/arm-none-eabi/10.3.1/../../../../arm-none-eabi/lib/thumb/v7e-m+fp/hard\libc_nano.a(lib_a-lock.o)
                0x00000000200000d6                __lock___sinit_recursive_mutex
 *fill*         0x00000000200000d7        0x1 
 .bss.__malloc_free_list
                0x00000000200000d8        0x4 c:/st/stm32cubeide_1.9.0/stm32cubeide/plugins/com.st.stm32cube.ide.mcu.externaltools.gnu-tools-for-stm32.10.3-2021.10.win32_1.0.0.202111181127/tools/bin/../lib/gcc/arm-none-eabi/10.3.1/../../../../arm-none-eabi/lib/thumb/v7e-m+fp/hard\libc_nano.a(lib_a-nano-mallocr.o)
                0x00000000200000d8                __malloc_free_list
 .bss.__malloc_sbrk_start
                0x00000000200000dc        0x4 c:/st/stm32cubeide_1.9.0/stm32cubeide/plugins/com.st.stm32cube.ide.mcu.externaltools.gnu-tools-for-stm32.10.3-2021.10.win32_1.0.0.202111181127/tools/bin/../lib/gcc/arm-none-eabi/10.3.1/../../../../arm-none-eabi/lib/thumb/v7e-m+fp/hard\libc_nano.a(lib_a-nano-mallocr.o)
                0x00000000200000dc                __malloc_sbrk_start
 .bss.errno     0x00000000200000e0        0x4 c:/st/stm32cubeide_1.9.0/stm32cubeide/plugins/com.st.stm32cube.ide.mcu.externaltools.gnu-tools-for-stm32.10.3-2021.10.win32_1.0.0.202111181127/tools/bin/../lib/gcc/arm-none-eabi/10.3.1/../../../../arm-none-eabi/lib/thumb/v7e-m+fp/hard\libc_nano.a(lib_a-reent.o)
                0x00000000200000e0                errno
 *(COMMON)
                0x00000000200000e4                . = ALIGN (0x4)
                0x00000000200000e4                _ebss = .
                0x00000000200000e4                __bss_end__ = _ebss

._user_heap_stack
                0x00000000200000e4      0x604 load address 0x0000000008006454
                0x00000000200000e8                . = ALIGN (0x8)
 *fill*         0x00000000200000e4        0x4 
                0x00000000200000e8                PROVIDE (end = .)
                [!provide]                        PROVIDE (_end = .)
                0x00000000200002e8                . = (. + _Min_Heap_Size)
 *fill*         0x00000000200000e8      0x200 
                0x00000000200006e8                . = (. + _Min_Stack_Size)
 *fill*         0x00000000200002e8      0x400 
                0x00000000200006e8                . = ALIGN (0x8)

/DISCARD/
 libc.a(*)
 libm.a(*)
 libgcc.a(*)

.ARM.attributes
                0x0000000000000000       0x30
 *(.ARM.attributes)
 .ARM.attributes
                0x0000000000000000       0x1e c:/st/stm32cubeide_1.9.0/stm32cubeide/plugins/com.st.stm32cube.ide.mcu.externaltools.gnu-tools-for-stm32.10.3-2021.10.win32_1.0.0.202111181127/tools/bin/../lib/gcc/arm-none-eabi/10.3.1/thumb/v7e-m+fp/hard/crti.o
 .ARM.attributes
                0x000000000000001e       0x34 c:/st/stm32cubeide_1.9.0/stm32cubeide/plugins/com.st.stm32cube.ide.mcu.externaltools.gnu-tools-for-stm32.10.3-2021.10.win32_1.0.0.202111181127/tools/bin/../lib/gcc/arm-none-eabi/10.3.1/thumb/v7e-m+fp/hard/crtbegin.o
 .ARM.attributes
                0x0000000000000052       0x34 ./SPL/src/stm32f30x_adc.o
 .ARM.attributes
                0x0000000000000086       0x34 ./SPL/src/stm32f30x_rcc.o
 .ARM.attributes
                0x00000000000000ba       0x34 ./SPL/src/stm32f30x_spi.o
 .ARM.attributes
                0x00000000000000ee       0x34 ./SPL/src/stm32f30x_usart.o
 .ARM.attributes
                0x0000000000000122       0x34 ./Src/30010_io.o
 .ARM.attributes
                0x0000000000000156       0x34 ./Src/Bullets.o
 .ARM.attributes
                0x000000000000018a       0x34 ./Src/analog.o
 .ARM.attributes
                0x00000000000001be       0x34 ./Src/ansi.o
 .ARM.attributes
                0x00000000000001f2       0x34 ./Src/astroid.o
 .ARM.attributes
                0x0000000000000226       0x34 ./Src/collision.o
 .ARM.attributes
                0x000000000000025a       0x34 ./Src/config.o
 .ARM.attributes
                0x000000000000028e       0x34 ./Src/enemy.o
 .ARM.attributes
                0x00000000000002c2       0x34 ./Src/gameBoard.o
 .ARM.attributes
                0x00000000000002f6       0x34 ./Src/lcd.o
 .ARM.attributes
                0x000000000000032a       0x34 ./Src/main.o
 .ARM.attributes
                0x000000000000035e       0x34 ./Src/player.o
 .ARM.attributes
                0x0000000000000392       0x34 ./Src/sets.o
 .ARM.attributes
                0x00000000000003c6       0x34 ./Src/sprite.o
 .ARM.attributes
                0x00000000000003fa       0x34 ./Src/syscalls.o
 .ARM.attributes
                0x000000000000042e       0x34 ./Src/sysmem.o
 .ARM.attributes
                0x0000000000000462       0x34 ./Src/system_stm32f30x.o
 .ARM.attributes
                0x0000000000000496       0x34 ./Src/timer.o
 .ARM.attributes
                0x00000000000004ca       0x21 ./Startup/startup_stm32f302r8tx.o
 .ARM.attributes
                0x00000000000004eb       0x34 c:/st/stm32cubeide_1.9.0/stm32cubeide/plugins/com.st.stm32cube.ide.mcu.externaltools.gnu-tools-for-stm32.10.3-2021.10.win32_1.0.0.202111181127/tools/bin/../lib/gcc/arm-none-eabi/10.3.1/../../../../arm-none-eabi/lib/thumb/v7e-m+fp/hard\libc_nano.a(lib_a-errno.o)
 .ARM.attributes
                0x000000000000051f       0x34 c:/st/stm32cubeide_1.9.0/stm32cubeide/plugins/com.st.stm32cube.ide.mcu.externaltools.gnu-tools-for-stm32.10.3-2021.10.win32_1.0.0.202111181127/tools/bin/../lib/gcc/arm-none-eabi/10.3.1/../../../../arm-none-eabi/lib/thumb/v7e-m+fp/hard\libc_nano.a(lib_a-impure.o)
 .ARM.attributes
                0x0000000000000553       0x34 c:/st/stm32cubeide_1.9.0/stm32cubeide/plugins/com.st.stm32cube.ide.mcu.externaltools.gnu-tools-for-stm32.10.3-2021.10.win32_1.0.0.202111181127/tools/bin/../lib/gcc/arm-none-eabi/10.3.1/../../../../arm-none-eabi/lib/thumb/v7e-m+fp/hard\libc_nano.a(lib_a-init.o)
 .ARM.attributes
                0x0000000000000587       0x34 c:/st/stm32cubeide_1.9.0/stm32cubeide/plugins/com.st.stm32cube.ide.mcu.externaltools.gnu-tools-for-stm32.10.3-2021.10.win32_1.0.0.202111181127/tools/bin/../lib/gcc/arm-none-eabi/10.3.1/../../../../arm-none-eabi/lib/thumb/v7e-m+fp/hard\libc_nano.a(lib_a-memset.o)
 .ARM.attributes
                0x00000000000005bb       0x34 c:/st/stm32cubeide_1.9.0/stm32cubeide/plugins/com.st.stm32cube.ide.mcu.externaltools.gnu-tools-for-stm32.10.3-2021.10.win32_1.0.0.202111181127/tools/bin/../lib/gcc/arm-none-eabi/10.3.1/../../../../arm-none-eabi/lib/thumb/v7e-m+fp/hard\libc_nano.a(lib_a-printf.o)
 .ARM.attributes
                0x00000000000005ef       0x34 c:/st/stm32cubeide_1.9.0/stm32cubeide/plugins/com.st.stm32cube.ide.mcu.externaltools.gnu-tools-for-stm32.10.3-2021.10.win32_1.0.0.202111181127/tools/bin/../lib/gcc/arm-none-eabi/10.3.1/../../../../arm-none-eabi/lib/thumb/v7e-m+fp/hard\libc_nano.a(lib_a-putchar.o)
 .ARM.attributes
                0x0000000000000623       0x34 c:/st/stm32cubeide_1.9.0/stm32cubeide/plugins/com.st.stm32cube.ide.mcu.externaltools.gnu-tools-for-stm32.10.3-2021.10.win32_1.0.0.202111181127/tools/bin/../lib/gcc/arm-none-eabi/10.3.1/../../../../arm-none-eabi/lib/thumb/v7e-m+fp/hard\libc_nano.a(lib_a-setbuf.o)
 .ARM.attributes
                0x0000000000000657       0x34 c:/st/stm32cubeide_1.9.0/stm32cubeide/plugins/com.st.stm32cube.ide.mcu.externaltools.gnu-tools-for-stm32.10.3-2021.10.win32_1.0.0.202111181127/tools/bin/../lib/gcc/arm-none-eabi/10.3.1/../../../../arm-none-eabi/lib/thumb/v7e-m+fp/hard\libc_nano.a(lib_a-setvbuf.o)
 .ARM.attributes
                0x000000000000068b       0x34 c:/st/stm32cubeide_1.9.0/stm32cubeide/plugins/com.st.stm32cube.ide.mcu.externaltools.gnu-tools-for-stm32.10.3-2021.10.win32_1.0.0.202111181127/tools/bin/../lib/gcc/arm-none-eabi/10.3.1/../../../../arm-none-eabi/lib/thumb/v7e-m+fp/hard\libc_nano.a(lib_a-sprintf.o)
 .ARM.attributes
                0x00000000000006bf       0x17 c:/st/stm32cubeide_1.9.0/stm32cubeide/plugins/com.st.stm32cube.ide.mcu.externaltools.gnu-tools-for-stm32.10.3-2021.10.win32_1.0.0.202111181127/tools/bin/../lib/gcc/arm-none-eabi/10.3.1/../../../../arm-none-eabi/lib/thumb/v7e-m+fp/hard\libc_nano.a(lib_a-strlen.o)
 .ARM.attributes
                0x00000000000006d6       0x34 c:/st/stm32cubeide_1.9.0/stm32cubeide/plugins/com.st.stm32cube.ide.mcu.externaltools.gnu-tools-for-stm32.10.3-2021.10.win32_1.0.0.202111181127/tools/bin/../lib/gcc/arm-none-eabi/10.3.1/../../../../arm-none-eabi/lib/thumb/v7e-m+fp/hard\libc_nano.a(lib_a-fflush.o)
 .ARM.attributes
                0x000000000000070a       0x34 c:/st/stm32cubeide_1.9.0/stm32cubeide/plugins/com.st.stm32cube.ide.mcu.externaltools.gnu-tools-for-stm32.10.3-2021.10.win32_1.0.0.202111181127/tools/bin/../lib/gcc/arm-none-eabi/10.3.1/../../../../arm-none-eabi/lib/thumb/v7e-m+fp/hard\libc_nano.a(lib_a-findfp.o)
 .ARM.attributes
                0x000000000000073e       0x34 c:/st/stm32cubeide_1.9.0/stm32cubeide/plugins/com.st.stm32cube.ide.mcu.externaltools.gnu-tools-for-stm32.10.3-2021.10.win32_1.0.0.202111181127/tools/bin/../lib/gcc/arm-none-eabi/10.3.1/../../../../arm-none-eabi/lib/thumb/v7e-m+fp/hard\libc_nano.a(lib_a-fwalk.o)
 .ARM.attributes
                0x0000000000000772       0x34 c:/st/stm32cubeide_1.9.0/stm32cubeide/plugins/com.st.stm32cube.ide.mcu.externaltools.gnu-tools-for-stm32.10.3-2021.10.win32_1.0.0.202111181127/tools/bin/../lib/gcc/arm-none-eabi/10.3.1/../../../../arm-none-eabi/lib/thumb/v7e-m+fp/hard\libc_nano.a(lib_a-lock.o)
 .ARM.attributes
                0x00000000000007a6       0x34 c:/st/stm32cubeide_1.9.0/stm32cubeide/plugins/com.st.stm32cube.ide.mcu.externaltools.gnu-tools-for-stm32.10.3-2021.10.win32_1.0.0.202111181127/tools/bin/../lib/gcc/arm-none-eabi/10.3.1/../../../../arm-none-eabi/lib/thumb/v7e-m+fp/hard\libc_nano.a(lib_a-makebuf.o)
 .ARM.attributes
                0x00000000000007da       0x34 c:/st/stm32cubeide_1.9.0/stm32cubeide/plugins/com.st.stm32cube.ide.mcu.externaltools.gnu-tools-for-stm32.10.3-2021.10.win32_1.0.0.202111181127/tools/bin/../lib/gcc/arm-none-eabi/10.3.1/../../../../arm-none-eabi/lib/thumb/v7e-m+fp/hard\libc_nano.a(lib_a-malloc.o)
 .ARM.attributes
                0x000000000000080e       0x34 c:/st/stm32cubeide_1.9.0/stm32cubeide/plugins/com.st.stm32cube.ide.mcu.externaltools.gnu-tools-for-stm32.10.3-2021.10.win32_1.0.0.202111181127/tools/bin/../lib/gcc/arm-none-eabi/10.3.1/../../../../arm-none-eabi/lib/thumb/v7e-m+fp/hard\libc_nano.a(lib_a-nano-freer.o)
 .ARM.attributes
                0x0000000000000842       0x34 c:/st/stm32cubeide_1.9.0/stm32cubeide/plugins/com.st.stm32cube.ide.mcu.externaltools.gnu-tools-for-stm32.10.3-2021.10.win32_1.0.0.202111181127/tools/bin/../lib/gcc/arm-none-eabi/10.3.1/../../../../arm-none-eabi/lib/thumb/v7e-m+fp/hard\libc_nano.a(lib_a-nano-mallocr.o)
 .ARM.attributes
                0x0000000000000876       0x34 c:/st/stm32cubeide_1.9.0/stm32cubeide/plugins/com.st.stm32cube.ide.mcu.externaltools.gnu-tools-for-stm32.10.3-2021.10.win32_1.0.0.202111181127/tools/bin/../lib/gcc/arm-none-eabi/10.3.1/../../../../arm-none-eabi/lib/thumb/v7e-m+fp/hard\libc_nano.a(lib_a-nano-svfprintf.o)
 .ARM.attributes
                0x00000000000008aa       0x34 c:/st/stm32cubeide_1.9.0/stm32cubeide/plugins/com.st.stm32cube.ide.mcu.externaltools.gnu-tools-for-stm32.10.3-2021.10.win32_1.0.0.202111181127/tools/bin/../lib/gcc/arm-none-eabi/10.3.1/../../../../arm-none-eabi/lib/thumb/v7e-m+fp/hard\libc_nano.a(lib_a-nano-vfprintf.o)
 .ARM.attributes
                0x00000000000008de       0x34 c:/st/stm32cubeide_1.9.0/stm32cubeide/plugins/com.st.stm32cube.ide.mcu.externaltools.gnu-tools-for-stm32.10.3-2021.10.win32_1.0.0.202111181127/tools/bin/../lib/gcc/arm-none-eabi/10.3.1/../../../../arm-none-eabi/lib/thumb/v7e-m+fp/hard\libc_nano.a(lib_a-nano-vfprintf_i.o)
 .ARM.attributes
                0x0000000000000912       0x34 c:/st/stm32cubeide_1.9.0/stm32cubeide/plugins/com.st.stm32cube.ide.mcu.externaltools.gnu-tools-for-stm32.10.3-2021.10.win32_1.0.0.202111181127/tools/bin/../lib/gcc/arm-none-eabi/10.3.1/../../../../arm-none-eabi/lib/thumb/v7e-m+fp/hard\libc_nano.a(lib_a-putc.o)
 .ARM.attributes
                0x0000000000000946       0x34 c:/st/stm32cubeide_1.9.0/stm32cubeide/plugins/com.st.stm32cube.ide.mcu.externaltools.gnu-tools-for-stm32.10.3-2021.10.win32_1.0.0.202111181127/tools/bin/../lib/gcc/arm-none-eabi/10.3.1/../../../../arm-none-eabi/lib/thumb/v7e-m+fp/hard\libc_nano.a(lib_a-sbrkr.o)
 .ARM.attributes
                0x000000000000097a       0x34 c:/st/stm32cubeide_1.9.0/stm32cubeide/plugins/com.st.stm32cube.ide.mcu.externaltools.gnu-tools-for-stm32.10.3-2021.10.win32_1.0.0.202111181127/tools/bin/../lib/gcc/arm-none-eabi/10.3.1/../../../../arm-none-eabi/lib/thumb/v7e-m+fp/hard\libc_nano.a(lib_a-stdio.o)
 .ARM.attributes
                0x00000000000009ae       0x34 c:/st/stm32cubeide_1.9.0/stm32cubeide/plugins/com.st.stm32cube.ide.mcu.externaltools.gnu-tools-for-stm32.10.3-2021.10.win32_1.0.0.202111181127/tools/bin/../lib/gcc/arm-none-eabi/10.3.1/../../../../arm-none-eabi/lib/thumb/v7e-m+fp/hard\libc_nano.a(lib_a-wbuf.o)
 .ARM.attributes
                0x00000000000009e2       0x34 c:/st/stm32cubeide_1.9.0/stm32cubeide/plugins/com.st.stm32cube.ide.mcu.externaltools.gnu-tools-for-stm32.10.3-2021.10.win32_1.0.0.202111181127/tools/bin/../lib/gcc/arm-none-eabi/10.3.1/../../../../arm-none-eabi/lib/thumb/v7e-m+fp/hard\libc_nano.a(lib_a-wsetup.o)
 .ARM.attributes
                0x0000000000000a16       0x34 c:/st/stm32cubeide_1.9.0/stm32cubeide/plugins/com.st.stm32cube.ide.mcu.externaltools.gnu-tools-for-stm32.10.3-2021.10.win32_1.0.0.202111181127/tools/bin/../lib/gcc/arm-none-eabi/10.3.1/../../../../arm-none-eabi/lib/thumb/v7e-m+fp/hard\libc_nano.a(lib_a-closer.o)
 .ARM.attributes
                0x0000000000000a4a       0x34 c:/st/stm32cubeide_1.9.0/stm32cubeide/plugins/com.st.stm32cube.ide.mcu.externaltools.gnu-tools-for-stm32.10.3-2021.10.win32_1.0.0.202111181127/tools/bin/../lib/gcc/arm-none-eabi/10.3.1/../../../../arm-none-eabi/lib/thumb/v7e-m+fp/hard\libc_nano.a(lib_a-fstatr.o)
 .ARM.attributes
                0x0000000000000a7e       0x34 c:/st/stm32cubeide_1.9.0/stm32cubeide/plugins/com.st.stm32cube.ide.mcu.externaltools.gnu-tools-for-stm32.10.3-2021.10.win32_1.0.0.202111181127/tools/bin/../lib/gcc/arm-none-eabi/10.3.1/../../../../arm-none-eabi/lib/thumb/v7e-m+fp/hard\libc_nano.a(lib_a-isattyr.o)
 .ARM.attributes
                0x0000000000000ab2       0x34 c:/st/stm32cubeide_1.9.0/stm32cubeide/plugins/com.st.stm32cube.ide.mcu.externaltools.gnu-tools-for-stm32.10.3-2021.10.win32_1.0.0.202111181127/tools/bin/../lib/gcc/arm-none-eabi/10.3.1/../../../../arm-none-eabi/lib/thumb/v7e-m+fp/hard\libc_nano.a(lib_a-lseekr.o)
 .ARM.attributes
                0x0000000000000ae6       0x1c c:/st/stm32cubeide_1.9.0/stm32cubeide/plugins/com.st.stm32cube.ide.mcu.externaltools.gnu-tools-for-stm32.10.3-2021.10.win32_1.0.0.202111181127/tools/bin/../lib/gcc/arm-none-eabi/10.3.1/../../../../arm-none-eabi/lib/thumb/v7e-m+fp/hard\libc_nano.a(lib_a-memchr.o)
 .ARM.attributes
                0x0000000000000b02       0x34 c:/st/stm32cubeide_1.9.0/stm32cubeide/plugins/com.st.stm32cube.ide.mcu.externaltools.gnu-tools-for-stm32.10.3-2021.10.win32_1.0.0.202111181127/tools/bin/../lib/gcc/arm-none-eabi/10.3.1/../../../../arm-none-eabi/lib/thumb/v7e-m+fp/hard\libc_nano.a(lib_a-memcpy-stub.o)
 .ARM.attributes
                0x0000000000000b36       0x34 c:/st/stm32cubeide_1.9.0/stm32cubeide/plugins/com.st.stm32cube.ide.mcu.externaltools.gnu-tools-for-stm32.10.3-2021.10.win32_1.0.0.202111181127/tools/bin/../lib/gcc/arm-none-eabi/10.3.1/../../../../arm-none-eabi/lib/thumb/v7e-m+fp/hard\libc_nano.a(lib_a-memmove.o)
 .ARM.attributes
                0x0000000000000b6a       0x34 c:/st/stm32cubeide_1.9.0/stm32cubeide/plugins/com.st.stm32cube.ide.mcu.externaltools.gnu-tools-for-stm32.10.3-2021.10.win32_1.0.0.202111181127/tools/bin/../lib/gcc/arm-none-eabi/10.3.1/../../../../arm-none-eabi/lib/thumb/v7e-m+fp/hard\libc_nano.a(lib_a-mlock.o)
 .ARM.attributes
                0x0000000000000b9e       0x34 c:/st/stm32cubeide_1.9.0/stm32cubeide/plugins/com.st.stm32cube.ide.mcu.externaltools.gnu-tools-for-stm32.10.3-2021.10.win32_1.0.0.202111181127/tools/bin/../lib/gcc/arm-none-eabi/10.3.1/../../../../arm-none-eabi/lib/thumb/v7e-m+fp/hard\libc_nano.a(lib_a-nano-reallocr.o)
 .ARM.attributes
                0x0000000000000bd2       0x34 c:/st/stm32cubeide_1.9.0/stm32cubeide/plugins/com.st.stm32cube.ide.mcu.externaltools.gnu-tools-for-stm32.10.3-2021.10.win32_1.0.0.202111181127/tools/bin/../lib/gcc/arm-none-eabi/10.3.1/../../../../arm-none-eabi/lib/thumb/v7e-m+fp/hard\libc_nano.a(lib_a-readr.o)
 .ARM.attributes
                0x0000000000000c06       0x34 c:/st/stm32cubeide_1.9.0/stm32cubeide/plugins/com.st.stm32cube.ide.mcu.externaltools.gnu-tools-for-stm32.10.3-2021.10.win32_1.0.0.202111181127/tools/bin/../lib/gcc/arm-none-eabi/10.3.1/../../../../arm-none-eabi/lib/thumb/v7e-m+fp/hard\libc_nano.a(lib_a-reent.o)
 .ARM.attributes
                0x0000000000000c3a       0x34 c:/st/stm32cubeide_1.9.0/stm32cubeide/plugins/com.st.stm32cube.ide.mcu.externaltools.gnu-tools-for-stm32.10.3-2021.10.win32_1.0.0.202111181127/tools/bin/../lib/gcc/arm-none-eabi/10.3.1/../../../../arm-none-eabi/lib/thumb/v7e-m+fp/hard\libc_nano.a(lib_a-nano-msizer.o)
 .ARM.attributes
                0x0000000000000c6e       0x1e c:/st/stm32cubeide_1.9.0/stm32cubeide/plugins/com.st.stm32cube.ide.mcu.externaltools.gnu-tools-for-stm32.10.3-2021.10.win32_1.0.0.202111181127/tools/bin/../lib/gcc/arm-none-eabi/10.3.1/thumb/v7e-m+fp/hard/crtn.o
OUTPUT(ArcadeGame.elf elf32-littlearm)
LOAD linker stubs
LOAD c:/st/stm32cubeide_1.9.0/stm32cubeide/plugins/com.st.stm32cube.ide.mcu.externaltools.gnu-tools-for-stm32.10.3-2021.10.win32_1.0.0.202111181127/tools/bin/../lib/gcc/arm-none-eabi/10.3.1/../../../../arm-none-eabi/lib/thumb/v7e-m+fp/hard\libc.a
LOAD c:/st/stm32cubeide_1.9.0/stm32cubeide/plugins/com.st.stm32cube.ide.mcu.externaltools.gnu-tools-for-stm32.10.3-2021.10.win32_1.0.0.202111181127/tools/bin/../lib/gcc/arm-none-eabi/10.3.1/../../../../arm-none-eabi/lib/thumb/v7e-m+fp/hard\libm.a
LOAD c:/st/stm32cubeide_1.9.0/stm32cubeide/plugins/com.st.stm32cube.ide.mcu.externaltools.gnu-tools-for-stm32.10.3-2021.10.win32_1.0.0.202111181127/tools/bin/../lib/gcc/arm-none-eabi/10.3.1/thumb/v7e-m+fp/hard\libgcc.a

.debug_info     0x0000000000000000     0x98e7
 .debug_info    0x0000000000000000     0x1432 ./SPL/src/stm32f30x_adc.o
 .debug_info    0x0000000000001432      0xb43 ./SPL/src/stm32f30x_rcc.o
 .debug_info    0x0000000000001f75      0xc4c ./SPL/src/stm32f30x_spi.o
 .debug_info    0x0000000000002bc1      0xfc5 ./SPL/src/stm32f30x_usart.o
 .debug_info    0x0000000000003b86     0x139f ./Src/30010_io.o
 .debug_info    0x0000000000004f25      0x52e ./Src/Bullets.o
 .debug_info    0x0000000000005453      0x51e ./Src/analog.o
 .debug_info    0x0000000000005971      0x3a2 ./Src/ansi.o
 .debug_info    0x0000000000005d13      0x551 ./Src/astroid.o
 .debug_info    0x0000000000006264      0x213 ./Src/collision.o
 .debug_info    0x0000000000006477      0x50f ./Src/config.o
 .debug_info    0x0000000000006986      0x57d ./Src/enemy.o
 .debug_info    0x0000000000006f03      0x128 ./Src/gameBoard.o
 .debug_info    0x000000000000702b      0x467 ./Src/lcd.o
 .debug_info    0x0000000000007492      0x94e ./Src/main.o
 .debug_info    0x0000000000007de0      0x1e8 ./Src/player.o
 .debug_info    0x0000000000007fc8       0xe5 ./Src/sets.o
 .debug_info    0x00000000000080ad      0x21b ./Src/sprite.o
 .debug_info    0x00000000000082c8      0x6ec ./Src/syscalls.o
 .debug_info    0x00000000000089b4      0x105 ./Src/sysmem.o
 .debug_info    0x0000000000008ab9      0x483 ./Src/system_stm32f30x.o
 .debug_info    0x0000000000008f3c      0x989 ./Src/timer.o
 .debug_info    0x00000000000098c5       0x22 ./Startup/startup_stm32f302r8tx.o

.debug_abbrev   0x0000000000000000     0x1f56
 .debug_abbrev  0x0000000000000000      0x1c4 ./SPL/src/stm32f30x_adc.o
 .debug_abbrev  0x00000000000001c4      0x203 ./SPL/src/stm32f30x_rcc.o
 .debug_abbrev  0x00000000000003c7      0x1bd ./SPL/src/stm32f30x_spi.o
 .debug_abbrev  0x0000000000000584      0x1a1 ./SPL/src/stm32f30x_usart.o
 .debug_abbrev  0x0000000000000725      0x381 ./Src/30010_io.o
 .debug_abbrev  0x0000000000000aa6      0x14f ./Src/Bullets.o
 .debug_abbrev  0x0000000000000bf5      0x152 ./Src/analog.o
 .debug_abbrev  0x0000000000000d47      0x136 ./Src/ansi.o
 .debug_abbrev  0x0000000000000e7d      0x1e2 ./Src/astroid.o
 .debug_abbrev  0x000000000000105f       0xd0 ./Src/collision.o
 .debug_abbrev  0x000000000000112f      0x10a ./Src/config.o
 .debug_abbrev  0x0000000000001239      0x1bf ./Src/enemy.o
 .debug_abbrev  0x00000000000013f8       0x9f ./Src/gameBoard.o
 .debug_abbrev  0x0000000000001497      0x139 ./Src/lcd.o
 .debug_abbrev  0x00000000000015d0      0x1f9 ./Src/main.o
 .debug_abbrev  0x00000000000017c9       0xd9 ./Src/player.o
 .debug_abbrev  0x00000000000018a2       0x64 ./Src/sets.o
 .debug_abbrev  0x0000000000001906       0xcb ./Src/sprite.o
 .debug_abbrev  0x00000000000019d1      0x1c4 ./Src/syscalls.o
 .debug_abbrev  0x0000000000001b95       0xbe ./Src/sysmem.o
 .debug_abbrev  0x0000000000001c53      0x141 ./Src/system_stm32f30x.o
 .debug_abbrev  0x0000000000001d94      0x1b0 ./Src/timer.o
 .debug_abbrev  0x0000000000001f44       0x12 ./Startup/startup_stm32f302r8tx.o

.debug_aranges  0x0000000000000000      0xac0
 .debug_aranges
                0x0000000000000000      0x210 ./SPL/src/stm32f30x_adc.o
 .debug_aranges
                0x0000000000000210      0x150 ./SPL/src/stm32f30x_rcc.o
 .debug_aranges
                0x0000000000000360      0x118 ./SPL/src/stm32f30x_spi.o
 .debug_aranges
                0x0000000000000478      0x1a0 ./SPL/src/stm32f30x_usart.o
 .debug_aranges
                0x0000000000000618       0x78 ./Src/30010_io.o
 .debug_aranges
                0x0000000000000690       0x58 ./Src/Bullets.o
 .debug_aranges
                0x00000000000006e8       0x28 ./Src/analog.o
 .debug_aranges
                0x0000000000000710       0x70 ./Src/ansi.o
 .debug_aranges
                0x0000000000000780       0x38 ./Src/astroid.o
 .debug_aranges
                0x00000000000007b8       0x20 ./Src/collision.o
 .debug_aranges
                0x00000000000007d8       0x30 ./Src/config.o
 .debug_aranges
                0x0000000000000808       0x38 ./Src/enemy.o
 .debug_aranges
                0x0000000000000840       0x28 ./Src/gameBoard.o
 .debug_aranges
                0x0000000000000868       0x40 ./Src/lcd.o
 .debug_aranges
                0x00000000000008a8       0x28 ./Src/main.o
 .debug_aranges
                0x00000000000008d0       0x38 ./Src/player.o
 .debug_aranges
                0x0000000000000908       0x18 ./Src/sets.o
 .debug_aranges
                0x0000000000000920       0x48 ./Src/sprite.o
 .debug_aranges
                0x0000000000000968       0xa8 ./Src/syscalls.o
 .debug_aranges
                0x0000000000000a10       0x20 ./Src/sysmem.o
 .debug_aranges
                0x0000000000000a30       0x30 ./Src/system_stm32f30x.o
 .debug_aranges
                0x0000000000000a60       0x38 ./Src/timer.o
 .debug_aranges
                0x0000000000000a98       0x28 ./Startup/startup_stm32f302r8tx.o

.debug_ranges   0x0000000000000000      0x950
 .debug_ranges  0x0000000000000000      0x200 ./SPL/src/stm32f30x_adc.o
 .debug_ranges  0x0000000000000200      0x140 ./SPL/src/stm32f30x_rcc.o
 .debug_ranges  0x0000000000000340      0x108 ./SPL/src/stm32f30x_spi.o
 .debug_ranges  0x0000000000000448      0x190 ./SPL/src/stm32f30x_usart.o
 .debug_ranges  0x00000000000005d8       0x68 ./Src/30010_io.o
 .debug_ranges  0x0000000000000640       0x48 ./Src/Bullets.o
 .debug_ranges  0x0000000000000688       0x18 ./Src/analog.o
 .debug_ranges  0x00000000000006a0       0x60 ./Src/ansi.o
 .debug_ranges  0x0000000000000700       0x28 ./Src/astroid.o
 .debug_ranges  0x0000000000000728       0x10 ./Src/collision.o
 .debug_ranges  0x0000000000000738       0x20 ./Src/config.o
 .debug_ranges  0x0000000000000758       0x28 ./Src/enemy.o
 .debug_ranges  0x0000000000000780       0x18 ./Src/gameBoard.o
 .debug_ranges  0x0000000000000798       0x30 ./Src/lcd.o
 .debug_ranges  0x00000000000007c8       0x18 ./Src/main.o
 .debug_ranges  0x00000000000007e0       0x28 ./Src/player.o
 .debug_ranges  0x0000000000000808       0x38 ./Src/sprite.o
 .debug_ranges  0x0000000000000840       0x98 ./Src/syscalls.o
 .debug_ranges  0x00000000000008d8       0x10 ./Src/sysmem.o
 .debug_ranges  0x00000000000008e8       0x20 ./Src/system_stm32f30x.o
 .debug_ranges  0x0000000000000908       0x28 ./Src/timer.o
 .debug_ranges  0x0000000000000930       0x20 ./Startup/startup_stm32f302r8tx.o

.debug_macro    0x0000000000000000    0x1304a
 .debug_macro   0x0000000000000000      0x1b3 ./SPL/src/stm32f30x_adc.o
 .debug_macro   0x00000000000001b3      0xa8a ./SPL/src/stm32f30x_adc.o
 .debug_macro   0x0000000000000c3d       0x7a ./SPL/src/stm32f30x_adc.o
 .debug_macro   0x0000000000000cb7       0x35 ./SPL/src/stm32f30x_adc.o
 .debug_macro   0x0000000000000cec       0x22 ./SPL/src/stm32f30x_adc.o
 .debug_macro   0x0000000000000d0e       0x8e ./SPL/src/stm32f30x_adc.o
 .debug_macro   0x0000000000000d9c       0x51 ./SPL/src/stm32f30x_adc.o
 .debug_macro   0x0000000000000ded      0x103 ./SPL/src/stm32f30x_adc.o
 .debug_macro   0x0000000000000ef0       0x6a ./SPL/src/stm32f30x_adc.o
 .debug_macro   0x0000000000000f5a      0x1df ./SPL/src/stm32f30x_adc.o
 .debug_macro   0x0000000000001139       0x18 ./SPL/src/stm32f30x_adc.o
 .debug_macro   0x0000000000001151       0x42 ./SPL/src/stm32f30x_adc.o
 .debug_macro   0x0000000000001193      0x8cb ./SPL/src/stm32f30x_adc.o
 .debug_macro   0x0000000000001a5e     0x769b ./SPL/src/stm32f30x_adc.o
 .debug_macro   0x00000000000090f9      0x3c9 ./SPL/src/stm32f30x_adc.o
 .debug_macro   0x00000000000094c2       0x46 ./SPL/src/stm32f30x_adc.o
 .debug_macro   0x0000000000009508      0x231 ./SPL/src/stm32f30x_adc.o
 .debug_macro   0x0000000000009739      0x196 ./SPL/src/stm32f30x_adc.o
 .debug_macro   0x00000000000098cf       0x8e ./SPL/src/stm32f30x_adc.o
 .debug_macro   0x000000000000995d      0x3a8 ./SPL/src/stm32f30x_adc.o
 .debug_macro   0x0000000000009d05      0x114 ./SPL/src/stm32f30x_adc.o
 .debug_macro   0x0000000000009e19      0x1e4 ./SPL/src/stm32f30x_adc.o
 .debug_macro   0x0000000000009ffd      0x1b6 ./SPL/src/stm32f30x_adc.o
 .debug_macro   0x000000000000a1b3      0x1df ./SPL/src/stm32f30x_adc.o
 .debug_macro   0x000000000000a392      0x29a ./SPL/src/stm32f30x_adc.o
 .debug_macro   0x000000000000a62c       0x70 ./SPL/src/stm32f30x_adc.o
 .debug_macro   0x000000000000a69c      0x10c ./SPL/src/stm32f30x_adc.o
 .debug_macro   0x000000000000a7a8       0xb8 ./SPL/src/stm32f30x_adc.o
 .debug_macro   0x000000000000a860      0x5c6 ./SPL/src/stm32f30x_adc.o
 .debug_macro   0x000000000000ae26      0x551 ./SPL/src/stm32f30x_adc.o
 .debug_macro   0x000000000000b377      0x3ab ./SPL/src/stm32f30x_adc.o
 .debug_macro   0x000000000000b722      0x8d8 ./SPL/src/stm32f30x_adc.o
 .debug_macro   0x000000000000bffa      0x364 ./SPL/src/stm32f30x_adc.o
 .debug_macro   0x000000000000c35e       0x34 ./SPL/src/stm32f30x_adc.o
 .debug_macro   0x000000000000c392       0x89 ./SPL/src/stm32f30x_adc.o
 .debug_macro   0x000000000000c41b       0x35 ./SPL/src/stm32f30x_adc.o
 .debug_macro   0x000000000000c450      0x5a6 ./SPL/src/stm32f30x_adc.o
 .debug_macro   0x000000000000c9f6      0x238 ./SPL/src/stm32f30x_rcc.o
 .debug_macro   0x000000000000cc2e      0x5c0 ./SPL/src/stm32f30x_rcc.o
 .debug_macro   0x000000000000d1ee      0x1b0 ./SPL/src/stm32f30x_spi.o
 .debug_macro   0x000000000000d39e      0x3a5 ./SPL/src/stm32f30x_spi.o
 .debug_macro   0x000000000000d743      0x1b3 ./SPL/src/stm32f30x_usart.o
 .debug_macro   0x000000000000d8f6      0x35e ./SPL/src/stm32f30x_usart.o
 .debug_macro   0x000000000000dc54      0x305 ./Src/30010_io.o
 .debug_macro   0x000000000000df59       0x52 ./Src/30010_io.o
 .debug_macro   0x000000000000dfab       0x1e ./Src/30010_io.o
 .debug_macro   0x000000000000dfc9       0x3c ./Src/30010_io.o
 .debug_macro   0x000000000000e005       0x34 ./Src/30010_io.o
 .debug_macro   0x000000000000e039       0x16 ./Src/30010_io.o
 .debug_macro   0x000000000000e04f       0x97 ./Src/30010_io.o
 .debug_macro   0x000000000000e0e6      0x341 ./Src/30010_io.o
 .debug_macro   0x000000000000e427       0xfd ./Src/30010_io.o
 .debug_macro   0x000000000000e524       0x10 ./Src/30010_io.o
 .debug_macro   0x000000000000e534       0x16 ./Src/30010_io.o
 .debug_macro   0x000000000000e54a       0x43 ./Src/30010_io.o
 .debug_macro   0x000000000000e58d       0x34 ./Src/30010_io.o
 .debug_macro   0x000000000000e5c1       0x10 ./Src/30010_io.o
 .debug_macro   0x000000000000e5d1       0x58 ./Src/30010_io.o
 .debug_macro   0x000000000000e629       0x71 ./Src/30010_io.o
 .debug_macro   0x000000000000e69a       0x1c ./Src/30010_io.o
 .debug_macro   0x000000000000e6b6      0x12a ./Src/30010_io.o
 .debug_macro   0x000000000000e7e0       0x10 ./Src/30010_io.o
 .debug_macro   0x000000000000e7f0       0x1c ./Src/30010_io.o
 .debug_macro   0x000000000000e80c       0x52 ./Src/30010_io.o
 .debug_macro   0x000000000000e85e       0x22 ./Src/30010_io.o
 .debug_macro   0x000000000000e880       0x10 ./Src/30010_io.o
 .debug_macro   0x000000000000e890       0x52 ./Src/30010_io.o
 .debug_macro   0x000000000000e8e2       0xd5 ./Src/30010_io.o
 .debug_macro   0x000000000000e9b7       0x1c ./Src/30010_io.o
 .debug_macro   0x000000000000e9d3       0x3d ./Src/30010_io.o
 .debug_macro   0x000000000000ea10       0x16 ./Src/30010_io.o
 .debug_macro   0x000000000000ea26      0x145 ./Src/30010_io.o
 .debug_macro   0x000000000000eb6b      0x3a7 ./Src/Bullets.o
 .debug_macro   0x000000000000ef12       0x10 ./Src/Bullets.o
 .debug_macro   0x000000000000ef22       0x16 ./Src/Bullets.o
 .debug_macro   0x000000000000ef38      0x3a7 ./Src/analog.o
 .debug_macro   0x000000000000f2df      0x3ad ./Src/ansi.o
 .debug_macro   0x000000000000f68c      0x3a7 ./Src/astroid.o
 .debug_macro   0x000000000000fa33      0x3a7 ./Src/collision.o
 .debug_macro   0x000000000000fdda      0x3a7 ./Src/config.o
 .debug_macro   0x0000000000010181      0x3a7 ./Src/enemy.o
 .debug_macro   0x0000000000010528      0x3a7 ./Src/gameBoard.o
 .debug_macro   0x00000000000108cf      0x3b7 ./Src/lcd.o
 .debug_macro   0x0000000000010c86      0x3a3 ./Src/main.o
 .debug_macro   0x0000000000011029      0x3a7 ./Src/player.o
 .debug_macro   0x00000000000113d0      0x3ad ./Src/sets.o
 .debug_macro   0x000000000001177d      0x3a7 ./Src/sprite.o
 .debug_macro   0x0000000000011b24      0x24c ./Src/syscalls.o
 .debug_macro   0x0000000000011d70       0x4c ./Src/syscalls.o
 .debug_macro   0x0000000000011dbc       0x94 ./Src/syscalls.o
 .debug_macro   0x0000000000011e50       0x57 ./Src/syscalls.o
 .debug_macro   0x0000000000011ea7      0x174 ./Src/syscalls.o
 .debug_macro   0x000000000001201b       0x10 ./Src/syscalls.o
 .debug_macro   0x000000000001202b       0x35 ./Src/syscalls.o
 .debug_macro   0x0000000000012060       0x10 ./Src/syscalls.o
 .debug_macro   0x0000000000012070       0x10 ./Src/syscalls.o
 .debug_macro   0x0000000000012080       0x35 ./Src/syscalls.o
 .debug_macro   0x00000000000120b5      0x12c ./Src/syscalls.o
 .debug_macro   0x00000000000121e1       0x16 ./Src/syscalls.o
 .debug_macro   0x00000000000121f7       0x16 ./Src/syscalls.o
 .debug_macro   0x000000000001220d       0x29 ./Src/syscalls.o
 .debug_macro   0x0000000000012236       0x10 ./Src/syscalls.o
 .debug_macro   0x0000000000012246      0x241 ./Src/syscalls.o
 .debug_macro   0x0000000000012487       0x1c ./Src/syscalls.o
 .debug_macro   0x00000000000124a3       0x10 ./Src/syscalls.o
 .debug_macro   0x00000000000124b3      0x189 ./Src/syscalls.o
 .debug_macro   0x000000000001263c       0x16 ./Src/syscalls.o
 .debug_macro   0x0000000000012652       0xce ./Src/syscalls.o
 .debug_macro   0x0000000000012720      0x1b1 ./Src/sysmem.o
 .debug_macro   0x00000000000128d1      0x23b ./Src/sysmem.o
 .debug_macro   0x0000000000012b0c      0x197 ./Src/system_stm32f30x.o
 .debug_macro   0x0000000000012ca3      0x3a7 ./Src/timer.o

.debug_line     0x0000000000000000     0xfd91
 .debug_line    0x0000000000000000     0x11a8 ./SPL/src/stm32f30x_adc.o
 .debug_line    0x00000000000011a8      0xee4 ./SPL/src/stm32f30x_rcc.o
 .debug_line    0x000000000000208c      0xc8e ./SPL/src/stm32f30x_spi.o
 .debug_line    0x0000000000002d1a      0xe2f ./SPL/src/stm32f30x_usart.o
 .debug_line    0x0000000000003b49      0xc5a ./Src/30010_io.o
 .debug_line    0x00000000000047a3      0xfe8 ./Src/Bullets.o
 .debug_line    0x000000000000578b      0x9e3 ./Src/analog.o
 .debug_line    0x000000000000616e      0xb8c ./Src/ansi.o
 .debug_line    0x0000000000006cfa      0xbce ./Src/astroid.o
 .debug_line    0x00000000000078c8      0xae9 ./Src/collision.o
 .debug_line    0x00000000000083b1      0xa41 ./Src/config.o
 .debug_line    0x0000000000008df2      0xc37 ./Src/enemy.o
 .debug_line    0x0000000000009a29      0xa86 ./Src/gameBoard.o
 .debug_line    0x000000000000a4af      0xbf8 ./Src/lcd.o
 .debug_line    0x000000000000b0a7      0xa92 ./Src/main.o
 .debug_line    0x000000000000bb39      0xdd6 ./Src/player.o
 .debug_line    0x000000000000c90f      0x983 ./Src/sets.o
 .debug_line    0x000000000000d292      0xa95 ./Src/sprite.o
 .debug_line    0x000000000000dd27      0x7ea ./Src/syscalls.o
 .debug_line    0x000000000000e511      0x572 ./Src/sysmem.o
 .debug_line    0x000000000000ea83      0x7e9 ./Src/system_stm32f30x.o
 .debug_line    0x000000000000f26c      0xaa1 ./Src/timer.o
 .debug_line    0x000000000000fd0d       0x84 ./Startup/startup_stm32f302r8tx.o

.debug_str      0x0000000000000000    0x5b3e7
 .debug_str     0x0000000000000000    0x53477 ./SPL/src/stm32f30x_adc.o
                                      0x53613 (size before relaxing)
 .debug_str     0x0000000000053477      0xa3e ./SPL/src/stm32f30x_rcc.o
                                      0x53631 (size before relaxing)
 .debug_str     0x0000000000053eb5      0x4c5 ./SPL/src/stm32f30x_spi.o
                                      0x5324e (size before relaxing)
 .debug_str     0x000000000005437a      0x7e8 ./SPL/src/stm32f30x_usart.o
                                      0x53545 (size before relaxing)
 .debug_str     0x0000000000054b62     0x48ce ./Src/30010_io.o
                                      0x57824 (size before relaxing)
 .debug_str     0x0000000000059430      0x22c ./Src/Bullets.o
                                      0x56e60 (size before relaxing)
 .debug_str     0x000000000005965c       0x2f ./Src/analog.o
                                      0x56efc (size before relaxing)
 .debug_str     0x000000000005968b       0x8e ./Src/ansi.o
                                      0x56dd6 (size before relaxing)
 .debug_str     0x0000000000059719       0x61 ./Src/astroid.o
                                      0x56f33 (size before relaxing)
 .debug_str     0x000000000005977a       0x28 ./Src/collision.o
                                      0x56d95 (size before relaxing)
 .debug_str     0x00000000000597a2       0x2b ./Src/config.o
                                      0x56eab (size before relaxing)
 .debug_str     0x00000000000597cd       0x50 ./Src/enemy.o
                                      0x56f33 (size before relaxing)
 .debug_str     0x000000000005981d       0x28 ./Src/gameBoard.o
                                      0x56d54 (size before relaxing)
 .debug_str     0x0000000000059845       0xdb ./Src/lcd.o
                                      0x56e32 (size before relaxing)
 .debug_str     0x0000000000059920      0x139 ./Src/main.o
                                      0x570a4 (size before relaxing)
 .debug_str     0x0000000000059a59       0x2e ./Src/player.o
                                      0x56da2 (size before relaxing)
 .debug_str     0x0000000000059a87        0xe ./Src/sets.o
                                      0x56d29 (size before relaxing)
 .debug_str     0x0000000000059a95       0x10 ./Src/sprite.o
                                      0x56d8b (size before relaxing)
 .debug_str     0x0000000000059aa5     0x1749 ./Src/syscalls.o
                                       0x8ad1 (size before relaxing)
 .debug_str     0x000000000005b1ee       0x31 ./Src/sysmem.o
                                       0x7798 (size before relaxing)
 .debug_str     0x000000000005b21f       0xda ./Src/system_stm32f30x.o
                                      0x52cc3 (size before relaxing)
 .debug_str     0x000000000005b2f9       0x36 ./Src/timer.o
                                      0x573a7 (size before relaxing)
 .debug_str     0x000000000005b32f       0xb8 ./Startup/startup_stm32f302r8tx.o

.comment        0x0000000000000000       0x50
 .comment       0x0000000000000000       0x50 ./SPL/src/stm32f30x_adc.o
                                         0x51 (size before relaxing)
 .comment       0x0000000000000050       0x51 ./SPL/src/stm32f30x_rcc.o
 .comment       0x0000000000000050       0x51 ./SPL/src/stm32f30x_spi.o
 .comment       0x0000000000000050       0x51 ./SPL/src/stm32f30x_usart.o
 .comment       0x0000000000000050       0x51 ./Src/30010_io.o
 .comment       0x0000000000000050       0x51 ./Src/Bullets.o
 .comment       0x0000000000000050       0x51 ./Src/analog.o
 .comment       0x0000000000000050       0x51 ./Src/ansi.o
 .comment       0x0000000000000050       0x51 ./Src/astroid.o
 .comment       0x0000000000000050       0x51 ./Src/collision.o
 .comment       0x0000000000000050       0x51 ./Src/config.o
 .comment       0x0000000000000050       0x51 ./Src/enemy.o
 .comment       0x0000000000000050       0x51 ./Src/gameBoard.o
 .comment       0x0000000000000050       0x51 ./Src/lcd.o